main.cpp:89:5:int main()	64	static
main.cpp:198:6:void SystemClock_Config()	96	static
main.cpp:240:13:void MX_I2S2_Init()	8	static
main.cpp:272:13:void MX_SPI1_Init()	8	static
main.cpp:310:13:void MX_TIM2_Init()	48	static
main.cpp:377:13:void MX_TSC_Init()	8	static
main.cpp:417:13:void MX_DMA_Init()	16	static
main.cpp:441:13:void MX_GPIO_Init()	64	static
main.cpp:528:6:void HAL_TIM_PWM_PulseFinishedHalfCpltCallback(TIM_HandleTypeDef*)	16	static
main.cpp:542:6:void Error_Handler()	8	static,ignoring_inline_asm
stl_vector.h:675:7:std::vector<_Tp, _Alloc>::~vector() [with _Tp = TouchState_enum; _Alloc = std::allocator<TouchState_enum>]	24	static
allocator.h:138:7:std::allocator< <template-parameter-1-1> >::allocator() [with _Tp = TouchState_enum]	16	static
allocator.h:153:7:std::allocator< <template-parameter-1-1> >::~allocator() [with _Tp = TouchState_enum]	16	static
stl_vector.h:507:7:std::vector<_Tp, _Alloc>::vector(std::vector<_Tp, _Alloc>::size_type, const allocator_type&) [with _Tp = TouchState_enum; _Alloc = std::allocator<TouchState_enum>]	32	static
stl_vector.h:706:7:std::vector<_Tp, _Alloc>& std::vector<_Tp, _Alloc>::operator=(std::vector<_Tp, _Alloc>&&) [with _Tp = TouchState_enum; _Alloc = std::allocator<TouchState_enum>]	32	static
stl_vector.h:1040:7:std::vector<_Tp, _Alloc>::reference std::vector<_Tp, _Alloc>::operator[](std::vector<_Tp, _Alloc>::size_type) [with _Tp = TouchState_enum; _Alloc = std::allocator<TouchState_enum>]	16	static
stl_vector.h:277:7:const _Tp_alloc_type& std::_Vector_base<_Tp, _Alloc>::_M_get_Tp_allocator() const [with _Tp = TouchState_enum; _Alloc = std::allocator<TouchState_enum>]	16	static
stl_vector.h:125:14:std::_Vector_base<TouchState_enum, std::allocator<TouchState_enum> >::_Vector_impl::~_Vector_impl()	16	static
stl_vector.h:300:7:std::_Vector_base<_Tp, _Alloc>::_Vector_base(std::size_t, const allocator_type&) [with _Tp = TouchState_enum; _Alloc = std::allocator<TouchState_enum>]	24	static
stl_vector.h:330:7:std::_Vector_base<_Tp, _Alloc>::~_Vector_base() [with _Tp = TouchState_enum; _Alloc = std::allocator<TouchState_enum>]	16	static
stl_vector.h:273:7:std::_Vector_base<_Tp, _Alloc>::_Tp_alloc_type& std::_Vector_base<_Tp, _Alloc>::_M_get_Tp_allocator() [with _Tp = TouchState_enum; _Alloc = std::allocator<TouchState_enum>]	16	static
stl_construct.h:203:5:void std::_Destroy(_ForwardIterator, _ForwardIterator, std::allocator<_T2>&) [with _ForwardIterator = TouchState_enum*; _Tp = TouchState_enum]	24	static
new_allocator.h:80:7:__gnu_cxx::new_allocator<_Tp>::new_allocator() [with _Tp = TouchState_enum]	16	static
new_allocator.h:89:7:__gnu_cxx::new_allocator<_Tp>::~new_allocator() [with _Tp = TouchState_enum]	16	static
stl_vector.h:1764:7:static std::vector<_Tp, _Alloc>::size_type std::vector<_Tp, _Alloc>::_S_check_init_len(std::vector<_Tp, _Alloc>::size_type, const allocator_type&) [with _Tp = TouchState_enum; _Alloc = std::allocator<TouchState_enum>]	32	static
stl_vector.h:1600:7:void std::vector<_Tp, _Alloc>::_M_default_initialize(std::vector<_Tp, _Alloc>::size_type) [with _Tp = TouchState_enum; _Alloc = std::allocator<TouchState_enum>]	24	static
move.h:99:5:constexpr typename std::remove_reference<_Tp>::type&& std::move(_Tp&&) [with _Tp = std::vector<TouchState_enum>&]	16	static
stl_vector.h:1812:7:void std::vector<_Tp, _Alloc>::_M_move_assign(std::vector<_Tp, _Alloc>&&, std::true_type) [with _Tp = TouchState_enum; _Alloc = std::allocator<TouchState_enum>]	48	static
allocator.h:141:7:std::allocator< <template-parameter-1-1> >::allocator(const std::allocator< <template-parameter-1-1> >&) [with _Tp = TouchState_enum]	16	static
stl_vector.h:133:2:std::_Vector_base<_Tp, _Alloc>::_Vector_impl::_Vector_impl(const _Tp_alloc_type&) [with _Tp = TouchState_enum; _Alloc = std::allocator<TouchState_enum>]	16	static
stl_vector.h:356:7:void std::_Vector_base<_Tp, _Alloc>::_M_create_storage(std::size_t) [with _Tp = TouchState_enum; _Alloc = std::allocator<TouchState_enum>]	16	static
stl_vector.h:347:7:void std::_Vector_base<_Tp, _Alloc>::_M_deallocate(std::_Vector_base<_Tp, _Alloc>::pointer, std::size_t) [with _Tp = TouchState_enum; _Alloc = std::allocator<TouchState_enum>]	24	static
stl_construct.h:127:5:void std::_Destroy(_ForwardIterator, _ForwardIterator) [with _ForwardIterator = TouchState_enum*]	16	static
stl_vector.h:1773:7:static std::vector<_Tp, _Alloc>::size_type std::vector<_Tp, _Alloc>::_S_max_size(const _Tp_alloc_type&) [with _Tp = TouchState_enum; _Alloc = std::allocator<TouchState_enum>]	24	static
stl_uninitialized.h:661:5:_ForwardIterator std::__uninitialized_default_n_a(_ForwardIterator, _Size, std::allocator<_Tp>&) [with _ForwardIterator = TouchState_enum*; _Size = unsigned int; _Tp = TouchState_enum]	24	static
stl_vector.h:281:7:std::_Vector_base<_Tp, _Alloc>::allocator_type std::_Vector_base<_Tp, _Alloc>::get_allocator() const [with _Tp = TouchState_enum; _Alloc = std::allocator<TouchState_enum>]	16	static
stl_vector.h:494:7:std::vector<_Tp, _Alloc>::vector(const allocator_type&) [with _Tp = TouchState_enum; _Alloc = std::allocator<TouchState_enum>]	16	static
stl_vector.h:114:2:void std::_Vector_base<_Tp, _Alloc>::_Vector_impl_data::_M_swap_data(std::_Vector_base<_Tp, _Alloc>::_Vector_impl_data&) [with _Tp = TouchState_enum; _Alloc = std::allocator<TouchState_enum>]	40	static
alloc_traits.h:553:17:void std::__alloc_on_move(_Alloc&, _Alloc&) [with _Alloc = std::allocator<TouchState_enum>]	24	static
new_allocator.h:83:7:__gnu_cxx::new_allocator<_Tp>::new_allocator(const __gnu_cxx::new_allocator<_Tp>&) [with _Tp = TouchState_enum]	16	static
stl_vector.h:94:2:std::_Vector_base<_Tp, _Alloc>::_Vector_impl_data::_Vector_impl_data() [with _Tp = TouchState_enum; _Alloc = std::allocator<TouchState_enum>]	16	static
stl_vector.h:340:7:std::_Vector_base<_Tp, _Alloc>::pointer std::_Vector_base<_Tp, _Alloc>::_M_allocate(std::size_t) [with _Tp = TouchState_enum; _Alloc = std::allocator<TouchState_enum>]	16	static
alloc_traits.h:469:7:static void std::allocator_traits<std::allocator<_Tp1> >::deallocate(std::allocator_traits<std::allocator<_Tp1> >::allocator_type&, std::allocator_traits<std::allocator<_Tp1> >::pointer, std::allocator_traits<std::allocator<_Tp1> >::size_type) [with _Tp = TouchState_enum]	24	static
stl_construct.h:117:9:static void std::_Destroy_aux<true>::__destroy(_ForwardIterator, _ForwardIterator) [with _ForwardIterator = TouchState_enum*]	16	static
alloc_traits.h:505:7:static std::allocator_traits<std::allocator<_Tp1> >::size_type std::allocator_traits<std::allocator<_Tp1> >::max_size(const allocator_type&) [with _Tp = TouchState_enum]	16	static
stl_algobase.h:198:5:constexpr const _Tp& std::min(const _Tp&, const _Tp&) [with _Tp = unsigned int]	16	static
stl_uninitialized.h:592:5:_ForwardIterator std::__uninitialized_default_n(_ForwardIterator, _Size) [with _ForwardIterator = TouchState_enum*; _Size = unsigned int]	24	static
stl_vector.h:290:7:std::_Vector_base<_Tp, _Alloc>::_Vector_base(const allocator_type&) [with _Tp = TouchState_enum; _Alloc = std::allocator<TouchState_enum>]	16	static
stl_vector.h:106:2:void std::_Vector_base<_Tp, _Alloc>::_Vector_impl_data::_M_copy_data(const std::_Vector_base<_Tp, _Alloc>::_Vector_impl_data&) [with _Tp = TouchState_enum; _Alloc = std::allocator<TouchState_enum>]	16	static
alloc_traits.h:545:17:void std::__do_alloc_on_move(_Alloc&, _Alloc&, std::true_type) [with _Alloc = std::allocator<TouchState_enum>]	24	static
alloc_traits.h:443:7:static _Tp* std::allocator_traits<std::allocator<_Tp1> >::allocate(std::allocator_traits<std::allocator<_Tp1> >::allocator_type&, std::allocator_traits<std::allocator<_Tp1> >::size_type) [with _Tp = TouchState_enum]	16	static
new_allocator.h:119:7:void __gnu_cxx::new_allocator<_Tp>::deallocate(__gnu_cxx::new_allocator<_Tp>::pointer, __gnu_cxx::new_allocator<_Tp>::size_type) [with _Tp = TouchState_enum]	24	static
new_allocator.h:132:7:__gnu_cxx::new_allocator<_Tp>::size_type __gnu_cxx::new_allocator<_Tp>::max_size() const [with _Tp = TouchState_enum]	16	static
stl_uninitialized.h:561:9:static _ForwardIterator std::__uninitialized_default_n_1<true>::__uninit_default_n(_ForwardIterator, _Size) [with _ForwardIterator = TouchState_enum*; _Size = unsigned int]	24	static
move.h:99:5:constexpr typename std::remove_reference<_Tp>::type&& std::move(_Tp&&) [with _Tp = std::allocator<TouchState_enum>&]	16	static
new_allocator.h:102:7:_Tp* __gnu_cxx::new_allocator<_Tp>::allocate(__gnu_cxx::new_allocator<_Tp>::size_type, const void*) [with _Tp = TouchState_enum]	24	static
stl_algobase.h:802:5:_OI std::fill_n(_OI, _Size, const _Tp&) [with _OI = TouchState_enum*; _Size = unsigned int; _Tp = TouchState_enum]	24	static
stl_algobase.h:280:5:_Iterator std::__niter_base(_Iterator) [with _Iterator = TouchState_enum*]	16	static
stl_algobase.h:295:5:_Iterator std::__niter_wrap(const _Iterator&, _Iterator) [with _Iterator = TouchState_enum*]	16	static
stl_algobase.h:756:5:typename __gnu_cxx::__enable_if<(! std::__is_scalar<_Tp>::__value), _OutputIterator>::__type std::__fill_n_a(_OutputIterator, _Size, const _Tp&) [with _OutputIterator = TouchState_enum*; _Size = unsigned int; _Tp = TouchState_enum]	32	static
main.cpp:551:1:void __static_initialization_and_destruction_0(int, int)	40	static
main.cpp:551:1:cpp)	8	static
main.cpp:551:1:cpp)	8	static
