stm32l0xx_hal_msp.c:77:6:HAL_MspInit	0	static
stm32l0xx_hal_msp.c:99:6:HAL_I2S_MspInit	56	static
stm32l0xx_hal_msp.c:162:6:HAL_I2S_MspDeInit	8	static
stm32l0xx_hal_msp.c:196:6:HAL_RNG_MspInit	8	static
stm32l0xx_hal_msp.c:218:6:HAL_RNG_MspDeInit	0	static
stm32l0xx_hal_msp.c:240:6:HAL_SPI_MspInit	40	static
stm32l0xx_hal_msp.c:312:6:HAL_SPI_MspDeInit	8	static
stm32l0xx_hal_msp.c:345:6:HAL_TIM_Base_MspInit	16	static
stm32l0xx_hal_msp.c:414:6:HAL_TIM_MspPostInit	32	static
stm32l0xx_hal_msp.c:448:6:HAL_TIM_Base_MspDeInit	8	static
