stm32l0xx_hal_i2s.c:1729:26:I2S_WaitFlagStateUntilTimeout	32	static
stm32l0xx_hal_i2s.c:458:13:HAL_I2S_MspInit	0	static
stm32l0xx_hal_i2s.c:252:19:HAL_I2S_Init	32	static
stm32l0xx_hal_i2s.c:474:13:HAL_I2S_MspDeInit	0	static
stm32l0xx_hal_i2s.c:414:19:HAL_I2S_DeInit	16	static
stm32l0xx_hal_i2s.c:737:19:HAL_I2S_Transmit	40	static
stm32l0xx_hal_i2s.c:857:19:HAL_I2S_Receive	40	static
stm32l0xx_hal_i2s.c:961:19:HAL_I2S_Transmit_IT	16	static
stm32l0xx_hal_i2s.c:1030:19:HAL_I2S_Receive_IT	16	static
stm32l0xx_hal_i2s.c:1096:19:HAL_I2S_Transmit_DMA	16	static
stm32l0xx_hal_i2s.c:1178:19:HAL_I2S_Receive_DMA	24	static
stm32l0xx_hal_i2s.c:1260:19:HAL_I2S_DMAPause	8	static
stm32l0xx_hal_i2s.c:1288:19:HAL_I2S_DMAResume	8	static
stm32l0xx_hal_i2s.c:1323:19:HAL_I2S_DMAStop	16	static
stm32l0xx_hal_i2s.c:1425:13:HAL_I2S_TxHalfCpltCallback	0	static
stm32l0xx_hal_i2s.c:1583:13:I2S_DMATxHalfCplt	8	static
stm32l0xx_hal_i2s.c:1441:13:HAL_I2S_TxCpltCallback	0	static
stm32l0xx_hal_i2s.c:1556:13:I2S_DMATxCplt	8	static
stm32l0xx_hal_i2s.c:1457:13:HAL_I2S_RxHalfCpltCallback	0	static
stm32l0xx_hal_i2s.c:1627:13:I2S_DMARxHalfCplt	8	static
stm32l0xx_hal_i2s.c:1473:13:HAL_I2S_RxCpltCallback	0	static
stm32l0xx_hal_i2s.c:1601:13:I2S_DMARxCplt	8	static
stm32l0xx_hal_i2s.c:1489:13:HAL_I2S_ErrorCallback	0	static
stm32l0xx_hal_i2s.c:1645:13:I2S_DMAError	8	static
stm32l0xx_hal_i2s.c:1365:6:HAL_I2S_IRQHandler	16	static
stm32l0xx_hal_i2s.c:1524:22:HAL_I2S_GetState	0	static
stm32l0xx_hal_i2s.c:1535:10:HAL_I2S_GetError	0	static
