stm32l0xx_hal_i2s.c:252:19:HAL_I2S_Init	40	static
stm32l0xx_hal_i2s.c:414:19:HAL_I2S_DeInit	16	static
stm32l0xx_hal_i2s.c:458:13:HAL_I2S_MspInit	16	static
stm32l0xx_hal_i2s.c:474:13:HAL_I2S_MspDeInit	16	static
stm32l0xx_hal_i2s.c:737:19:HAL_I2S_Transmit	40	static
stm32l0xx_hal_i2s.c:857:19:HAL_I2S_Receive	40	static
stm32l0xx_hal_i2s.c:961:19:HAL_I2S_Transmit_IT	32	static
stm32l0xx_hal_i2s.c:1030:19:HAL_I2S_Receive_IT	32	static
stm32l0xx_hal_i2s.c:1096:19:HAL_I2S_Transmit_DMA	32	static
stm32l0xx_hal_i2s.c:1178:19:HAL_I2S_Receive_DMA	40	static
stm32l0xx_hal_i2s.c:1260:19:HAL_I2S_DMAPause	16	static
stm32l0xx_hal_i2s.c:1288:19:HAL_I2S_DMAResume	16	static
stm32l0xx_hal_i2s.c:1323:19:HAL_I2S_DMAStop	16	static
stm32l0xx_hal_i2s.c:1365:6:HAL_I2S_IRQHandler	24	static
stm32l0xx_hal_i2s.c:1425:13:HAL_I2S_TxHalfCpltCallback	16	static
stm32l0xx_hal_i2s.c:1441:13:HAL_I2S_TxCpltCallback	16	static
stm32l0xx_hal_i2s.c:1457:13:HAL_I2S_RxHalfCpltCallback	16	static
stm32l0xx_hal_i2s.c:1473:13:HAL_I2S_RxCpltCallback	16	static
stm32l0xx_hal_i2s.c:1489:13:HAL_I2S_ErrorCallback	16	static
stm32l0xx_hal_i2s.c:1524:22:HAL_I2S_GetState	16	static
stm32l0xx_hal_i2s.c:1535:10:HAL_I2S_GetError	16	static
stm32l0xx_hal_i2s.c:1556:13:I2S_DMATxCplt	24	static
stm32l0xx_hal_i2s.c:1583:13:I2S_DMATxHalfCplt	24	static
stm32l0xx_hal_i2s.c:1601:13:I2S_DMARxCplt	24	static
stm32l0xx_hal_i2s.c:1627:13:I2S_DMARxHalfCplt	24	static
stm32l0xx_hal_i2s.c:1645:13:I2S_DMAError	24	static
stm32l0xx_hal_i2s.c:1672:13:I2S_Transmit_IT	16	static
stm32l0xx_hal_i2s.c:1699:13:I2S_Receive_IT	16	static
stm32l0xx_hal_i2s.c:1729:26:I2S_WaitFlagStateUntilTimeout	32	static
