stm32l0xx_hal_tsc.c:1039:17:TSC_extract_groups	16	static
stm32l0xx_hal_tsc.c:337:13:HAL_TSC_MspInit	0	static
stm32l0xx_hal_tsc.c:189:19:HAL_TSC_Init	16	static
stm32l0xx_hal_tsc.c:353:13:HAL_TSC_MspDeInit	0	static
stm32l0xx_hal_tsc.c:294:19:HAL_TSC_DeInit	16	static
stm32l0xx_hal_tsc.c:572:19:HAL_TSC_Start	8	static
stm32l0xx_hal_tsc.c:615:19:HAL_TSC_Start_IT	12	static
stm32l0xx_hal_tsc.c:669:19:HAL_TSC_Stop	12	static
stm32l0xx_hal_tsc.c:702:19:HAL_TSC_Stop_IT	12	static
stm32l0xx_hal_tsc.c:767:24:HAL_TSC_GroupGetStatus	0	static
stm32l0xx_hal_tsc.c:784:10:HAL_TSC_GroupGetValue	0	static
stm32l0xx_hal_tsc.c:819:19:HAL_TSC_IOConfig	16	static
stm32l0xx_hal_tsc.c:859:19:HAL_TSC_IODischarge	8	static
stm32l0xx_hal_tsc.c:908:22:HAL_TSC_GetState	8	static
stm32l0xx_hal_tsc.c:740:19:HAL_TSC_PollForAcquisition	16	static
stm32l0xx_hal_tsc.c:995:13:HAL_TSC_ConvCpltCallback	0	static
stm32l0xx_hal_tsc.c:1011:13:HAL_TSC_ErrorCallback	0	static
stm32l0xx_hal_tsc.c:950:6:HAL_TSC_IRQHandler	8	static
