Archive member included to satisfy reference by file (symbol)

/opt/st/stm32cubeide_1.6.1/plugins/com.st.stm32cube.ide.mcu.externaltools.gnu-tools-for-stm32.9-2020-q2-update.linux64_1.5.0.202011040924/tools/bin/../lib/gcc/arm-none-eabi/9.3.1/../../../../arm-none-eabi/lib/thumb/v6-m/nofp/libstdc++_nano.a(del_op.o)
                              Core/Src/TouchBoardGroup.o (operator delete(void*))
/opt/st/stm32cubeide_1.6.1/plugins/com.st.stm32cube.ide.mcu.externaltools.gnu-tools-for-stm32.9-2020-q2-update.linux64_1.5.0.202011040924/tools/bin/../lib/gcc/arm-none-eabi/9.3.1/../../../../arm-none-eabi/lib/thumb/v6-m/nofp/libstdc++_nano.a(new_op.o)
                              Core/Src/TouchBoardGroup.o (operator new(unsigned int))
/opt/st/stm32cubeide_1.6.1/plugins/com.st.stm32cube.ide.mcu.externaltools.gnu-tools-for-stm32.9-2020-q2-update.linux64_1.5.0.202011040924/tools/bin/../lib/gcc/arm-none-eabi/9.3.1/../../../../arm-none-eabi/lib/thumb/v6-m/nofp/libstdc++_nano.a(functexcept.o)
                              Core/Src/TouchBoardGroup.o (std::__throw_bad_alloc())
/opt/st/stm32cubeide_1.6.1/plugins/com.st.stm32cube.ide.mcu.externaltools.gnu-tools-for-stm32.9-2020-q2-update.linux64_1.5.0.202011040924/tools/bin/../lib/gcc/arm-none-eabi/9.3.1/../../../../arm-none-eabi/lib/thumb/v6-m/nofp/libstdc++_nano.a(snprintf_lite.o)
                              /opt/st/stm32cubeide_1.6.1/plugins/com.st.stm32cube.ide.mcu.externaltools.gnu-tools-for-stm32.9-2020-q2-update.linux64_1.5.0.202011040924/tools/bin/../lib/gcc/arm-none-eabi/9.3.1/../../../../arm-none-eabi/lib/thumb/v6-m/nofp/libstdc++_nano.a(functexcept.o) (__gnu_cxx::__snprintf_lite(char*, unsigned int, char const*, std::__va_list))
/opt/st/stm32cubeide_1.6.1/plugins/com.st.stm32cube.ide.mcu.externaltools.gnu-tools-for-stm32.9-2020-q2-update.linux64_1.5.0.202011040924/tools/bin/../lib/gcc/arm-none-eabi/9.3.1/../../../../arm-none-eabi/lib/thumb/v6-m/nofp/libstdc++_nano.a(new_handler.o)
                              /opt/st/stm32cubeide_1.6.1/plugins/com.st.stm32cube.ide.mcu.externaltools.gnu-tools-for-stm32.9-2020-q2-update.linux64_1.5.0.202011040924/tools/bin/../lib/gcc/arm-none-eabi/9.3.1/../../../../arm-none-eabi/lib/thumb/v6-m/nofp/libstdc++_nano.a(new_op.o) (std::get_new_handler())
/opt/st/stm32cubeide_1.6.1/plugins/com.st.stm32cube.ide.mcu.externaltools.gnu-tools-for-stm32.9-2020-q2-update.linux64_1.5.0.202011040924/tools/bin/../lib/gcc/arm-none-eabi/9.3.1/../../../../arm-none-eabi/lib/thumb/v6-m/nofp/libc_nano.a(lib_a-abort.o)
                              /opt/st/stm32cubeide_1.6.1/plugins/com.st.stm32cube.ide.mcu.externaltools.gnu-tools-for-stm32.9-2020-q2-update.linux64_1.5.0.202011040924/tools/bin/../lib/gcc/arm-none-eabi/9.3.1/../../../../arm-none-eabi/lib/thumb/v6-m/nofp/libstdc++_nano.a(new_op.o) (abort)
/opt/st/stm32cubeide_1.6.1/plugins/com.st.stm32cube.ide.mcu.externaltools.gnu-tools-for-stm32.9-2020-q2-update.linux64_1.5.0.202011040924/tools/bin/../lib/gcc/arm-none-eabi/9.3.1/../../../../arm-none-eabi/lib/thumb/v6-m/nofp/libc_nano.a(lib_a-errno.o)
                              Core/Src/syscalls.o (__errno)
/opt/st/stm32cubeide_1.6.1/plugins/com.st.stm32cube.ide.mcu.externaltools.gnu-tools-for-stm32.9-2020-q2-update.linux64_1.5.0.202011040924/tools/bin/../lib/gcc/arm-none-eabi/9.3.1/../../../../arm-none-eabi/lib/thumb/v6-m/nofp/libc_nano.a(lib_a-exit.o)
                              /opt/st/stm32cubeide_1.6.1/plugins/com.st.stm32cube.ide.mcu.externaltools.gnu-tools-for-stm32.9-2020-q2-update.linux64_1.5.0.202011040924/tools/bin/../lib/gcc/arm-none-eabi/9.3.1/../../../../arm-none-eabi/lib/thumb/v6-m/nofp/crt0.o (exit)
/opt/st/stm32cubeide_1.6.1/plugins/com.st.stm32cube.ide.mcu.externaltools.gnu-tools-for-stm32.9-2020-q2-update.linux64_1.5.0.202011040924/tools/bin/../lib/gcc/arm-none-eabi/9.3.1/../../../../arm-none-eabi/lib/thumb/v6-m/nofp/libc_nano.a(lib_a-impure.o)
                              /opt/st/stm32cubeide_1.6.1/plugins/com.st.stm32cube.ide.mcu.externaltools.gnu-tools-for-stm32.9-2020-q2-update.linux64_1.5.0.202011040924/tools/bin/../lib/gcc/arm-none-eabi/9.3.1/../../../../arm-none-eabi/lib/thumb/v6-m/nofp/libc_nano.a(lib_a-exit.o) (_global_impure_ptr)
/opt/st/stm32cubeide_1.6.1/plugins/com.st.stm32cube.ide.mcu.externaltools.gnu-tools-for-stm32.9-2020-q2-update.linux64_1.5.0.202011040924/tools/bin/../lib/gcc/arm-none-eabi/9.3.1/../../../../arm-none-eabi/lib/thumb/v6-m/nofp/libc_nano.a(lib_a-init.o)
                              /opt/st/stm32cubeide_1.6.1/plugins/com.st.stm32cube.ide.mcu.externaltools.gnu-tools-for-stm32.9-2020-q2-update.linux64_1.5.0.202011040924/tools/bin/../lib/gcc/arm-none-eabi/9.3.1/../../../../arm-none-eabi/lib/thumb/v6-m/nofp/crt0.o (__libc_init_array)
/opt/st/stm32cubeide_1.6.1/plugins/com.st.stm32cube.ide.mcu.externaltools.gnu-tools-for-stm32.9-2020-q2-update.linux64_1.5.0.202011040924/tools/bin/../lib/gcc/arm-none-eabi/9.3.1/../../../../arm-none-eabi/lib/thumb/v6-m/nofp/libc_nano.a(lib_a-malloc.o)
[...]
Memory Configuration

Name             Origin             Length             Attributes
RAM              0x0000000020000000 0x0000000000005000 xrw
FLASH            0x0000000008000000 0x0000000000020000 xr
*default*        0x0000000000000000 0xffffffffffffffff

Linker script and memory map

LOAD /opt/st/stm32cubeide_1.6.1/plugins/com.st.stm32cube.ide.mcu.externaltools.gnu-tools-for-stm32.9-2020-q2-update.linux64_1.5.0.202011040924/tools/bin/../lib/gcc/arm-none-eabi/9.3.1/thumb/v6-m/nofp/crti.o
LOAD /opt/st/stm32cubeide_1.6.1/plugins/com.st.stm32cube.ide.mcu.externaltools.gnu-tools-for-stm32.9-2020-q2-update.linux64_1.5.0.202011040924/tools/bin/../lib/gcc/arm-none-eabi/9.3.1/thumb/v6-m/nofp/crtbegin.o
LOAD /opt/st/stm32cubeide_1.6.1/plugins/com.st.stm32cube.ide.mcu.externaltools.gnu-tools-for-stm32.9-2020-q2-update.linux64_1.5.0.202011040924/tools/bin/../lib/gcc/arm-none-eabi/9.3.1/../../../../arm-none-eabi/lib/thumb/v6-m/nofp/crt0.o
LOAD Core/Src/NeoPixel.o
LOAD Core/Src/TouchBoard.o
LOAD Core/Src/TouchBoardGroup.o
LOAD Core/Src/main.o
LOAD Core/Src/stm32l0xx_hal_msp.o
LOAD Core/Src/stm32l0xx_it.o
LOAD Core/Src/syscalls.o
LOAD Core/Src/sysmem.o
LOAD Core/Src/system_stm32l0xx.o
LOAD Core/Src/wav_player.o
LOAD Core/Startup/startup_stm32l072vbtx.o
LOAD Drivers/STM32L0xx_HAL_Driver/Src/stm32l0xx_hal.o
LOAD Drivers/STM32L0xx_HAL_Driver/Src/stm32l0xx_hal_cortex.o
LOAD Drivers/STM32L0xx_HAL_Driver/Src/stm32l0xx_hal_dma.o
LOAD Drivers/STM32L0xx_HAL_Driver/Src/stm32l0xx_hal_flash.o
LOAD Drivers/STM32L0xx_HAL_Driver/Src/stm32l0xx_hal_flash_ex.o
LOAD Drivers/STM32L0xx_HAL_Driver/Src/stm32l0xx_hal_flash_ramfunc.o
LOAD Drivers/STM32L0xx_HAL_Driver/Src/stm32l0xx_hal_gpio.o
LOAD Drivers/STM32L0xx_HAL_Driver/Src/stm32l0xx_hal_i2c.o
LOAD Drivers/STM32L0xx_HAL_Driver/Src/stm32l0xx_hal_i2c_ex.o
LOAD Drivers/STM32L0xx_HAL_Driver/Src/stm32l0xx_hal_i2s.o
LOAD Drivers/STM32L0xx_HAL_Driver/Src/stm32l0xx_hal_pwr.o
LOAD Drivers/STM32L0xx_HAL_Driver/Src/stm32l0xx_hal_pwr_ex.o
LOAD Drivers/STM32L0xx_HAL_Driver/Src/stm32l0xx_hal_rcc.o
LOAD Drivers/STM32L0xx_HAL_Driver/Src/stm32l0xx_hal_rcc_ex.o
LOAD Drivers/STM32L0xx_HAL_Driver/Src/stm32l0xx_hal_spi.o
LOAD Drivers/STM32L0xx_HAL_Driver/Src/stm32l0xx_hal_tim.o
LOAD Drivers/STM32L0xx_HAL_Driver/Src/stm32l0xx_hal_tim_ex.o
LOAD Drivers/STM32L0xx_HAL_Driver/Src/stm32l0xx_hal_tsc.o
LOAD Middlewares/ST/STM32_TouchSensing_Library/src/tsl.o
LOAD Middlewares/ST/STM32_TouchSensing_Library/src/tsl_acq.o
LOAD Middlewares/ST/STM32_TouchSensing_Library/src/tsl_acq_tsc.o
LOAD Middlewares/ST/STM32_TouchSensing_Library/src/tsl_dxs.o
LOAD Middlewares/ST/STM32_TouchSensing_Library/src/tsl_ecs.o
LOAD Middlewares/ST/STM32_TouchSensing_Library/src/tsl_filter.o
LOAD Middlewares/ST/STM32_TouchSensing_Library/src/tsl_globals.o
LOAD Middlewares/ST/STM32_TouchSensing_Library/src/tsl_linrot.o
LOAD Middlewares/ST/STM32_TouchSensing_Library/src/tsl_object.o
LOAD Middlewares/ST/STM32_TouchSensing_Library/src/tsl_time.o
LOAD Middlewares/ST/STM32_TouchSensing_Library/src/tsl_touchkey.o
LOAD Middlewares/Third_Party/FatFs/src/ccsbcs.o
LOAD Middlewares/Third_Party/FatFs/src/diskio.o
LOAD Middlewares/Third_Party/FatFs/src/fat_sd_spi.o
LOAD Middlewares/Third_Party/FatFs/src/ff.o
LOAD Middlewares/Third_Party/FatFs/src/syscall.o
LOAD Middlewares/Third_Party/FatFs/src/unicode.o
LOAD TOUCHSENSING/App/stmCriticalSection.o
LOAD TOUCHSENSING/App/touchsensing.o
LOAD TOUCHSENSING/App/tsl_user.o
START GROUP
LOAD /opt/st/stm32cubeide_1.6.1/plugins/com.st.stm32cube.ide.mcu.externaltools.gnu-tools-for-stm32.9-2020-q2-update.linux64_1.5.0.202011040924/tools/bin/../lib/gcc/arm-none-eabi/9.3.1/../../../../arm-none-eabi/lib/thumb/v6-m/nofp/libstdc++_nano.a
LOAD /opt/st/stm32cubeide_1.6.1/plugins/com.st.stm32cube.ide.mcu.externaltools.gnu-tools-for-stm32.9-2020-q2-update.linux64_1.5.0.202011040924/tools/bin/../lib/gcc/arm-none-eabi/9.3.1/../../../../arm-none-eabi/lib/thumb/v6-m/nofp/libsupc++_nano.a
END GROUP
LOAD /opt/st/stm32cubeide_1.6.1/plugins/com.st.stm32cube.ide.mcu.externaltools.gnu-tools-for-stm32.9-2020-q2-update.linux64_1.5.0.202011040924/tools/bin/../lib/gcc/arm-none-eabi/9.3.1/../../../../arm-none-eabi/lib/thumb/v6-m/nofp/libstdc++_nano.a
LOAD /opt/st/stm32cubeide_1.6.1/plugins/com.st.stm32cube.ide.mcu.externaltools.gnu-tools-for-stm32.9-2020-q2-update.linux64_1.5.0.202011040924/tools/bin/../lib/gcc/arm-none-eabi/9.3.1/../../../../arm-none-eabi/lib/thumb/v6-m/nofp/libm.a
LOAD /opt/st/stm32cubeide_1.6.1/plugins/com.st.stm32cube.ide.mcu.externaltools.gnu-tools-for-stm32.9-2020-q2-update.linux64_1.5.0.202011040924/tools/bin/../lib/gcc/arm-none-eabi/9.3.1/../../../../arm-none-eabi/lib/thumb/v6-m/nofp/libc_nano.a
START GROUP
LOAD /opt/st/stm32cubeide_1.6.1/plugins/com.st.stm32cube.ide.mcu.externaltools.gnu-tools-for-stm32.9-2020-q2-update.linux64_1.5.0.202011040924/tools/bin/../lib/gcc/arm-none-eabi/9.3.1/thumb/v6-m/nofp/libgcc.a
LOAD /opt/st/stm32cubeide_1.6.1/plugins/com.st.stm32cube.ide.mcu.externaltools.gnu-tools-for-stm32.9-2020-q2-update.linux64_1.5.0.202011040924/tools/bin/../lib/gcc/arm-none-eabi/9.3.1/../../../../arm-none-eabi/lib/thumb/v6-m/nofp/libc_nano.a
END GROUP
START GROUP
LOAD /opt/st/stm32cubeide_1.6.1/plugins/com.st.stm32cube.ide.mcu.externaltools.gnu-tools-for-stm32.9-2020-q2-update.linux64_1.5.0.202011040924/tools/bin/../lib/gcc/arm-none-eabi/9.3.1/thumb/v6-m/nofp/libgcc.a
LOAD /opt/st/stm32cubeide_1.6.1/plugins/com.st.stm32cube.ide.mcu.externaltools.gnu-tools-for-stm32.9-2020-q2-update.linux64_1.5.0.202011040924/tools/bin/../lib/gcc/arm-none-eabi/9.3.1/../../../../arm-none-eabi/lib/thumb/v6-m/nofp/libc_nano.a
LOAD /opt/st/stm32cubeide_1.6.1/plugins/com.st.stm32cube.ide.mcu.externaltools.gnu-tools-for-stm32.9-2020-q2-update.linux64_1.5.0.202011040924/tools/bin/../lib/gcc/arm-none-eabi/9.3.1/../../../../arm-none-eabi/lib/thumb/v6-m/nofp/libnosys.a
END GROUP
START GROUP
LOAD /opt/st/stm32cubeide_1.6.1/plugins/com.st.stm32cube.ide.mcu.externaltools.gnu-tools-for-stm32.9-2020-q2-update.linux64_1.5.0.202011040924/tools/bin/../lib/gcc/arm-none-eabi/9.3.1/thumb/v6-m/nofp/libgcc.a
LOAD /opt/st/stm32cubeide_1.6.1/plugins/com.st.stm32cube.ide.mcu.externaltools.gnu-tools-for-stm32.9-2020-q2-update.linux64_1.5.0.202011040924/tools/bin/../lib/gcc/arm-none-eabi/9.3.1/../../../../arm-none-eabi/lib/thumb/v6-m/nofp/libc_nano.a
LOAD /opt/st/stm32cubeide_1.6.1/plugins/com.st.stm32cube.ide.mcu.externaltools.gnu-tools-for-stm32.9-2020-q2-update.linux64_1.5.0.202011040924/tools/bin/../lib/gcc/arm-none-eabi/9.3.1/../../../../arm-none-eabi/lib/thumb/v6-m/nofp/libnosys.a
END GROUP
LOAD /opt/st/stm32cubeide_1.6.1/plugins/com.st.stm32cube.ide.mcu.externaltools.gnu-tools-for-stm32.9-2020-q2-update.linux64_1.5.0.202011040924/tools/bin/../lib/gcc/arm-none-eabi/9.3.1/thumb/v6-m/nofp/crtend.o
LOAD /opt/st/stm32cubeide_1.6.1/plugins/com.st.stm32cube.ide.mcu.externaltools.gnu-tools-for-stm32.9-2020-q2-update.linux64_1.5.0.202011040924/tools/bin/../lib/gcc/arm-none-eabi/9.3.1/thumb/v6-m/nofp/crtn.o
                0x0000000020005000                _estack = (ORIGIN (RAM) + LENGTH (RAM))
                0x0000000000000200                _Min_Heap_Size = 0x200
                0x0000000000000400                _Min_Stack_Size = 0x400

.isr_vector     0x0000000008000000       0xc0
                0x0000000008000000                . = ALIGN (0x4)
 *(.isr_vector)
 .isr_vector    0x0000000008000000       0xc0 Core/Startup/startup_stm32l072vbtx.o
                0x0000000008000000                g_pfnVectors
                0x00000000080000c0                . = ALIGN (0x4)

.text           0x00000000080000c0     0x566c
                0x00000000080000c0                . = ALIGN (0x4)
 *(.text)
 .text          0x00000000080000c0       0x48 /opt/st/stm32cubeide_1.6.1/plugins/com.st.stm32cube.ide.mcu.externaltools.gnu-tools-for-stm32.9-2020-q2-update.linux64_1.5.0.202011040924/tools/bin/../lib/gcc/arm-none-eabi/9.3.1/thumb/v6-m/nofp/crtbegin.o
 .text          0x0000000008000108       0x14 /opt/st/stm32cubeide_1.6.1/plugins/com.st.stm32cube.ide.mcu.externaltools.gnu-tools-for-stm32.9-2020-q2-update.linux64_1.5.0.202011040924/tools/bin/../lib/gcc/arm-none-eabi/9.3.1/thumb/v6-m/nofp/libgcc.a(_thumb1_case_uqi.o)
                0x0000000008000108                __gnu_thumb1_case_uqi
 .text          0x000000000800011c      0x114 /opt/st/stm32cubeide_1.6.1/plugins/com.st.stm32cube.ide.mcu.externaltools.gnu-tools-for-stm32.9-2020-q2-update.linux64_1.5.0.202011040924/tools/bin/../lib/gcc/arm-none-eabi/9.3.1/thumb/v6-m/nofp/libgcc.a(_udivsi3.o)
                0x000000000800011c                __udivsi3
                0x000000000800011c                __aeabi_uidiv
                0x0000000008000228                __aeabi_uidivmod
 .text          0x0000000008000230        0x4 /opt/st/stm32cubeide_1.6.1/plugins/com.st.stm32cube.ide.mcu.externaltools.gnu-tools-for-stm32.9-2020-q2-update.linux64_1.5.0.202011040924/tools/bin/../lib/gcc/arm-none-eabi/9.3.1/thumb/v6-m/nofp/libgcc.a(_dvmd_tls.o)
                0x0000000008000230                __aeabi_ldiv0
                0x0000000008000230                __aeabi_idiv0
 *(.text*)
 .text._ZN8NeoPixelC2EtR17TIM_HandleTypeDefmR19__DMA_HandleTypeDef
                0x0000000008000234       0x50 Core/Src/NeoPixel.o
                0x0000000008000234                NeoPixel::NeoPixel(unsigned short, TIM_HandleTypeDef&, unsigned long, __DMA_HandleTypeDef&)
                0x0000000008000234                NeoPixel::NeoPixel(unsigned short, TIM_HandleTypeDef&, unsigned long, __DMA_HandleTypeDef&)
 .text._ZN8NeoPixelD2Ev
                0x0000000008000284       0x12 Core/Src/NeoPixel.o
                0x0000000008000284                NeoPixel::~NeoPixel()
                0x0000000008000284                NeoPixel::~NeoPixel()
 .text._ZN8NeoPixel12updateLengthEt
                0x0000000008000296       0x40 Core/Src/NeoPixel.o
                0x0000000008000296                NeoPixel::updateLength(unsigned short)
 .text._ZN8NeoPixel13setPixelColorEthhh
                0x00000000080002d6       0x70 Core/Src/NeoPixel.o
                0x00000000080002d6                NeoPixel::setPixelColor(unsigned short, unsigned char, unsigned char, unsigned char)
 *fill*         0x0000000008000346        0x2 
 .text._ZN8NeoPixel4showEv
                0x0000000008000348       0xc8 Core/Src/NeoPixel.o
                0x0000000008000348                NeoPixel::show()
 .text._ZN10TouchBoardC2Ev
                0x0000000008000410       0x62 Core/Src/TouchBoard.o
                0x0000000008000410                TouchBoard::TouchBoard()
                0x0000000008000410                TouchBoard::TouchBoard()
 .text._ZN10TouchBoardD2Ev
                0x0000000008000472       0x12 Core/Src/TouchBoard.o
                0x0000000008000472                TouchBoard::~TouchBoard()
                0x0000000008000472                TouchBoard::~TouchBoard()
 .text._ZN10TouchBoard16setAllPixelColorEhhh
                0x0000000008000484       0x72 Core/Src/TouchBoard.o
                0x0000000008000484                TouchBoard::setAllPixelColor(unsigned char, unsigned char, unsigned char)
 *fill*         0x00000000080004f6        0x2 
 .text._ZN10TouchBoard13getPixelColorEh
                0x00000000080004f8       0x64 Core/Src/TouchBoard.o
                0x00000000080004f8                TouchBoard::getPixelColor(unsigned char)
 .text._ZN10TouchBoard17setTouchKeyOffsetEh
                0x000000000800055c       0x1e Core/Src/TouchBoard.o
                0x000000000800055c                TouchBoard::setTouchKeyOffset(unsigned char)
 *fill*         0x000000000800057a        0x2 
 .text._ZN10TouchBoard16updateTouchStateEv
                0x000000000800057c       0x54 Core/Src/TouchBoard.o
                0x000000000800057c                TouchBoard::updateTouchState()
 .text._ZN10TouchBoard13getTouchStateEv
                0x00000000080005d0       0x14 Core/Src/TouchBoard.o
                0x00000000080005d0                TouchBoard::getTouchState()
 .text._ZnwjPv  0x00000000080005e4       0x14 Core/Src/TouchBoardGroup.o
                0x00000000080005e4                operator new(unsigned int, void*)
 .text._ZN15TouchBoardGroupC2EhhR17TIM_HandleTypeDefmR19__DMA_HandleTypeDef
                0x00000000080005f8      0x120 Core/Src/TouchBoardGroup.o
                0x00000000080005f8                TouchBoardGroup::TouchBoardGroup(unsigned char, unsigned char, TIM_HandleTypeDef&, unsigned long, __DMA_HandleTypeDef&)
                0x00000000080005f8                TouchBoardGroup::TouchBoardGroup(unsigned char, unsigned char, TIM_HandleTypeDef&, unsigned long, __DMA_HandleTypeDef&)
 .text._ZN15TouchBoardGroupD2Ev
                0x0000000008000718       0x40 Core/Src/TouchBoardGroup.o
                0x0000000008000718                TouchBoardGroup::~TouchBoardGroup()
                0x0000000008000718                TouchBoardGroup::~TouchBoardGroup()
 .text._ZN15TouchBoardGroup16setAllPixelColorEhhh
                0x0000000008000758       0x6a Core/Src/TouchBoardGroup.o
                0x0000000008000758                TouchBoardGroup::setAllPixelColor(unsigned char, unsigned char, unsigned char)
 .text._ZN15TouchBoardGroup13setBoardColorEhhhh
                0x00000000080007c2       0x54 Core/Src/TouchBoardGroup.o
                0x00000000080007c2                TouchBoardGroup::setBoardColor(unsigned char, unsigned char, unsigned char, unsigned char)
 .text._ZN15TouchBoardGroup10showPixelsEv
                0x0000000008000816       0xa8 Core/Src/TouchBoardGroup.o
                0x0000000008000816                TouchBoardGroup::showPixels()
 .text._ZN15TouchBoardGroup17updateTouchStatesEv
                0x00000000080008be       0x44 Core/Src/TouchBoardGroup.o
                0x00000000080008be                TouchBoardGroup::updateTouchStates()
 *fill*         0x0000000008000902        0x2 
 .text._ZN15TouchBoardGroup14getTouchStatesEv
                0x0000000008000904       0x74 Core/Src/TouchBoardGroup.o
                0x0000000008000904                TouchBoardGroup::getTouchStates()
 .text._ZNSaI10TouchBoardEC2Ev
                0x0000000008000978       0x1a Core/Src/TouchBoardGroup.o
                0x0000000008000978                std::allocator<TouchBoard>::allocator()
                0x0000000008000978                std::allocator<TouchBoard>::allocator()
 .text._ZNSaI10TouchBoardED2Ev
                0x0000000008000992       0x1a Core/Src/TouchBoardGroup.o
                0x0000000008000992                std::allocator<TouchBoard>::~allocator()
                0x0000000008000992                std::allocator<TouchBoard>::~allocator()
 .text._ZNSt6vectorI10TouchBoardSaIS0_EEC2EjRKS1_
                0x00000000080009ac       0x3c Core/Src/TouchBoardGroup.o
                0x00000000080009ac                std::vector<TouchBoard, std::allocator<TouchBoard> >::vector(unsigned int, std::allocator<TouchBoard> const&)
                0x00000000080009ac                std::vector<TouchBoard, std::allocator<TouchBoard> >::vector(unsigned int, std::allocator<TouchBoard> const&)
 .text._ZNSt6vectorI10TouchBoardSaIS0_EED2Ev
                0x00000000080009e8       0x36 Core/Src/TouchBoardGroup.o
                0x00000000080009e8                std::vector<TouchBoard, std::allocator<TouchBoard> >::~vector()
                0x00000000080009e8                std::vector<TouchBoard, std::allocator<TouchBoard> >::~vector()
 .text._ZNSaI15TouchState_enumEC2Ev
                0x0000000008000a1e       0x1a Core/Src/TouchBoardGroup.o
                0x0000000008000a1e                std::allocator<TouchState_enum>::allocator()
                0x0000000008000a1e                std::allocator<TouchState_enum>::allocator()
 .text._ZNSaI15TouchState_enumED2Ev
                0x0000000008000a38       0x1a Core/Src/TouchBoardGroup.o
                0x0000000008000a38                std::allocator<TouchState_enum>::~allocator()
                0x0000000008000a38                std::allocator<TouchState_enum>::~allocator()
 .text._ZNSt6vectorI15TouchState_enumSaIS0_EEC2EjRKS1_
                0x0000000008000a52       0x3c Core/Src/TouchBoardGroup.o
                0x0000000008000a52                std::vector<TouchState_enum, std::allocator<TouchState_enum> >::vector(unsigned int, std::allocator<TouchState_enum> const&)
                0x0000000008000a52                std::vector<TouchState_enum, std::allocator<TouchState_enum> >::vector(unsigned int, std::allocator<TouchState_enum> const&)
 .text._ZNSt6vectorI15TouchState_enumSaIS0_EED2Ev
                0x0000000008000a8e       0x36 Core/Src/TouchBoardGroup.o
                0x0000000008000a8e                std::vector<TouchState_enum, std::allocator<TouchState_enum> >::~vector()
                0x0000000008000a8e                std::vector<TouchState_enum, std::allocator<TouchState_enum> >::~vector()
 .text._ZNSt6vectorI10TouchBoardSaIS0_EEixEj
                0x0000000008000ac4       0x1c Core/Src/TouchBoardGroup.o
                0x0000000008000ac4                std::vector<TouchBoard, std::allocator<TouchBoard> >::operator[](unsigned int)
 .text._ZNSt6vectorI15TouchState_enumSaIS0_EEixEj
                0x0000000008000ae0       0x1a Core/Src/TouchBoardGroup.o
                0x0000000008000ae0                std::vector<TouchState_enum, std::allocator<TouchState_enum> >::operator[](unsigned int)
 .text._ZNSt6vectorI15TouchState_enumSaIS0_EEC2ERKS2_
                0x0000000008000afa       0x7c Core/Src/TouchBoardGroup.o
                0x0000000008000afa                std::vector<TouchState_enum, std::allocator<TouchState_enum> >::vector(std::vector<TouchState_enum, std::allocator<TouchState_enum> > const&)
                0x0000000008000afa                std::vector<TouchState_enum, std::allocator<TouchState_enum> >::vector(std::vector<TouchState_enum, std::allocator<TouchState_enum> > const&)
 .text._ZN9__gnu_cxx13new_allocatorI10TouchBoardEC2Ev
                0x0000000008000b76       0x12 Core/Src/TouchBoardGroup.o
                0x0000000008000b76                __gnu_cxx::new_allocator<TouchBoard>::new_allocator()
                0x0000000008000b76                __gnu_cxx::new_allocator<TouchBoard>::new_allocator()
 .text._ZN9__gnu_cxx13new_allocatorI10TouchBoardED2Ev
                0x0000000008000b88       0x12 Core/Src/TouchBoardGroup.o
                0x0000000008000b88                __gnu_cxx::new_allocator<TouchBoard>::~new_allocator()
                0x0000000008000b88                __gnu_cxx::new_allocator<TouchBoard>::~new_allocator()
 *fill*         0x0000000008000b9a        0x2 
 .text._ZNSt6vectorI10TouchBoardSaIS0_EE17_S_check_init_lenEjRKS1_
                0x0000000008000b9c       0x50 Core/Src/TouchBoardGroup.o
                0x0000000008000b9c                std::vector<TouchBoard, std::allocator<TouchBoard> >::_S_check_init_len(unsigned int, std::allocator<TouchBoard> const&)
 .text._ZNSt12_Vector_baseI10TouchBoardSaIS0_EE12_Vector_implD2Ev
                0x0000000008000bec       0x1a Core/Src/TouchBoardGroup.o
                0x0000000008000bec                std::_Vector_base<TouchBoard, std::allocator<TouchBoard> >::_Vector_impl::~_Vector_impl()
                0x0000000008000bec                std::_Vector_base<TouchBoard, std::allocator<TouchBoard> >::_Vector_impl::~_Vector_impl()
 .text._ZNSt12_Vector_baseI10TouchBoardSaIS0_EEC2EjRKS1_
                0x0000000008000c06       0x2e Core/Src/TouchBoardGroup.o
                0x0000000008000c06                std::_Vector_base<TouchBoard, std::allocator<TouchBoard> >::_Vector_base(unsigned int, std::allocator<TouchBoard> const&)
                0x0000000008000c06                std::_Vector_base<TouchBoard, std::allocator<TouchBoard> >::_Vector_base(unsigned int, std::allocator<TouchBoard> const&)
 .text._ZNSt12_Vector_baseI10TouchBoardSaIS0_EED2Ev
                0x0000000008000c34       0x34 Core/Src/TouchBoardGroup.o
                0x0000000008000c34                std::_Vector_base<TouchBoard, std::allocator<TouchBoard> >::~_Vector_base()
                0x0000000008000c34                std::_Vector_base<TouchBoard, std::allocator<TouchBoard> >::~_Vector_base()
 .text._ZNSt6vectorI10TouchBoardSaIS0_EE21_M_default_initializeEj
                0x0000000008000c68       0x30 Core/Src/TouchBoardGroup.o
                0x0000000008000c68                std::vector<TouchBoard, std::allocator<TouchBoard> >::_M_default_initialize(unsigned int)
 .text._ZNSt12_Vector_baseI10TouchBoardSaIS0_EE19_M_get_Tp_allocatorEv
                0x0000000008000c98       0x12 Core/Src/TouchBoardGroup.o
                0x0000000008000c98                std::_Vector_base<TouchBoard, std::allocator<TouchBoard> >::_M_get_Tp_allocator()
 .text._ZSt8_DestroyIP10TouchBoardS0_EvT_S2_RSaIT0_E
                0x0000000008000caa       0x20 Core/Src/TouchBoardGroup.o
                0x0000000008000caa                void std::_Destroy<TouchBoard*, TouchBoard>(TouchBoard*, TouchBoard*, std::allocator<TouchBoard>&)
 .text._ZN9__gnu_cxx13new_allocatorI15TouchState_enumEC2Ev
                0x0000000008000cca       0x12 Core/Src/TouchBoardGroup.o
                0x0000000008000cca                __gnu_cxx::new_allocator<TouchState_enum>::new_allocator()
                0x0000000008000cca                __gnu_cxx::new_allocator<TouchState_enum>::new_allocator()
 .text._ZN9__gnu_cxx13new_allocatorI15TouchState_enumED2Ev
                0x0000000008000cdc       0x12 Core/Src/TouchBoardGroup.o
                0x0000000008000cdc                __gnu_cxx::new_allocator<TouchState_enum>::~new_allocator()
                0x0000000008000cdc                __gnu_cxx::new_allocator<TouchState_enum>::~new_allocator()
 *fill*         0x0000000008000cee        0x2 
 .text._ZNSt6vectorI15TouchState_enumSaIS0_EE17_S_check_init_lenEjRKS1_
                0x0000000008000cf0       0x50 Core/Src/TouchBoardGroup.o
                0x0000000008000cf0                std::vector<TouchState_enum, std::allocator<TouchState_enum> >::_S_check_init_len(unsigned int, std::allocator<TouchState_enum> const&)
 .text._ZNSt12_Vector_baseI15TouchState_enumSaIS0_EE12_Vector_implD2Ev
                0x0000000008000d40       0x1a Core/Src/TouchBoardGroup.o
                0x0000000008000d40                std::_Vector_base<TouchState_enum, std::allocator<TouchState_enum> >::_Vector_impl::~_Vector_impl()
                0x0000000008000d40                std::_Vector_base<TouchState_enum, std::allocator<TouchState_enum> >::_Vector_impl::~_Vector_impl()
 .text._ZNSt12_Vector_baseI15TouchState_enumSaIS0_EEC2EjRKS1_
                0x0000000008000d5a       0x2e Core/Src/TouchBoardGroup.o
                0x0000000008000d5a                std::_Vector_base<TouchState_enum, std::allocator<TouchState_enum> >::_Vector_base(unsigned int, std::allocator<TouchState_enum> const&)
                0x0000000008000d5a                std::_Vector_base<TouchState_enum, std::allocator<TouchState_enum> >::_Vector_base(unsigned int, std::allocator<TouchState_enum> const&)
 .text._ZNSt12_Vector_baseI15TouchState_enumSaIS0_EED2Ev
                0x0000000008000d88       0x32 Core/Src/TouchBoardGroup.o
                0x0000000008000d88                std::_Vector_base<TouchState_enum, std::allocator<TouchState_enum> >::~_Vector_base()
                0x0000000008000d88                std::_Vector_base<TouchState_enum, std::allocator<TouchState_enum> >::~_Vector_base()
 .text._ZNSt6vectorI15TouchState_enumSaIS0_EE21_M_default_initializeEj
                0x0000000008000dba       0x30 Core/Src/TouchBoardGroup.o
                0x0000000008000dba                std::vector<TouchState_enum, std::allocator<TouchState_enum> >::_M_default_initialize(unsigned int)
 .text._ZNSt12_Vector_baseI15TouchState_enumSaIS0_EE19_M_get_Tp_allocatorEv
                0x0000000008000dea       0x12 Core/Src/TouchBoardGroup.o
                0x0000000008000dea                std::_Vector_base<TouchState_enum, std::allocator<TouchState_enum> >::_M_get_Tp_allocator()
 .text._ZSt8_DestroyIP15TouchState_enumS0_EvT_S2_RSaIT0_E
                0x0000000008000dfc       0x20 Core/Src/TouchBoardGroup.o
                0x0000000008000dfc                void std::_Destroy<TouchState_enum*, TouchState_enum>(TouchState_enum*, TouchState_enum*, std::allocator<TouchState_enum>&)
 .text._ZNKSt6vectorI15TouchState_enumSaIS0_EE4sizeEv
                0x0000000008000e1c       0x1a Core/Src/TouchBoardGroup.o
                0x0000000008000e1c                std::vector<TouchState_enum, std::allocator<TouchState_enum> >::size() const
 .text._ZN9__gnu_cxx14__alloc_traitsISaI15TouchState_enumES1_E17_S_select_on_copyERKS2_
                0x0000000008000e36       0x1e Core/Src/TouchBoardGroup.o
                0x0000000008000e36                __gnu_cxx::__alloc_traits<std::allocator<TouchState_enum>, TouchState_enum>::_S_select_on_copy(std::allocator<TouchState_enum> const&)
 .text._ZNKSt12_Vector_baseI15TouchState_enumSaIS0_EE19_M_get_Tp_allocatorEv
                0x0000000008000e54       0x12 Core/Src/TouchBoardGroup.o
                0x0000000008000e54                std::_Vector_base<TouchState_enum, std::allocator<TouchState_enum> >::_M_get_Tp_allocator() const
 .text._ZNKSt6vectorI15TouchState_enumSaIS0_EE5beginEv
                0x0000000008000e66       0x28 Core/Src/TouchBoardGroup.o
                0x0000000008000e66                std::vector<TouchState_enum, std::allocator<TouchState_enum> >::begin() const
 .text._ZNKSt6vectorI15TouchState_enumSaIS0_EE3endEv
                0x0000000008000e8e       0x28 Core/Src/TouchBoardGroup.o
                0x0000000008000e8e                std::vector<TouchState_enum, std::allocator<TouchState_enum> >::end() const
 .text._ZSt22__uninitialized_copy_aIN9__gnu_cxx17__normal_iteratorIPK15TouchState_enumSt6vectorIS2_SaIS2_EEEEPS2_S2_ET0_T_SB_SA_RSaIT1_E
                0x0000000008000eb6       0x24 Core/Src/TouchBoardGroup.o
                0x0000000008000eb6                TouchState_enum* std::__uninitialized_copy_a<__gnu_cxx::__normal_iterator<TouchState_enum const*, std::vector<TouchState_enum, std::allocator<TouchState_enum> > >, TouchState_enum*, TouchState_enum>(__gnu_cxx::__normal_iterator<TouchState_enum const*, std::vector<TouchState_enum, std::allocator<TouchState_enum> > >, __gnu_cxx::__normal_iterator<TouchState_enum const*, std::vector<TouchState_enum, std::allocator<TouchState_enum> > >, TouchState_enum*, std::allocator<TouchState_enum>&)
 *fill*         0x0000000008000eda        0x2 
 .text._ZNSt6vectorI10TouchBoardSaIS0_EE11_S_max_sizeERKS1_
                0x0000000008000edc       0x38 Core/Src/TouchBoardGroup.o
                0x0000000008000edc                std::vector<TouchBoard, std::allocator<TouchBoard> >::_S_max_size(std::allocator<TouchBoard> const&)
 .text._ZNSaI10TouchBoardEC2ERKS0_
                0x0000000008000f14       0x20 Core/Src/TouchBoardGroup.o
                0x0000000008000f14                std::allocator<TouchBoard>::allocator(std::allocator<TouchBoard> const&)
                0x0000000008000f14                std::allocator<TouchBoard>::allocator(std::allocator<TouchBoard> const&)
 .text._ZNSt12_Vector_baseI10TouchBoardSaIS0_EE12_Vector_implC2ERKS1_
                0x0000000008000f34       0x28 Core/Src/TouchBoardGroup.o
                0x0000000008000f34                std::_Vector_base<TouchBoard, std::allocator<TouchBoard> >::_Vector_impl::_Vector_impl(std::allocator<TouchBoard> const&)
                0x0000000008000f34                std::_Vector_base<TouchBoard, std::allocator<TouchBoard> >::_Vector_impl::_Vector_impl(std::allocator<TouchBoard> const&)
 .text._ZNSt12_Vector_baseI10TouchBoardSaIS0_EE17_M_create_storageEj
                0x0000000008000f5c       0x3a Core/Src/TouchBoardGroup.o
                0x0000000008000f5c                std::_Vector_base<TouchBoard, std::allocator<TouchBoard> >::_M_create_storage(unsigned int)
 .text._ZNSt12_Vector_baseI10TouchBoardSaIS0_EE13_M_deallocateEPS0_j
                0x0000000008000f96       0x26 Core/Src/TouchBoardGroup.o
                0x0000000008000f96                std::_Vector_base<TouchBoard, std::allocator<TouchBoard> >::_M_deallocate(TouchBoard*, unsigned int)
 .text._ZSt27__uninitialized_default_n_aIP10TouchBoardjS0_ET_S2_T0_RSaIT1_E
                0x0000000008000fbc       0x22 Core/Src/TouchBoardGroup.o
                0x0000000008000fbc                TouchBoard* std::__uninitialized_default_n_a<TouchBoard*, unsigned int, TouchBoard>(TouchBoard*, unsigned int, std::allocator<TouchBoard>&)
 .text._ZSt8_DestroyIP10TouchBoardEvT_S2_
                0x0000000008000fde       0x1e Core/Src/TouchBoardGroup.o
                0x0000000008000fde                void std::_Destroy<TouchBoard*>(TouchBoard*, TouchBoard*)
 .text._ZNSt6vectorI15TouchState_enumSaIS0_EE11_S_max_sizeERKS1_
                0x0000000008000ffc       0x38 Core/Src/TouchBoardGroup.o
                0x0000000008000ffc                std::vector<TouchState_enum, std::allocator<TouchState_enum> >::_S_max_size(std::allocator<TouchState_enum> const&)
 .text._ZNSaI15TouchState_enumEC2ERKS0_
                0x0000000008001034       0x20 Core/Src/TouchBoardGroup.o
                0x0000000008001034                std::allocator<TouchState_enum>::allocator(std::allocator<TouchState_enum> const&)
                0x0000000008001034                std::allocator<TouchState_enum>::allocator(std::allocator<TouchState_enum> const&)
 .text._ZNSt12_Vector_baseI15TouchState_enumSaIS0_EE12_Vector_implC2ERKS1_
                0x0000000008001054       0x28 Core/Src/TouchBoardGroup.o
                0x0000000008001054                std::_Vector_base<TouchState_enum, std::allocator<TouchState_enum> >::_Vector_impl::_Vector_impl(std::allocator<TouchState_enum> const&)
                0x0000000008001054                std::_Vector_base<TouchState_enum, std::allocator<TouchState_enum> >::_Vector_impl::_Vector_impl(std::allocator<TouchState_enum> const&)
 .text._ZNSt12_Vector_baseI15TouchState_enumSaIS0_EE17_M_create_storageEj
                0x000000000800107c       0x38 Core/Src/TouchBoardGroup.o
                0x000000000800107c                std::_Vector_base<TouchState_enum, std::allocator<TouchState_enum> >::_M_create_storage(unsigned int)
 .text._ZNSt12_Vector_baseI15TouchState_enumSaIS0_EE13_M_deallocateEPS0_j
                0x00000000080010b4       0x26 Core/Src/TouchBoardGroup.o
                0x00000000080010b4                std::_Vector_base<TouchState_enum, std::allocator<TouchState_enum> >::_M_deallocate(TouchState_enum*, unsigned int)
 .text._ZSt27__uninitialized_default_n_aIP15TouchState_enumjS0_ET_S2_T0_RSaIT1_E
                0x00000000080010da       0x22 Core/Src/TouchBoardGroup.o
                0x00000000080010da                TouchState_enum* std::__uninitialized_default_n_a<TouchState_enum*, unsigned int, TouchState_enum>(TouchState_enum*, unsigned int, std::allocator<TouchState_enum>&)
 .text._ZSt8_DestroyIP15TouchState_enumEvT_S2_
                0x00000000080010fc       0x1e Core/Src/TouchBoardGroup.o
                0x00000000080010fc                void std::_Destroy<TouchState_enum*>(TouchState_enum*, TouchState_enum*)
 .text._ZNSt16allocator_traitsISaI15TouchState_enumEE37select_on_container_copy_constructionERKS1_
                0x000000000800111a       0x1e Core/Src/TouchBoardGroup.o
                0x000000000800111a                std::allocator_traits<std::allocator<TouchState_enum> >::select_on_container_copy_construction(std::allocator<TouchState_enum> const&)
 .text._ZN9__gnu_cxx17__normal_iteratorIPK15TouchState_enumSt6vectorIS1_SaIS1_EEEC2ERKS3_
                0x0000000008001138       0x1c Core/Src/TouchBoardGroup.o
                0x0000000008001138                __gnu_cxx::__normal_iterator<TouchState_enum const*, std::vector<TouchState_enum, std::allocator<TouchState_enum> > >::__normal_iterator(TouchState_enum const* const&)
                0x0000000008001138                __gnu_cxx::__normal_iterator<TouchState_enum const*, std::vector<TouchState_enum, std::allocator<TouchState_enum> > >::__normal_iterator(TouchState_enum const* const&)
 .text._ZSt18uninitialized_copyIN9__gnu_cxx17__normal_iteratorIPK15TouchState_enumSt6vectorIS2_SaIS2_EEEEPS2_ET0_T_SB_SA_
                0x0000000008001154       0x2a Core/Src/TouchBoardGroup.o
                0x0000000008001154                TouchState_enum* std::uninitialized_copy<__gnu_cxx::__normal_iterator<TouchState_enum const*, std::vector<TouchState_enum, std::allocator<TouchState_enum> > >, TouchState_enum*>(__gnu_cxx::__normal_iterator<TouchState_enum const*, std::vector<TouchState_enum, std::allocator<TouchState_enum> > >, __gnu_cxx::__normal_iterator<TouchState_enum const*, std::vector<TouchState_enum, std::allocator<TouchState_enum> > >, TouchState_enum*)
 .text._ZNSt16allocator_traitsISaI10TouchBoardEE8max_sizeERKS1_
                0x000000000800117e       0x1a Core/Src/TouchBoardGroup.o
                0x000000000800117e                std::allocator_traits<std::allocator<TouchBoard> >::max_size(std::allocator<TouchBoard> const&)
 .text._ZSt3minIjERKT_S2_S2_
                0x0000000008001198       0x24 Core/Src/TouchBoardGroup.o
                0x0000000008001198                unsigned int const& std::min<unsigned int>(unsigned int const&, unsigned int const&)
 .text._ZN9__gnu_cxx13new_allocatorI10TouchBoardEC2ERKS2_
                0x00000000080011bc       0x14 Core/Src/TouchBoardGroup.o
                0x00000000080011bc                __gnu_cxx::new_allocator<TouchBoard>::new_allocator(__gnu_cxx::new_allocator<TouchBoard> const&)
                0x00000000080011bc                __gnu_cxx::new_allocator<TouchBoard>::new_allocator(__gnu_cxx::new_allocator<TouchBoard> const&)
 .text._ZNSt12_Vector_baseI10TouchBoardSaIS0_EE17_Vector_impl_dataC2Ev
                0x00000000080011d0       0x24 Core/Src/TouchBoardGroup.o
                0x00000000080011d0                std::_Vector_base<TouchBoard, std::allocator<TouchBoard> >::_Vector_impl_data::_Vector_impl_data()
                0x00000000080011d0                std::_Vector_base<TouchBoard, std::allocator<TouchBoard> >::_Vector_impl_data::_Vector_impl_data()
 .text._ZNSt12_Vector_baseI10TouchBoardSaIS0_EE11_M_allocateEj
                0x00000000080011f4       0x2a Core/Src/TouchBoardGroup.o
                0x00000000080011f4                std::_Vector_base<TouchBoard, std::allocator<TouchBoard> >::_M_allocate(unsigned int)
 .text._ZNSt16allocator_traitsISaI10TouchBoardEE10deallocateERS1_PS0_j
                0x000000000800121e       0x20 Core/Src/TouchBoardGroup.o
                0x000000000800121e                std::allocator_traits<std::allocator<TouchBoard> >::deallocate(std::allocator<TouchBoard>&, TouchBoard*, unsigned int)
 .text._ZSt25__uninitialized_default_nIP10TouchBoardjET_S2_T0_
                0x000000000800123e       0x28 Core/Src/TouchBoardGroup.o
                0x000000000800123e                TouchBoard* std::__uninitialized_default_n<TouchBoard*, unsigned int>(TouchBoard*, unsigned int)
 .text._ZNSt12_Destroy_auxILb0EE9__destroyIP10TouchBoardEEvT_S4_
                0x0000000008001266       0x32 Core/Src/TouchBoardGroup.o
                0x0000000008001266                void std::_Destroy_aux<false>::__destroy<TouchBoard*>(TouchBoard*, TouchBoard*)
 .text._ZNSt16allocator_traitsISaI15TouchState_enumEE8max_sizeERKS1_
                0x0000000008001298       0x1a Core/Src/TouchBoardGroup.o
                0x0000000008001298                std::allocator_traits<std::allocator<TouchState_enum> >::max_size(std::allocator<TouchState_enum> const&)
 .text._ZN9__gnu_cxx13new_allocatorI15TouchState_enumEC2ERKS2_
                0x00000000080012b2       0x14 Core/Src/TouchBoardGroup.o
                0x00000000080012b2                __gnu_cxx::new_allocator<TouchState_enum>::new_allocator(__gnu_cxx::new_allocator<TouchState_enum> const&)
                0x00000000080012b2                __gnu_cxx::new_allocator<TouchState_enum>::new_allocator(__gnu_cxx::new_allocator<TouchState_enum> const&)
 .text._ZNSt12_Vector_baseI15TouchState_enumSaIS0_EE17_Vector_impl_dataC2Ev
                0x00000000080012c6       0x24 Core/Src/TouchBoardGroup.o
                0x00000000080012c6                std::_Vector_base<TouchState_enum, std::allocator<TouchState_enum> >::_Vector_impl_data::_Vector_impl_data()
                0x00000000080012c6                std::_Vector_base<TouchState_enum, std::allocator<TouchState_enum> >::_Vector_impl_data::_Vector_impl_data()
 .text._ZNSt12_Vector_baseI15TouchState_enumSaIS0_EE11_M_allocateEj
                0x00000000080012ea       0x2a Core/Src/TouchBoardGroup.o
                0x00000000080012ea                std::_Vector_base<TouchState_enum, std::allocator<TouchState_enum> >::_M_allocate(unsigned int)
 .text._ZNSt16allocator_traitsISaI15TouchState_enumEE10deallocateERS1_PS0_j
                0x0000000008001314       0x20 Core/Src/TouchBoardGroup.o
                0x0000000008001314                std::allocator_traits<std::allocator<TouchState_enum> >::deallocate(std::allocator<TouchState_enum>&, TouchState_enum*, unsigned int)
 .text._ZSt25__uninitialized_default_nIP15TouchState_enumjET_S2_T0_
                0x0000000008001334       0x28 Core/Src/TouchBoardGroup.o
                0x0000000008001334                TouchState_enum* std::__uninitialized_default_n<TouchState_enum*, unsigned int>(TouchState_enum*, unsigned int)
 .text._ZNSt12_Destroy_auxILb1EE9__destroyIP15TouchState_enumEEvT_S4_
                0x000000000800135c       0x12 Core/Src/TouchBoardGroup.o
                0x000000000800135c                void std::_Destroy_aux<true>::__destroy<TouchState_enum*>(TouchState_enum*, TouchState_enum*)
 .text._ZNSt20__uninitialized_copyILb1EE13__uninit_copyIN9__gnu_cxx17__normal_iteratorIPK15TouchState_enumSt6vectorIS4_SaIS4_EEEEPS4_EET0_T_SD_SC_
                0x000000000800136e       0x22 Core/Src/TouchBoardGroup.o
                0x000000000800136e                TouchState_enum* std::__uninitialized_copy<true>::__uninit_copy<__gnu_cxx::__normal_iterator<TouchState_enum const*, std::vector<TouchState_enum, std::allocator<TouchState_enum> > >, TouchState_enum*>(__gnu_cxx::__normal_iterator<TouchState_enum const*, std::vector<TouchState_enum, std::allocator<TouchState_enum> > >, __gnu_cxx::__normal_iterator<TouchState_enum const*, std::vector<TouchState_enum, std::allocator<TouchState_enum> > >, TouchState_enum*)
 .text._ZNK9__gnu_cxx13new_allocatorI10TouchBoardE8max_sizeEv
                0x0000000008001390       0x18 Core/Src/TouchBoardGroup.o
                0x0000000008001390                __gnu_cxx::new_allocator<TouchBoard>::max_size() const
 .text._ZNSt16allocator_traitsISaI10TouchBoardEE8allocateERS1_j
                0x00000000080013a8       0x20 Core/Src/TouchBoardGroup.o
                0x00000000080013a8                std::allocator_traits<std::allocator<TouchBoard> >::allocate(std::allocator<TouchBoard>&, unsigned int)
 .text._ZN9__gnu_cxx13new_allocatorI10TouchBoardE10deallocateEPS1_j
                0x00000000080013c8       0x1c Core/Src/TouchBoardGroup.o
                0x00000000080013c8                __gnu_cxx::new_allocator<TouchBoard>::deallocate(TouchBoard*, unsigned int)
 .text._ZNSt27__uninitialized_default_n_1ILb0EE18__uninit_default_nIP10TouchBoardjEET_S4_T0_
                0x00000000080013e4       0x3c Core/Src/TouchBoardGroup.o
                0x00000000080013e4                TouchBoard* std::__uninitialized_default_n_1<false>::__uninit_default_n<TouchBoard*, unsigned int>(TouchBoard*, unsigned int)
 .text._ZSt11__addressofI10TouchBoardEPT_RS1_
                0x0000000008001420       0x12 Core/Src/TouchBoardGroup.o
                0x0000000008001420                TouchBoard* std::__addressof<TouchBoard>(TouchBoard&)
 .text._ZSt8_DestroyI10TouchBoardEvPT_
                0x0000000008001432       0x18 Core/Src/TouchBoardGroup.o
                0x0000000008001432                void std::_Destroy<TouchBoard>(TouchBoard*)
 *fill*         0x000000000800144a        0x2 
 .text._ZNK9__gnu_cxx13new_allocatorI15TouchState_enumE8max_sizeEv
                0x000000000800144c       0x18 Core/Src/TouchBoardGroup.o
                0x000000000800144c                __gnu_cxx::new_allocator<TouchState_enum>::max_size() const
 .text._ZNSt16allocator_traitsISaI15TouchState_enumEE8allocateERS1_j
                0x0000000008001464       0x20 Core/Src/TouchBoardGroup.o
                0x0000000008001464                std::allocator_traits<std::allocator<TouchState_enum> >::allocate(std::allocator<TouchState_enum>&, unsigned int)
 .text._ZN9__gnu_cxx13new_allocatorI15TouchState_enumE10deallocateEPS1_j
                0x0000000008001484       0x1c Core/Src/TouchBoardGroup.o
                0x0000000008001484                __gnu_cxx::new_allocator<TouchState_enum>::deallocate(TouchState_enum*, unsigned int)
 .text._ZNSt27__uninitialized_default_n_1ILb1EE18__uninit_default_nIP15TouchState_enumjEET_S4_T0_
                0x00000000080014a0       0x28 Core/Src/TouchBoardGroup.o
                0x00000000080014a0                TouchState_enum* std::__uninitialized_default_n_1<true>::__uninit_default_n<TouchState_enum*, unsigned int>(TouchState_enum*, unsigned int)
 .text._ZSt4copyIN9__gnu_cxx17__normal_iteratorIPK15TouchState_enumSt6vectorIS2_SaIS2_EEEEPS2_ET0_T_SB_SA_
                0x00000000080014c8       0x34 Core/Src/TouchBoardGroup.o
                0x00000000080014c8                TouchState_enum* std::copy<__gnu_cxx::__normal_iterator<TouchState_enum const*, std::vector<TouchState_enum, std::allocator<TouchState_enum> > >, TouchState_enum*>(__gnu_cxx::__normal_iterator<TouchState_enum const*, std::vector<TouchState_enum, std::allocator<TouchState_enum> > >, __gnu_cxx::__normal_iterator<TouchState_enum const*, std::vector<TouchState_enum, std::allocator<TouchState_enum> > >, TouchState_enum*)
 .text._ZN9__gnu_cxx13new_allocatorI10TouchBoardE8allocateEjPKv
                0x00000000080014fc       0x3c Core/Src/TouchBoardGroup.o
                0x00000000080014fc                __gnu_cxx::new_allocator<TouchBoard>::allocate(unsigned int, void const*)
 .text._ZSt10_ConstructI10TouchBoardJEEvPT_DpOT0_
                0x0000000008001538       0x22 Core/Src/TouchBoardGroup.o
                0x0000000008001538                void std::_Construct<TouchBoard>(TouchBoard*)
 .text._ZN9__gnu_cxx13new_allocatorI15TouchState_enumE8allocateEjPKv
                0x000000000800155a       0x3a Core/Src/TouchBoardGroup.o
                0x000000000800155a                __gnu_cxx::new_allocator<TouchState_enum>::allocate(unsigned int, void const*)
 .text._ZSt6fill_nIP15TouchState_enumjS0_ET_S2_T0_RKT1_
                0x0000000008001594       0x36 Core/Src/TouchBoardGroup.o
                0x0000000008001594                TouchState_enum* std::fill_n<TouchState_enum*, unsigned int, TouchState_enum>(TouchState_enum*, unsigned int, TouchState_enum const&)
 .text._ZSt12__miter_baseIN9__gnu_cxx17__normal_iteratorIPK15TouchState_enumSt6vectorIS2_SaIS2_EEEEET_S9_
                0x00000000080015ca       0x12 Core/Src/TouchBoardGroup.o
                0x00000000080015ca                __gnu_cxx::__normal_iterator<TouchState_enum const*, std::vector<TouchState_enum, std::allocator<TouchState_enum> > > std::__miter_base<__gnu_cxx::__normal_iterator<TouchState_enum const*, std::vector<TouchState_enum, std::allocator<TouchState_enum> > > >(__gnu_cxx::__normal_iterator<TouchState_enum const*, std::vector<TouchState_enum, std::allocator<TouchState_enum> > >)
 .text._ZSt14__copy_move_a2ILb0EN9__gnu_cxx17__normal_iteratorIPK15TouchState_enumSt6vectorIS2_SaIS2_EEEEPS2_ET1_T0_SB_SA_
                0x00000000080015dc       0x4a Core/Src/TouchBoardGroup.o
                0x00000000080015dc                TouchState_enum* std::__copy_move_a2<false, __gnu_cxx::__normal_iterator<TouchState_enum const*, std::vector<TouchState_enum, std::allocator<TouchState_enum> > >, TouchState_enum*>(__gnu_cxx::__normal_iterator<TouchState_enum const*, std::vector<TouchState_enum, std::allocator<TouchState_enum> > >, __gnu_cxx::__normal_iterator<TouchState_enum const*, std::vector<TouchState_enum, std::allocator<TouchState_enum> > >, TouchState_enum*)
 .text._ZSt12__niter_baseIP15TouchState_enumET_S2_
                0x0000000008001626       0x12 Core/Src/TouchBoardGroup.o
                0x0000000008001626                TouchState_enum* std::__niter_base<TouchState_enum*>(TouchState_enum*)
 .text._ZSt10__fill_n_aIP15TouchState_enumjS0_EN9__gnu_cxx11__enable_ifIXntsrSt11__is_scalarIT1_E7__valueET_E6__typeES7_T0_RKS5_
                0x0000000008001638       0x36 Core/Src/TouchBoardGroup.o
                0x0000000008001638                __gnu_cxx::__enable_if<!std::__is_scalar<TouchState_enum>::__value, TouchState_enum*>::__type std::__fill_n_a<TouchState_enum*, unsigned int, TouchState_enum>(TouchState_enum*, unsigned int, TouchState_enum const&)
 .text._ZSt12__niter_wrapIP15TouchState_enumET_RKS2_S2_
                0x000000000800166e       0x14 Core/Src/TouchBoardGroup.o
                0x000000000800166e                TouchState_enum* std::__niter_wrap<TouchState_enum*>(TouchState_enum* const&, TouchState_enum*)
 .text._ZSt12__niter_baseIPK15TouchState_enumSt6vectorIS0_SaIS0_EEET_N9__gnu_cxx17__normal_iteratorIS6_T0_EE
                0x0000000008001682       0x1c Core/Src/TouchBoardGroup.o
                0x0000000008001682                TouchState_enum const* std::__niter_base<TouchState_enum const*, std::vector<TouchState_enum, std::allocator<TouchState_enum> > >(__gnu_cxx::__normal_iterator<TouchState_enum const*, std::vector<TouchState_enum, std::allocator<TouchState_enum> > >)
 .text._ZSt13__copy_move_aILb0EPK15TouchState_enumPS0_ET1_T0_S5_S4_
                0x000000000800169e       0x2a Core/Src/TouchBoardGroup.o
                0x000000000800169e                TouchState_enum* std::__copy_move_a<false, TouchState_enum const*, TouchState_enum*>(TouchState_enum const*, TouchState_enum const*, TouchState_enum*)
 .text._ZNK9__gnu_cxx17__normal_iteratorIPK15TouchState_enumSt6vectorIS1_SaIS1_EEE4baseEv
                0x00000000080016c8       0x12 Core/Src/TouchBoardGroup.o
                0x00000000080016c8                __gnu_cxx::__normal_iterator<TouchState_enum const*, std::vector<TouchState_enum, std::allocator<TouchState_enum> > >::base() const
 .text._ZNSt11__copy_moveILb0ELb1ESt26random_access_iterator_tagE8__copy_mI15TouchState_enumEEPT_PKS4_S7_S5_
                0x00000000080016da       0x34 Core/Src/TouchBoardGroup.o
                0x00000000080016da                TouchState_enum* std::__copy_move<false, true, std::random_access_iterator_tag>::__copy_m<TouchState_enum>(TouchState_enum const*, TouchState_enum const*, TouchState_enum*)
 *fill*         0x000000000800170e        0x2 
 .text.main     0x0000000008001710      0x190 Core/Src/main.o
                0x0000000008001710                main
 .text._Z18SystemClock_Configv
                0x00000000080018a0       0xc8 Core/Src/main.o
                0x00000000080018a0                SystemClock_Config()
 .text._ZL12MX_I2S2_Initv
                0x0000000008001968       0x5c Core/Src/main.o
 .text._ZL12MX_SPI1_Initv
                0x00000000080019c4       0x78 Core/Src/main.o
 .text._ZL12MX_TIM2_Initv
                0x0000000008001a3c      0x15c Core/Src/main.o
 .text._ZL11MX_TSC_Initv
                0x0000000008001b98       0x94 Core/Src/main.o
 .text._ZL11MX_DMA_Initv
                0x0000000008001c2c       0x5c Core/Src/main.o
 .text._ZL12MX_GPIO_Initv
                0x0000000008001c88      0x258 Core/Src/main.o
 .text.Error_Handler
                0x0000000008001ee0        0xa Core/Src/main.o
                0x0000000008001ee0                Error_Handler
 .text._ZNSt6vectorI15TouchState_enumSaIS0_EEaSEOS2_
                0x0000000008001eea       0x30 Core/Src/main.o
                0x0000000008001eea                std::vector<TouchState_enum, std::allocator<TouchState_enum> >::operator=(std::vector<TouchState_enum, std::allocator<TouchState_enum> >&&)
 .text._ZSt4moveIRSt6vectorI15TouchState_enumSaIS1_EEEONSt16remove_referenceIT_E4typeEOS6_
                0x0000000008001f1a       0x12 Core/Src/main.o
                0x0000000008001f1a                std::remove_reference<std::vector<TouchState_enum, std::allocator<TouchState_enum> >&>::type&& std::move<std::vector<TouchState_enum, std::allocator<TouchState_enum> >&>(std::vector<TouchState_enum, std::allocator<TouchState_enum> >&)
 .text._ZNSt6vectorI15TouchState_enumSaIS0_EE14_M_move_assignEOS2_St17integral_constantIbLb1EE
                0x0000000008001f2c       0x76 Core/Src/main.o
                0x0000000008001f2c                std::vector<TouchState_enum, std::allocator<TouchState_enum> >::_M_move_assign(std::vector<TouchState_enum, std::allocator<TouchState_enum> >&&, std::integral_constant<bool, true>)
 .text._ZNKSt12_Vector_baseI15TouchState_enumSaIS0_EE13get_allocatorEv
                0x0000000008001fa2       0x26 Core/Src/main.o
                0x0000000008001fa2                std::_Vector_base<TouchState_enum, std::allocator<TouchState_enum> >::get_allocator() const
 .text._ZNSt6vectorI15TouchState_enumSaIS0_EEC2ERKS1_
                0x0000000008001fc8       0x20 Core/Src/main.o
                0x0000000008001fc8                std::vector<TouchState_enum, std::allocator<TouchState_enum> >::vector(std::allocator<TouchState_enum> const&)
                0x0000000008001fc8                std::vector<TouchState_enum, std::allocator<TouchState_enum> >::vector(std::allocator<TouchState_enum> const&)
 .text._ZNSt12_Vector_baseI15TouchState_enumSaIS0_EE17_Vector_impl_data12_M_swap_dataERS3_
                0x0000000008001fe8       0x40 Core/Src/main.o
                0x0000000008001fe8                std::_Vector_base<TouchState_enum, std::allocator<TouchState_enum> >::_Vector_impl_data::_M_swap_data(std::_Vector_base<TouchState_enum, std::allocator<TouchState_enum> >::_Vector_impl_data&)
 .text._ZSt15__alloc_on_moveISaI15TouchState_enumEEvRT_S3_
                0x0000000008002028       0x1c Core/Src/main.o
                0x0000000008002028                void std::__alloc_on_move<std::allocator<TouchState_enum> >(std::allocator<TouchState_enum>&, std::allocator<TouchState_enum>&)
 .text._ZNSt12_Vector_baseI15TouchState_enumSaIS0_EEC2ERKS1_
                0x0000000008002044       0x20 Core/Src/main.o
                0x0000000008002044                std::_Vector_base<TouchState_enum, std::allocator<TouchState_enum> >::_Vector_base(std::allocator<TouchState_enum> const&)
                0x0000000008002044                std::_Vector_base<TouchState_enum, std::allocator<TouchState_enum> >::_Vector_base(std::allocator<TouchState_enum> const&)
 .text._ZNSt12_Vector_baseI15TouchState_enumSaIS0_EE17_Vector_impl_data12_M_copy_dataERKS3_
                0x0000000008002064       0x2a Core/Src/main.o
                0x0000000008002064                std::_Vector_base<TouchState_enum, std::allocator<TouchState_enum> >::_Vector_impl_data::_M_copy_data(std::_Vector_base<TouchState_enum, std::allocator<TouchState_enum> >::_Vector_impl_data const&)
 .text._ZSt18__do_alloc_on_moveISaI15TouchState_enumEEvRT_S3_St17integral_constantIbLb1EE
                0x000000000800208e       0x1e Core/Src/main.o
                0x000000000800208e                void std::__do_alloc_on_move<std::allocator<TouchState_enum> >(std::allocator<TouchState_enum>&, std::allocator<TouchState_enum>&, std::integral_constant<bool, true>)
 .text._ZSt4moveIRSaI15TouchState_enumEEONSt16remove_referenceIT_E4typeEOS4_
                0x00000000080020ac       0x12 Core/Src/main.o
                0x00000000080020ac                std::remove_reference<std::allocator<TouchState_enum>&>::type&& std::move<std::allocator<TouchState_enum>&>(std::allocator<TouchState_enum>&)
 *fill*         0x00000000080020be        0x2 
 .text._Z41__static_initialization_and_destruction_0ii
                0x00000000080020c0       0x88 Core/Src/main.o
 .text._GLOBAL__sub_I_wav_buf
                0x0000000008002148       0x18 Core/Src/main.o
 .text._GLOBAL__sub_D_wav_buf
                0x0000000008002160       0x18 Core/Src/main.o
 .text.HAL_MspInit
                0x0000000008002178       0x1c Core/Src/stm32l0xx_hal_msp.o
                0x0000000008002178                HAL_MspInit
 .text.HAL_I2S_MspInit
                0x0000000008002194       0xc0 Core/Src/stm32l0xx_hal_msp.o
                0x0000000008002194                HAL_I2S_MspInit
 .text.HAL_SPI_MspInit
                0x0000000008002254       0xcc Core/Src/stm32l0xx_hal_msp.o
                0x0000000008002254                HAL_SPI_MspInit
 .text.HAL_TIM_Base_MspInit
                0x0000000008002320       0xd4 Core/Src/stm32l0xx_hal_msp.o
                0x0000000008002320                HAL_TIM_Base_MspInit
 .text.HAL_TIM_MspPostInit
                0x00000000080023f4       0x54 Core/Src/stm32l0xx_hal_msp.o
                0x00000000080023f4                HAL_TIM_MspPostInit
 .text.HAL_TSC_MspInit
                0x0000000008002448      0x108 Core/Src/stm32l0xx_hal_msp.o
                0x0000000008002448                HAL_TSC_MspInit
 .text.NMI_Handler
                0x0000000008002550        0x2 Core/Src/stm32l0xx_it.o
                0x0000000008002550                NMI_Handler
 .text.HardFault_Handler
                0x0000000008002552        0x2 Core/Src/stm32l0xx_it.o
                0x0000000008002552                HardFault_Handler
 .text.SVC_Handler
                0x0000000008002554        0x2 Core/Src/stm32l0xx_it.o
                0x0000000008002554                SVC_Handler
 .text.PendSV_Handler
                0x0000000008002556        0x2 Core/Src/stm32l0xx_it.o
                0x0000000008002556                PendSV_Handler
 .text.SysTick_Handler
                0x0000000008002558        0xc Core/Src/stm32l0xx_it.o
                0x0000000008002558                SysTick_Handler
 .text.DMA1_Channel1_IRQHandler
                0x0000000008002564       0x10 Core/Src/stm32l0xx_it.o
                0x0000000008002564                DMA1_Channel1_IRQHandler
 .text.DMA1_Channel2_3_IRQHandler
                0x0000000008002574       0x18 Core/Src/stm32l0xx_it.o
                0x0000000008002574                DMA1_Channel2_3_IRQHandler
 .text.DMA1_Channel4_5_6_7_IRQHandler
                0x000000000800258c       0x24 Core/Src/stm32l0xx_it.o
                0x000000000800258c                DMA1_Channel4_5_6_7_IRQHandler
 .text._getpid  0x00000000080025b0        0x4 Core/Src/syscalls.o
                0x00000000080025b0                _getpid
 .text._kill    0x00000000080025b4       0x10 Core/Src/syscalls.o
                0x00000000080025b4                _kill
 .text._exit    0x00000000080025c4        0xc Core/Src/syscalls.o
                0x00000000080025c4                _exit
 .text._sbrk    0x00000000080025d0       0x40 Core/Src/sysmem.o
                0x00000000080025d0                _sbrk
 .text.SystemInit
                0x0000000008002610       0x5c Core/Src/system_stm32l0xx.o
                0x0000000008002610                SystemInit
 .text.Reset_Handler
                0x000000000800266c       0x50 Core/Startup/startup_stm32l072vbtx.o
                0x000000000800266c                Reset_Handler
 .text.Default_Handler
                0x00000000080026bc        0x2 Core/Startup/startup_stm32l072vbtx.o
                0x00000000080026bc                TSC_IRQHandler
                0x00000000080026bc                ADC1_COMP_IRQHandler
                0x00000000080026bc                PVD_IRQHandler
                0x00000000080026bc                I2C1_IRQHandler
                0x00000000080026bc                RCC_CRS_IRQHandler
                0x00000000080026bc                SPI1_IRQHandler
                0x00000000080026bc                TIM6_DAC_IRQHandler
                0x00000000080026bc                EXTI2_3_IRQHandler
                0x00000000080026bc                I2C2_IRQHandler
                0x00000000080026bc                RTC_IRQHandler
                0x00000000080026bc                TIM3_IRQHandler
                0x00000000080026bc                EXTI4_15_IRQHandler
                0x00000000080026bc                USART4_5_IRQHandler
                0x00000000080026bc                Default_Handler
                0x00000000080026bc                TIM22_IRQHandler
                0x00000000080026bc                TIM7_IRQHandler
                0x00000000080026bc                EXTI0_1_IRQHandler
                0x00000000080026bc                USB_IRQHandler
                0x00000000080026bc                I2C3_IRQHandler
                0x00000000080026bc                SPI2_IRQHandler
                0x00000000080026bc                TIM21_IRQHandler
                0x00000000080026bc                WWDG_IRQHandler
                0x00000000080026bc                TIM2_IRQHandler
                0x00000000080026bc                USART2_IRQHandler
                0x00000000080026bc                FLASH_IRQHandler
                0x00000000080026bc                USART1_IRQHandler
                0x00000000080026bc                RNG_LPUART1_IRQHandler
                0x00000000080026bc                LPTIM1_IRQHandler
 *fill*         0x00000000080026be        0x2 
 .text.HAL_InitTick
                0x00000000080026c0       0x30 Drivers/STM32L0xx_HAL_Driver/Src/stm32l0xx_hal.o
                0x00000000080026c0                HAL_InitTick
 .text.HAL_Init
                0x00000000080026f0       0x28 Drivers/STM32L0xx_HAL_Driver/Src/stm32l0xx_hal.o
                0x00000000080026f0                HAL_Init
 .text.HAL_IncTick
                0x0000000008002718       0x10 Drivers/STM32L0xx_HAL_Driver/Src/stm32l0xx_hal.o
                0x0000000008002718                HAL_IncTick
 .text.HAL_GetTick
                0x0000000008002728        0xc Drivers/STM32L0xx_HAL_Driver/Src/stm32l0xx_hal.o
                0x0000000008002728                HAL_GetTick
 .text.HAL_Delay
                0x0000000008002734       0x1e Drivers/STM32L0xx_HAL_Driver/Src/stm32l0xx_hal.o
                0x0000000008002734                HAL_Delay
 *fill*         0x0000000008002752        0x2 
 .text.HAL_NVIC_SetPriority
                0x0000000008002754       0x54 Drivers/STM32L0xx_HAL_Driver/Src/stm32l0xx_hal_cortex.o
                0x0000000008002754                HAL_NVIC_SetPriority
 .text.HAL_NVIC_EnableIRQ
                0x00000000080027a8       0x14 Drivers/STM32L0xx_HAL_Driver/Src/stm32l0xx_hal_cortex.o
                0x00000000080027a8                HAL_NVIC_EnableIRQ
 .text.HAL_SYSTICK_Config
                0x00000000080027bc       0x34 Drivers/STM32L0xx_HAL_Driver/Src/stm32l0xx_hal_cortex.o
                0x00000000080027bc                HAL_SYSTICK_Config
 .text.HAL_DMA_Init
                0x00000000080027f0       0x88 Drivers/STM32L0xx_HAL_Driver/Src/stm32l0xx_hal_dma.o
                0x00000000080027f0                HAL_DMA_Init
 .text.HAL_DMA_Start_IT
                0x0000000008002878       0x80 Drivers/STM32L0xx_HAL_Driver/Src/stm32l0xx_hal_dma.o
                0x0000000008002878                HAL_DMA_Start_IT
 .text.HAL_DMA_IRQHandler
                0x00000000080028f8       0x96 Drivers/STM32L0xx_HAL_Driver/Src/stm32l0xx_hal_dma.o
                0x00000000080028f8                HAL_DMA_IRQHandler
 *fill*         0x000000000800298e        0x2 
 .text.HAL_GPIO_Init
                0x0000000008002990      0x17c Drivers/STM32L0xx_HAL_Driver/Src/stm32l0xx_hal_gpio.o
                0x0000000008002990                HAL_GPIO_Init
 .text.HAL_GPIO_WritePin
                0x0000000008002b0c        0xc Drivers/STM32L0xx_HAL_Driver/Src/stm32l0xx_hal_gpio.o
                0x0000000008002b0c                HAL_GPIO_WritePin
 .text.HAL_I2S_Init
                0x0000000008002b18       0xf4 Drivers/STM32L0xx_HAL_Driver/Src/stm32l0xx_hal_i2s.o
                0x0000000008002b18                HAL_I2S_Init
 .text.HAL_RCC_GetSysClockFreq
                0x0000000008002c0c       0x80 Drivers/STM32L0xx_HAL_Driver/Src/stm32l0xx_hal_rcc.o
                0x0000000008002c0c                HAL_RCC_GetSysClockFreq
 .text.HAL_RCC_OscConfig
                0x0000000008002c8c      0x510 Drivers/STM32L0xx_HAL_Driver/Src/stm32l0xx_hal_rcc.o
                0x0000000008002c8c                HAL_RCC_OscConfig
 .text.HAL_RCC_ClockConfig
                0x000000000800319c      0x170 Drivers/STM32L0xx_HAL_Driver/Src/stm32l0xx_hal_rcc.o
                0x000000000800319c                HAL_RCC_ClockConfig
 .text.SPI_WaitFlagStateUntilTimeout.constprop.0
                0x000000000800330c       0x84 Drivers/STM32L0xx_HAL_Driver/Src/stm32l0xx_hal_spi.o
 .text.SPI_EndRxTransaction
                0x0000000008003390       0x54 Drivers/STM32L0xx_HAL_Driver/Src/stm32l0xx_hal_spi.o
 .text.SPI_EndRxTxTransaction
                0x00000000080033e4       0x3e Drivers/STM32L0xx_HAL_Driver/Src/stm32l0xx_hal_spi.o
 *fill*         0x0000000008003422        0x2 
 .text.HAL_SPI_Init
                0x0000000008003424       0x80 Drivers/STM32L0xx_HAL_Driver/Src/stm32l0xx_hal_spi.o
                0x0000000008003424                HAL_SPI_Init
 .text.HAL_SPI_TransmitReceive
                0x00000000080034a4      0x1ea Drivers/STM32L0xx_HAL_Driver/Src/stm32l0xx_hal_spi.o
                0x00000000080034a4                HAL_SPI_TransmitReceive
 *fill*         0x000000000800368e        0x2 
 .text.HAL_SPI_TransmitReceive_DMA
                0x0000000008003690      0x114 Drivers/STM32L0xx_HAL_Driver/Src/stm32l0xx_hal_spi.o
                0x0000000008003690                HAL_SPI_TransmitReceive_DMA
 .text.HAL_SPI_Receive_DMA
                0x00000000080037a4       0xe8 Drivers/STM32L0xx_HAL_Driver/Src/stm32l0xx_hal_spi.o
                0x00000000080037a4                HAL_SPI_Receive_DMA
 .text.HAL_SPI_TxRxCpltCallback
                0x000000000800388c        0x2 Drivers/STM32L0xx_HAL_Driver/Src/stm32l0xx_hal_spi.o
                0x000000000800388c                HAL_SPI_TxRxCpltCallback
 .text.HAL_SPI_RxHalfCpltCallback
                0x000000000800388e        0x2 Drivers/STM32L0xx_HAL_Driver/Src/stm32l0xx_hal_spi.o
                0x000000000800388e                HAL_SPI_RxHalfCpltCallback
 .text.SPI_DMAHalfReceiveCplt
                0x0000000008003890        0xa Drivers/STM32L0xx_HAL_Driver/Src/stm32l0xx_hal_spi.o
 .text.HAL_SPI_TxRxHalfCpltCallback
                0x000000000800389a        0x2 Drivers/STM32L0xx_HAL_Driver/Src/stm32l0xx_hal_spi.o
                0x000000000800389a                HAL_SPI_TxRxHalfCpltCallback
 .text.SPI_DMAHalfTransmitReceiveCplt
                0x000000000800389c        0xa Drivers/STM32L0xx_HAL_Driver/Src/stm32l0xx_hal_spi.o
 .text.HAL_SPI_ErrorCallback
                0x00000000080038a6        0x2 Drivers/STM32L0xx_HAL_Driver/Src/stm32l0xx_hal_spi.o
                0x00000000080038a6                HAL_SPI_ErrorCallback
 .text.SPI_DMAError
                0x00000000080038a8       0x24 Drivers/STM32L0xx_HAL_Driver/Src/stm32l0xx_hal_spi.o
 .text.SPI_DMAReceiveCplt
                0x00000000080038cc       0x56 Drivers/STM32L0xx_HAL_Driver/Src/stm32l0xx_hal_spi.o
 .text.SPI_DMATransmitReceiveCplt
                0x0000000008003922       0x5e Drivers/STM32L0xx_HAL_Driver/Src/stm32l0xx_hal_spi.o
 .text.TIM_Base_SetConfig
                0x0000000008003980       0x70 Drivers/STM32L0xx_HAL_Driver/Src/stm32l0xx_hal_tim.o
 .text.TIM_OC1_SetConfig
                0x00000000080039f0       0x2c Drivers/STM32L0xx_HAL_Driver/Src/stm32l0xx_hal_tim.o
 .text.TIM_OC2_SetConfig
                0x0000000008003a1c       0x38 Drivers/STM32L0xx_HAL_Driver/Src/stm32l0xx_hal_tim.o
 .text.TIM_CCxChannelCmd
                0x0000000008003a54       0x1a Drivers/STM32L0xx_HAL_Driver/Src/stm32l0xx_hal_tim.o
 .text.HAL_TIM_Base_Init
                0x0000000008003a6e       0x36 Drivers/STM32L0xx_HAL_Driver/Src/stm32l0xx_hal_tim.o
                0x0000000008003a6e                HAL_TIM_Base_Init
 .text.HAL_TIM_OC_Start_DMA
                0x0000000008003aa4       0xf8 Drivers/STM32L0xx_HAL_Driver/Src/stm32l0xx_hal_tim.o
                0x0000000008003aa4                HAL_TIM_OC_Start_DMA
 .text.HAL_TIM_PWM_MspInit
                0x0000000008003b9c        0x2 Drivers/STM32L0xx_HAL_Driver/Src/stm32l0xx_hal_tim.o
                0x0000000008003b9c                HAL_TIM_PWM_MspInit
 .text.HAL_TIM_PWM_Init
                0x0000000008003b9e       0x36 Drivers/STM32L0xx_HAL_Driver/Src/stm32l0xx_hal_tim.o
                0x0000000008003b9e                HAL_TIM_PWM_Init
 .text.HAL_TIM_PWM_Start_DMA
                0x0000000008003bd4        0x8 Drivers/STM32L0xx_HAL_Driver/Src/stm32l0xx_hal_tim.o
                0x0000000008003bd4                HAL_TIM_PWM_Start_DMA
 .text.HAL_TIM_PWM_ConfigChannel
                0x0000000008003bdc      0x12c Drivers/STM32L0xx_HAL_Driver/Src/stm32l0xx_hal_tim.o
                0x0000000008003bdc                HAL_TIM_PWM_ConfigChannel
 .text.HAL_TIM_ConfigClockSource
                0x0000000008003d08      0x140 Drivers/STM32L0xx_HAL_Driver/Src/stm32l0xx_hal_tim.o
                0x0000000008003d08                HAL_TIM_ConfigClockSource
 .text.HAL_TIM_PWM_PulseFinishedCallback
                0x0000000008003e48        0x2 Drivers/STM32L0xx_HAL_Driver/Src/stm32l0xx_hal_tim.o
                0x0000000008003e48                HAL_TIM_PWM_PulseFinishedCallback
 .text.TIM_DMADelayPulseCplt
                0x0000000008003e4a       0x3e Drivers/STM32L0xx_HAL_Driver/Src/stm32l0xx_hal_tim.o
                0x0000000008003e4a                TIM_DMADelayPulseCplt
 .text.HAL_TIM_PWM_PulseFinishedHalfCpltCallback
                0x0000000008003e88        0x2 Drivers/STM32L0xx_HAL_Driver/Src/stm32l0xx_hal_tim.o
                0x0000000008003e88                HAL_TIM_PWM_PulseFinishedHalfCpltCallback
 .text.TIM_DMADelayPulseHalfCplt
                0x0000000008003e8a       0x3e Drivers/STM32L0xx_HAL_Driver/Src/stm32l0xx_hal_tim.o
                0x0000000008003e8a                TIM_DMADelayPulseHalfCplt
 .text.HAL_TIM_ErrorCallback
                0x0000000008003ec8        0x2 Drivers/STM32L0xx_HAL_Driver/Src/stm32l0xx_hal_tim.o
                0x0000000008003ec8                HAL_TIM_ErrorCallback
 .text.TIM_DMAError
                0x0000000008003eca       0x12 Drivers/STM32L0xx_HAL_Driver/Src/stm32l0xx_hal_tim.o
                0x0000000008003eca                TIM_DMAError
 .text.HAL_TIMEx_MasterConfigSynchronization
                0x0000000008003edc       0x3c Drivers/STM32L0xx_HAL_Driver/Src/stm32l0xx_hal_tim_ex.o
                0x0000000008003edc                HAL_TIMEx_MasterConfigSynchronization
 .text.TSC_extract_groups
                0x0000000008003f18       0x24 Drivers/STM32L0xx_HAL_Driver/Src/stm32l0xx_hal_tsc.o
 .text.HAL_TSC_Init
                0x0000000008003f3c       0x90 Drivers/STM32L0xx_HAL_Driver/Src/stm32l0xx_hal_tsc.o
                0x0000000008003f3c                HAL_TSC_Init
 .text.TSL_Init
                0x0000000008003fcc       0x30 Middlewares/ST/STM32_TouchSensing_Library/src/tsl.o
                0x0000000008003fcc                TSL_Init
 .text.TSL_acq_BankGetResult
                0x0000000008003ffc      0x120 Middlewares/ST/STM32_TouchSensing_Library/src/tsl_acq.o
                0x0000000008003ffc                TSL_acq_BankGetResult
 .text.SoftDelay
                0x000000000800411c       0x24 Middlewares/ST/STM32_TouchSensing_Library/src/tsl_acq_tsc.o
 .text.TSL_acq_BankConfig
                0x0000000008004140       0x74 Middlewares/ST/STM32_TouchSensing_Library/src/tsl_acq_tsc.o
                0x0000000008004140                TSL_acq_BankConfig
 .text.TSL_acq_BankWaitEOC
                0x00000000080041b4       0x18 Middlewares/ST/STM32_TouchSensing_Library/src/tsl_acq_tsc.o
                0x00000000080041b4                TSL_acq_BankWaitEOC
 .text.TSL_acq_GetMeas
                0x00000000080041cc       0x18 Middlewares/ST/STM32_TouchSensing_Library/src/tsl_acq_tsc.o
                0x00000000080041cc                TSL_acq_GetMeas
 .text.TSL_acq_ComputeDelta
                0x00000000080041e4        0x6 Middlewares/ST/STM32_TouchSensing_Library/src/tsl_acq_tsc.o
                0x00000000080041e4                TSL_acq_ComputeDelta
 .text.TSL_acq_ComputeMeas
                0x00000000080041ea        0x6 Middlewares/ST/STM32_TouchSensing_Library/src/tsl_acq_tsc.o
                0x00000000080041ea                TSL_acq_ComputeMeas
 .text.TSL_acq_CheckNoise
                0x00000000080041f0        0x4 Middlewares/ST/STM32_TouchSensing_Library/src/tsl_acq_tsc.o
                0x00000000080041f0                TSL_acq_CheckNoise
 .text.TSL_acq_UseFilter
                0x00000000080041f4        0x4 Middlewares/ST/STM32_TouchSensing_Library/src/tsl_acq_tsc.o
                0x00000000080041f4                TSL_acq_UseFilter
 .text.TSL_acq_TestReferenceOutOfRange
                0x00000000080041f8        0x4 Middlewares/ST/STM32_TouchSensing_Library/src/tsl_acq_tsc.o
                0x00000000080041f8                TSL_acq_TestReferenceOutOfRange
 .text.TSL_acq_TestFirstReferenceIsValid
                0x00000000080041fc        0x4 Middlewares/ST/STM32_TouchSensing_Library/src/tsl_acq_tsc.o
                0x00000000080041fc                TSL_acq_TestFirstReferenceIsValid
 .text.TSL_acq_BankStartAcq
                0x0000000008004200       0x2c Middlewares/ST/STM32_TouchSensing_Library/src/tsl_acq_tsc.o
                0x0000000008004200                TSL_acq_BankStartAcq
 .text.TSL_dxs_FirstObj
                0x000000000800422c        0x2 Middlewares/ST/STM32_TouchSensing_Library/src/tsl_dxs.o
                0x000000000800422c                TSL_dxs_FirstObj
 *fill*         0x000000000800422e        0x2 
 .text.TSL_ecs_CalcK
                0x0000000008004230       0xa8 Middlewares/ST/STM32_TouchSensing_Library/src/tsl_ecs.o
                0x0000000008004230                TSL_ecs_CalcK
 .text.TSL_ecs_ProcessK
                0x00000000080042d8       0xb8 Middlewares/ST/STM32_TouchSensing_Library/src/tsl_ecs.o
                0x00000000080042d8                TSL_ecs_ProcessK
 .text.TSL_ecs_Process
                0x0000000008004390       0x7c Middlewares/ST/STM32_TouchSensing_Library/src/tsl_ecs.o
                0x0000000008004390                TSL_ecs_Process
 .text.TSL_obj_SetGlobalObj
                0x000000000800440c       0x18 Middlewares/ST/STM32_TouchSensing_Library/src/tsl_object.o
                0x000000000800440c                TSL_obj_SetGlobalObj
 .text.TSL_obj_GroupInit
                0x0000000008004424       0x5c Middlewares/ST/STM32_TouchSensing_Library/src/tsl_object.o
                0x0000000008004424                TSL_obj_GroupInit
 .text.TSL_obj_GroupProcess
                0x0000000008004480       0x5c Middlewares/ST/STM32_TouchSensing_Library/src/tsl_object.o
                0x0000000008004480                TSL_obj_GroupProcess
 .text.TSL_tim_ProcessIT
                0x00000000080044dc       0x38 Middlewares/ST/STM32_TouchSensing_Library/src/tsl_time.o
                0x00000000080044dc                TSL_tim_ProcessIT
 .text.TSL_tim_CheckDelay_ms
                0x0000000008004514       0x4c Middlewares/ST/STM32_TouchSensing_Library/src/tsl_time.o
                0x0000000008004514                TSL_tim_CheckDelay_ms
 .text.TSL_tkey_Process
                0x0000000008004560       0x54 Middlewares/ST/STM32_TouchSensing_Library/src/tsl_touchkey.o
                0x0000000008004560                TSL_tkey_Process
 .text.TSL_tkey_SetStateCalibration
                0x00000000080045b4       0x54 Middlewares/ST/STM32_TouchSensing_Library/src/tsl_touchkey.o
                0x00000000080045b4                TSL_tkey_SetStateCalibration
 .text.TSL_tkey_Init
                0x0000000008004608       0x2c Middlewares/ST/STM32_TouchSensing_Library/src/tsl_touchkey.o
                0x0000000008004608                TSL_tkey_Init
 .text.TSL_tkey_GetStateMask
                0x0000000008004634       0x24 Middlewares/ST/STM32_TouchSensing_Library/src/tsl_touchkey.o
                0x0000000008004634                TSL_tkey_GetStateMask
 .text.TSL_tkey_DebReleaseDetectStateProcess
                0x0000000008004658       0x3c Middlewares/ST/STM32_TouchSensing_Library/src/tsl_touchkey.o
                0x0000000008004658                TSL_tkey_DebReleaseDetectStateProcess
 .text.TSL_tkey_DebReleaseTouchStateProcess
                0x0000000008004694       0x3c Middlewares/ST/STM32_TouchSensing_Library/src/tsl_touchkey.o
                0x0000000008004694                TSL_tkey_DebReleaseTouchStateProcess
 .text.TSL_tkey_ReleaseStateProcess
                0x00000000080046d0       0x60 Middlewares/ST/STM32_TouchSensing_Library/src/tsl_touchkey.o
                0x00000000080046d0                TSL_tkey_ReleaseStateProcess
 .text.TSL_tkey_DebCalibrationStateProcess
                0x0000000008004730       0x44 Middlewares/ST/STM32_TouchSensing_Library/src/tsl_touchkey.o
                0x0000000008004730                TSL_tkey_DebCalibrationStateProcess
 .text.TSL_tkey_CalibrationStateProcess
                0x0000000008004774       0x98 Middlewares/ST/STM32_TouchSensing_Library/src/tsl_touchkey.o
                0x0000000008004774                TSL_tkey_CalibrationStateProcess
 .text.TSL_tkey_DebDetectStateProcess
                0x000000000800480c       0x40 Middlewares/ST/STM32_TouchSensing_Library/src/tsl_touchkey.o
                0x000000000800480c                TSL_tkey_DebDetectStateProcess
 .text.TSL_tkey_DetectStateProcess
                0x000000000800484c       0x44 Middlewares/ST/STM32_TouchSensing_Library/src/tsl_touchkey.o
                0x000000000800484c                TSL_tkey_DetectStateProcess
 .text.TSL_tkey_TouchStateProcess
                0x0000000008004890       0x44 Middlewares/ST/STM32_TouchSensing_Library/src/tsl_touchkey.o
                0x0000000008004890                TSL_tkey_TouchStateProcess
 .text.TSL_tkey_DebErrorStateProcess
                0x00000000080048d4       0x74 Middlewares/ST/STM32_TouchSensing_Library/src/tsl_touchkey.o
                0x00000000080048d4                TSL_tkey_DebErrorStateProcess
 .text.disk_status
                0x0000000008004948       0x10 Middlewares/Third_Party/FatFs/src/diskio.o
                0x0000000008004948                disk_status
 .text.disk_initialize
                0x0000000008004958       0x14 Middlewares/Third_Party/FatFs/src/diskio.o
                0x0000000008004958                disk_initialize
 .text.disk_read
                0x000000000800496c       0x30 Middlewares/Third_Party/FatFs/src/diskio.o
                0x000000000800496c                disk_read
 .text.crc7_one
                0x000000000800499c       0x1e Middlewares/Third_Party/FatFs/src/fat_sd_spi.o
 *fill*         0x00000000080049ba        0x2 
 .text.spi_txrx
                0x00000000080049bc       0x2c Middlewares/Third_Party/FatFs/src/fat_sd_spi.o
 .text.sd_cmd   0x00000000080049e8       0x6e Middlewares/Third_Party/FatFs/src/fat_sd_spi.o
 *fill*         0x0000000008004a56        0x2 
 .text.sd_get_r1
                0x0000000008004a58       0x1c Middlewares/Third_Party/FatFs/src/fat_sd_spi.o
 .text.sd_nec   0x0000000008004a74       0x12 Middlewares/Third_Party/FatFs/src/fat_sd_spi.o
 .text.sd_get_r7
                0x0000000008004a86       0x3a Middlewares/Third_Party/FatFs/src/fat_sd_spi.o
 .text.sd_read_status.isra.0
                0x0000000008004ac0       0x4c Middlewares/Third_Party/FatFs/src/fat_sd_spi.o
 .text.sd_get_data.isra.0
                0x0000000008004b0c       0x44 Middlewares/Third_Party/FatFs/src/fat_sd_spi.o
 .text.sd_readsector.isra.0
                0x0000000008004b50       0x86 Middlewares/Third_Party/FatFs/src/fat_sd_spi.o
 *fill*         0x0000000008004bd6        0x2 
 .text.sd_init.isra.0
                0x0000000008004bd8      0x284 Middlewares/Third_Party/FatFs/src/fat_sd_spi.o
 .text.hwif_init
                0x0000000008004e5c      0x154 Middlewares/Third_Party/FatFs/src/fat_sd_spi.o
                0x0000000008004e5c                hwif_init
 .text.sd_read  0x0000000008004fb0       0x42 Middlewares/Third_Party/FatFs/src/fat_sd_spi.o
                0x0000000008004fb0                sd_read
 *fill*         0x0000000008004ff2        0x2 
 .text.HAL_SPI_RxCpltCallback
                0x0000000008004ff4        0xc Middlewares/Third_Party/FatFs/src/fat_sd_spi.o
                0x0000000008004ff4                HAL_SPI_RxCpltCallback
 .text.get_ldnumber
                0x0000000008005000       0x2c Middlewares/Third_Party/FatFs/src/ff.o
 .text.move_window
                0x000000000800502c       0x2a Middlewares/Third_Party/FatFs/src/ff.o
 *fill*         0x0000000008005056        0x2 
 .text.check_fs
                0x0000000008005058       0x74 Middlewares/Third_Party/FatFs/src/ff.o
 .text.find_volume.isra.0
                0x00000000080050cc      0x210 Middlewares/Third_Party/FatFs/src/ff.o
 .text.f_mount  0x00000000080052dc       0x4c Middlewares/Third_Party/FatFs/src/ff.o
                0x00000000080052dc                f_mount
 .text.MX_TOUCHSENSING_Init
                0x0000000008005328        0x8 TOUCHSENSING/App/touchsensing.o
                0x0000000008005328                MX_TOUCHSENSING_Init
 .text.MyTKeys_OffStateProcess
                0x0000000008005330        0x2 TOUCHSENSING/App/tsl_user.o
                0x0000000008005330                MyTKeys_OffStateProcess
 .text.MyTKeys_ErrorStateProcess
                0x0000000008005332        0x2 TOUCHSENSING/App/tsl_user.o
                0x0000000008005332                MyTKeys_ErrorStateProcess
 .text.tsl_user_Init
                0x0000000008005334       0x18 TOUCHSENSING/App/tsl_user.o
                0x0000000008005334                tsl_user_Init
 .text.tsl_user_Exec
                0x000000000800534c       0x84 TOUCHSENSING/App/tsl_user.o
                0x000000000800534c                tsl_user_Exec
 .text._ZdlPv   0x00000000080053d0        0x8 /opt/st/stm32cubeide_1.6.1/plugins/com.st.stm32cube.ide.mcu.externaltools.gnu-tools-for-stm32.9-2020-q2-update.linux64_1.5.0.202011040924/tools/bin/../lib/gcc/arm-none-eabi/9.3.1/../../../../arm-none-eabi/lib/thumb/v6-m/nofp/libstdc++_nano.a(del_op.o)
                0x00000000080053d0                operator delete(void*)
 .text._Znwj    0x00000000080053d8       0x24 /opt/st/stm32cubeide_1.6.1/plugins/com.st.stm32cube.ide.mcu.externaltools.gnu-tools-for-stm32.9-2020-q2-update.linux64_1.5.0.202011040924/tools/bin/../lib/gcc/arm-none-eabi/9.3.1/../../../../arm-none-eabi/lib/thumb/v6-m/nofp/libstdc++_nano.a(new_op.o)
                0x00000000080053d8                operator new(unsigned int)
 .text.unlikely._ZSt17__throw_bad_allocv
                0x00000000080053fc        0x6 /opt/st/stm32cubeide_1.6.1/plugins/com.st.stm32cube.ide.mcu.externaltools.gnu-tools-for-stm32.9-2020-q2-update.linux64_1.5.0.202011040924/tools/bin/../lib/gcc/arm-none-eabi/9.3.1/../../../../arm-none-eabi/lib/thumb/v6-m/nofp/libstdc++_nano.a(functexcept.o)
                0x00000000080053fc                std::__throw_bad_alloc()
 .text.unlikely._ZSt20__throw_length_errorPKc
                0x0000000008005402        0x6 /opt/st/stm32cubeide_1.6.1/plugins/com.st.stm32cube.ide.mcu.externaltools.gnu-tools-for-stm32.9-2020-q2-update.linux64_1.5.0.202011040924/tools/bin/../lib/gcc/arm-none-eabi/9.3.1/../../../../arm-none-eabi/lib/thumb/v6-m/nofp/libstdc++_nano.a(functexcept.o)
                0x0000000008005402                std::__throw_length_error(char const*)
 .text._ZSt15get_new_handlerv
                0x0000000008005408        0xc /opt/st/stm32cubeide_1.6.1/plugins/com.st.stm32cube.ide.mcu.externaltools.gnu-tools-for-stm32.9-2020-q2-update.linux64_1.5.0.202011040924/tools/bin/../lib/gcc/arm-none-eabi/9.3.1/../../../../arm-none-eabi/lib/thumb/v6-m/nofp/libstdc++_nano.a(new_handler.o)
                0x0000000008005408                std::get_new_handler()
 .text.abort    0x0000000008005414        0xe /opt/st/stm32cubeide_1.6.1/plugins/com.st.stm32cube.ide.mcu.externaltools.gnu-tools-for-stm32.9-2020-q2-update.linux64_1.5.0.202011040924/tools/bin/../lib/gcc/arm-none-eabi/9.3.1/../../../../arm-none-eabi/lib/thumb/v6-m/nofp/libc_nano.a(lib_a-abort.o)
                0x0000000008005414                abort
 *fill*         0x0000000008005422        0x2 
 .text.__errno  0x0000000008005424        0xc /opt/st/stm32cubeide_1.6.1/plugins/com.st.stm32cube.ide.mcu.externaltools.gnu-tools-for-stm32.9-2020-q2-update.linux64_1.5.0.202011040924/tools/bin/../lib/gcc/arm-none-eabi/9.3.1/../../../../arm-none-eabi/lib/thumb/v6-m/nofp/libc_nano.a(lib_a-errno.o)
                0x0000000008005424                __errno
 .text.__libc_init_array
                0x0000000008005430       0x48 /opt/st/stm32cubeide_1.6.1/plugins/com.st.stm32cube.ide.mcu.externaltools.gnu-tools-for-stm32.9-2020-q2-update.linux64_1.5.0.202011040924/tools/bin/../lib/gcc/arm-none-eabi/9.3.1/../../../../arm-none-eabi/lib/thumb/v6-m/nofp/libc_nano.a(lib_a-init.o)
                0x0000000008005430                __libc_init_array
 .text.malloc   0x0000000008005478       0x14 /opt/st/stm32cubeide_1.6.1/plugins/com.st.stm32cube.ide.mcu.externaltools.gnu-tools-for-stm32.9-2020-q2-update.linux64_1.5.0.202011040924/tools/bin/../lib/gcc/arm-none-eabi/9.3.1/../../../../arm-none-eabi/lib/thumb/v6-m/nofp/libc_nano.a(lib_a-malloc.o)
                0x0000000008005478                malloc
 .text.free     0x000000000800548c       0x14 /opt/st/stm32cubeide_1.6.1/plugins/com.st.stm32cube.ide.mcu.externaltools.gnu-tools-for-stm32.9-2020-q2-update.linux64_1.5.0.202011040924/tools/bin/../lib/gcc/arm-none-eabi/9.3.1/../../../../arm-none-eabi/lib/thumb/v6-m/nofp/libc_nano.a(lib_a-malloc.o)
                0x000000000800548c                free
 .text.memcpy   0x00000000080054a0       0x12 /opt/st/stm32cubeide_1.6.1/plugins/com.st.stm32cube.ide.mcu.externaltools.gnu-tools-for-stm32.9-2020-q2-update.linux64_1.5.0.202011040924/tools/bin/../lib/gcc/arm-none-eabi/9.3.1/../../../../arm-none-eabi/lib/thumb/v6-m/nofp/libc_nano.a(lib_a-memcpy-stub.o)
                0x00000000080054a0                memcpy
 .text.memmove  0x00000000080054b2       0x26 /opt/st/stm32cubeide_1.6.1/plugins/com.st.stm32cube.ide.mcu.externaltools.gnu-tools-for-stm32.9-2020-q2-update.linux64_1.5.0.202011040924/tools/bin/../lib/gcc/arm-none-eabi/9.3.1/../../../../arm-none-eabi/lib/thumb/v6-m/nofp/libc_nano.a(lib_a-memmove.o)
                0x00000000080054b2                memmove
 .text.memset   0x00000000080054d8       0x10 /opt/st/stm32cubeide_1.6.1/plugins/com.st.stm32cube.ide.mcu.externaltools.gnu-tools-for-stm32.9-2020-q2-update.linux64_1.5.0.202011040924/tools/bin/../lib/gcc/arm-none-eabi/9.3.1/../../../../arm-none-eabi/lib/thumb/v6-m/nofp/libc_nano.a(lib_a-memset.o)
                0x00000000080054d8                memset
 .text._free_r  0x00000000080054e8       0x94 /opt/st/stm32cubeide_1.6.1/plugins/com.st.stm32cube.ide.mcu.externaltools.gnu-tools-for-stm32.9-2020-q2-update.linux64_1.5.0.202011040924/tools/bin/../lib/gcc/arm-none-eabi/9.3.1/../../../../arm-none-eabi/lib/thumb/v6-m/nofp/libc_nano.a(lib_a-nano-freer.o)
                0x00000000080054e8                _free_r
 .text._malloc_r
                0x000000000800557c       0xbc /opt/st/stm32cubeide_1.6.1/plugins/com.st.stm32cube.ide.mcu.externaltools.gnu-tools-for-stm32.9-2020-q2-update.linux64_1.5.0.202011040924/tools/bin/../lib/gcc/arm-none-eabi/9.3.1/../../../../arm-none-eabi/lib/thumb/v6-m/nofp/libc_nano.a(lib_a-nano-mallocr.o)
                0x000000000800557c                _malloc_r
 .text._sbrk_r  0x0000000008005638       0x24 /opt/st/stm32cubeide_1.6.1/plugins/com.st.stm32cube.ide.mcu.externaltools.gnu-tools-for-stm32.9-2020-q2-update.linux64_1.5.0.202011040924/tools/bin/../lib/gcc/arm-none-eabi/9.3.1/../../../../arm-none-eabi/lib/thumb/v6-m/nofp/libc_nano.a(lib_a-sbrkr.o)
                0x0000000008005638                _sbrk_r
 .text._raise_r
                0x000000000800565c       0x54 /opt/st/stm32cubeide_1.6.1/plugins/com.st.stm32cube.ide.mcu.externaltools.gnu-tools-for-stm32.9-2020-q2-update.linux64_1.5.0.202011040924/tools/bin/../lib/gcc/arm-none-eabi/9.3.1/../../../../arm-none-eabi/lib/thumb/v6-m/nofp/libc_nano.a(lib_a-signal.o)
                0x000000000800565c                _raise_r
 .text.raise    0x00000000080056b0       0x14 /opt/st/stm32cubeide_1.6.1/plugins/com.st.stm32cube.ide.mcu.externaltools.gnu-tools-for-stm32.9-2020-q2-update.linux64_1.5.0.202011040924/tools/bin/../lib/gcc/arm-none-eabi/9.3.1/../../../../arm-none-eabi/lib/thumb/v6-m/nofp/libc_nano.a(lib_a-signal.o)
                0x00000000080056b0                raise
 .text._kill_r  0x00000000080056c4       0x24 /opt/st/stm32cubeide_1.6.1/plugins/com.st.stm32cube.ide.mcu.externaltools.gnu-tools-for-stm32.9-2020-q2-update.linux64_1.5.0.202011040924/tools/bin/../lib/gcc/arm-none-eabi/9.3.1/../../../../arm-none-eabi/lib/thumb/v6-m/nofp/libc_nano.a(lib_a-signalr.o)
                0x00000000080056c4                _kill_r
 .text._getpid_r
                0x00000000080056e8        0x8 /opt/st/stm32cubeide_1.6.1/plugins/com.st.stm32cube.ide.mcu.externaltools.gnu-tools-for-stm32.9-2020-q2-update.linux64_1.5.0.202011040924/tools/bin/../lib/gcc/arm-none-eabi/9.3.1/../../../../arm-none-eabi/lib/thumb/v6-m/nofp/libc_nano.a(lib_a-signalr.o)
                0x00000000080056e8                _getpid_r
 .text.__malloc_lock
                0x00000000080056f0       0x10 /opt/st/stm32cubeide_1.6.1/plugins/com.st.stm32cube.ide.mcu.externaltools.gnu-tools-for-stm32.9-2020-q2-update.linux64_1.5.0.202011040924/tools/bin/../lib/gcc/arm-none-eabi/9.3.1/../../../../arm-none-eabi/lib/thumb/v6-m/nofp/libc_nano.a(lib_a-mlock.o)
                0x00000000080056f0                __malloc_lock
 .text.__malloc_unlock
                0x0000000008005700       0x10 /opt/st/stm32cubeide_1.6.1/plugins/com.st.stm32cube.ide.mcu.externaltools.gnu-tools-for-stm32.9-2020-q2-update.linux64_1.5.0.202011040924/tools/bin/../lib/gcc/arm-none-eabi/9.3.1/../../../../arm-none-eabi/lib/thumb/v6-m/nofp/libc_nano.a(lib_a-mlock.o)
                0x0000000008005700                __malloc_unlock
 .text.__retarget_lock_acquire_recursive
                0x0000000008005710        0x2 /opt/st/stm32cubeide_1.6.1/plugins/com.st.stm32cube.ide.mcu.externaltools.gnu-tools-for-stm32.9-2020-q2-update.linux64_1.5.0.202011040924/tools/bin/../lib/gcc/arm-none-eabi/9.3.1/../../../../arm-none-eabi/lib/thumb/v6-m/nofp/libc_nano.a(lib_a-lock.o)
                0x0000000008005710                __retarget_lock_acquire_recursive
 .text.__retarget_lock_release_recursive
                0x0000000008005712        0x2 /opt/st/stm32cubeide_1.6.1/plugins/com.st.stm32cube.ide.mcu.externaltools.gnu-tools-for-stm32.9-2020-q2-update.linux64_1.5.0.202011040924/tools/bin/../lib/gcc/arm-none-eabi/9.3.1/../../../../arm-none-eabi/lib/thumb/v6-m/nofp/libc_nano.a(lib_a-lock.o)
                0x0000000008005712                __retarget_lock_release_recursive
 *(.glue_7)
 .glue_7        0x0000000008005714        0x0 linker stubs
 *(.glue_7t)
 .glue_7t       0x0000000008005714        0x0 linker stubs
 *(.eh_frame)
 .eh_frame      0x0000000008005714        0x0 /opt/st/stm32cubeide_1.6.1/plugins/com.st.stm32cube.ide.mcu.externaltools.gnu-tools-for-stm32.9-2020-q2-update.linux64_1.5.0.202011040924/tools/bin/../lib/gcc/arm-none-eabi/9.3.1/thumb/v6-m/nofp/crtbegin.o
 *(.init)
 .init          0x0000000008005714        0x4 /opt/st/stm32cubeide_1.6.1/plugins/com.st.stm32cube.ide.mcu.externaltools.gnu-tools-for-stm32.9-2020-q2-update.linux64_1.5.0.202011040924/tools/bin/../lib/gcc/arm-none-eabi/9.3.1/thumb/v6-m/nofp/crti.o
                0x0000000008005714                _init
 .init          0x0000000008005718        0x8 /opt/st/stm32cubeide_1.6.1/plugins/com.st.stm32cube.ide.mcu.externaltools.gnu-tools-for-stm32.9-2020-q2-update.linux64_1.5.0.202011040924/tools/bin/../lib/gcc/arm-none-eabi/9.3.1/thumb/v6-m/nofp/crtn.o
 *(.fini)
 .fini          0x0000000008005720        0x4 /opt/st/stm32cubeide_1.6.1/plugins/com.st.stm32cube.ide.mcu.externaltools.gnu-tools-for-stm32.9-2020-q2-update.linux64_1.5.0.202011040924/tools/bin/../lib/gcc/arm-none-eabi/9.3.1/thumb/v6-m/nofp/crti.o
                0x0000000008005720                _fini
 .fini          0x0000000008005724        0x8 /opt/st/stm32cubeide_1.6.1/plugins/com.st.stm32cube.ide.mcu.externaltools.gnu-tools-for-stm32.9-2020-q2-update.linux64_1.5.0.202011040924/tools/bin/../lib/gcc/arm-none-eabi/9.3.1/thumb/v6-m/nofp/crtn.o
                0x000000000800572c                . = ALIGN (0x4)
                0x000000000800572c                _etext = .

.vfp11_veneer   0x000000000800572c        0x0
 .vfp11_veneer  0x000000000800572c        0x0 linker stubs

.v4_bx          0x000000000800572c        0x0
 .v4_bx         0x000000000800572c        0x0 linker stubs

.iplt           0x000000000800572c        0x0
 .iplt          0x000000000800572c        0x0 /opt/st/stm32cubeide_1.6.1/plugins/com.st.stm32cube.ide.mcu.externaltools.gnu-tools-for-stm32.9-2020-q2-update.linux64_1.5.0.202011040924/tools/bin/../lib/gcc/arm-none-eabi/9.3.1/thumb/v6-m/nofp/crtbegin.o

.rodata         0x000000000800572c      0x4a4
                0x000000000800572c                . = ALIGN (0x4)
 *(.rodata)
 .rodata        0x000000000800572c       0x31 Core/Src/TouchBoardGroup.o
 *fill*         0x000000000800575d        0x3 
 .rodata        0x0000000008005760       0x35 Core/Src/main.o
 *(.rodata*)
 .rodata.AHBPrescTable
                0x0000000008005795       0x10 Core/Src/system_stm32l0xx.o
                0x0000000008005795                AHBPrescTable
 .rodata.PLLMulTable
                0x00000000080057a5        0x9 Core/Src/system_stm32l0xx.o
                0x00000000080057a5                PLLMulTable
 *fill*         0x00000000080057ae        0x2 
 .rodata.MyBanks
                0x00000000080057b0       0x48 TOUCHSENSING/App/tsl_user.o
                0x00000000080057b0                MyBanks
 .rodata.MyChannels_Dest
                0x00000000080057f8       0x30 TOUCHSENSING/App/tsl_user.o
                0x00000000080057f8                MyChannels_Dest
 .rodata.MyChannels_Src
                0x0000000008005828      0x120 TOUCHSENSING/App/tsl_user.o
                0x0000000008005828                MyChannels_Src
 .rodata.MyObjects
                0x0000000008005948       0xc0 TOUCHSENSING/App/tsl_user.o
                0x0000000008005948                MyObjects
 .rodata.MyTKeysB
                0x0000000008005a08      0x120 TOUCHSENSING/App/tsl_user.o
                0x0000000008005a08                MyTKeysB
 .rodata.MyTKeys_Methods
                0x0000000008005b28        0x8 TOUCHSENSING/App/tsl_user.o
                0x0000000008005b28                MyTKeys_Methods
 .rodata.MyTKeys_StateMachine
                0x0000000008005b30       0xa0 TOUCHSENSING/App/tsl_user.o
                0x0000000008005b30                MyTKeys_StateMachine
                0x0000000008005bd0                . = ALIGN (0x4)

.rel.dyn        0x0000000008005bd0        0x0
 .rel.iplt      0x0000000008005bd0        0x0 /opt/st/stm32cubeide_1.6.1/plugins/com.st.stm32cube.ide.mcu.externaltools.gnu-tools-for-stm32.9-2020-q2-update.linux64_1.5.0.202011040924/tools/bin/../lib/gcc/arm-none-eabi/9.3.1/thumb/v6-m/nofp/crtbegin.o

.ARM.extab      0x0000000008005bd0        0x0
                0x0000000008005bd0                . = ALIGN (0x4)
 *(.ARM.extab* .gnu.linkonce.armextab.*)
                0x0000000008005bd0                . = ALIGN (0x4)

.ARM            0x0000000008005bd0        0x0
                0x0000000008005bd0                . = ALIGN (0x4)
                0x0000000008005bd0                __exidx_start = .
 *(.ARM.exidx*)
                0x0000000008005bd0                __exidx_end = .
                0x0000000008005bd0                . = ALIGN (0x4)

.preinit_array  0x0000000008005bd0        0x0
                0x0000000008005bd0                . = ALIGN (0x4)
                0x0000000008005bd0                PROVIDE (__preinit_array_start = .)
 *(.preinit_array*)
                0x0000000008005bd0                PROVIDE (__preinit_array_end = .)
                0x0000000008005bd0                . = ALIGN (0x4)

.init_array     0x0000000008005bd0        0x8
                0x0000000008005bd0                . = ALIGN (0x4)
                0x0000000008005bd0                PROVIDE (__init_array_start = .)
 *(SORT_BY_NAME(.init_array.*))
 *(.init_array*)
 .init_array    0x0000000008005bd0        0x4 /opt/st/stm32cubeide_1.6.1/plugins/com.st.stm32cube.ide.mcu.externaltools.gnu-tools-for-stm32.9-2020-q2-update.linux64_1.5.0.202011040924/tools/bin/../lib/gcc/arm-none-eabi/9.3.1/thumb/v6-m/nofp/crtbegin.o
 .init_array    0x0000000008005bd4        0x4 Core/Src/main.o
                0x0000000008005bd8                PROVIDE (__init_array_end = .)
                0x0000000008005bd8                . = ALIGN (0x4)

.fini_array     0x0000000008005bd8        0x8
                0x0000000008005bd8                . = ALIGN (0x4)
                [!provide]                        PROVIDE (__fini_array_start = .)
 *(SORT_BY_NAME(.fini_array.*))
 *(.fini_array*)
 .fini_array    0x0000000008005bd8        0x4 /opt/st/stm32cubeide_1.6.1/plugins/com.st.stm32cube.ide.mcu.externaltools.gnu-tools-for-stm32.9-2020-q2-update.linux64_1.5.0.202011040924/tools/bin/../lib/gcc/arm-none-eabi/9.3.1/thumb/v6-m/nofp/crtbegin.o
 .fini_array    0x0000000008005bdc        0x4 Core/Src/main.o
                [!provide]                        PROVIDE (__fini_array_end = .)
                0x0000000008005be0                . = ALIGN (0x4)
                0x0000000008005be0                _sidata = LOADADDR (.data)

.data           0x0000000020000000       0x88 load address 0x0000000008005be0
                0x0000000020000000                . = ALIGN (0x4)
                0x0000000020000000                _sdata = .
 *(.data)
 *(.data*)
 .data.SystemCoreClock
                0x0000000020000000        0x4 Core/Src/system_stm32l0xx.o
                0x0000000020000000                SystemCoreClock
 .data.MyObjGroup
                0x0000000020000004       0x10 TOUCHSENSING/App/tsl_user.o
                0x0000000020000004                MyObjGroup
 .data.TSL_Params
                0x0000000020000014       0x10 TOUCHSENSING/App/tsl_user.o
                0x0000000020000014                TSL_Params
 .data._impure_ptr