Archive member included to satisfy reference by file (symbol)

/opt/st/stm32cubeide_1.6.1/plugins/com.st.stm32cube.ide.mcu.externaltools.gnu-tools-for-stm32.9-2020-q2-update.linux64_1.5.0.202011040924/tools/bin/../lib/gcc/arm-none-eabi/9.3.1/../../../../arm-none-eabi/lib/thumb/v6-m/nofp/libstdc++_nano.a(del_op.o)
                              Core/Src/TouchBoardGroup.o (operator delete(void*))
/opt/st/stm32cubeide_1.6.1/plugins/com.st.stm32cube.ide.mcu.externaltools.gnu-tools-for-stm32.9-2020-q2-update.linux64_1.5.0.202011040924/tools/bin/../lib/gcc/arm-none-eabi/9.3.1/../../../../arm-none-eabi/lib/thumb/v6-m/nofp/libstdc++_nano.a(new_op.o)
                              Core/Src/TouchBoardGroup.o (operator new(unsigned int))
/opt/st/stm32cubeide_1.6.1/plugins/com.st.stm32cube.ide.mcu.externaltools.gnu-tools-for-stm32.9-2020-q2-update.linux64_1.5.0.202011040924/tools/bin/../lib/gcc/arm-none-eabi/9.3.1/../../../../arm-none-eabi/lib/thumb/v6-m/nofp/libstdc++_nano.a(functexcept.o)
                              Core/Src/TouchBoardGroup.o (std::__throw_bad_alloc())
/opt/st/stm32cubeide_1.6.1/plugins/com.st.stm32cube.ide.mcu.externaltools.gnu-tools-for-stm32.9-2020-q2-update.linux64_1.5.0.202011040924/tools/bin/../lib/gcc/arm-none-eabi/9.3.1/../../../../arm-none-eabi/lib/thumb/v6-m/nofp/libstdc++_nano.a(snprintf_lite.o)
                              /opt/st/stm32cubeide_1.6.1/plugins/com.st.stm32cube.ide.mcu.externaltools.gnu-tools-for-stm32.9-2020-q2-update.linux64_1.5.0.202011040924/tools/bin/../lib/gcc/arm-none-eabi/9.3.1/../../../../arm-none-eabi/lib/thumb/v6-m/nofp/libstdc++_nano.a(functexcept.o) (__gnu_cxx::__snprintf_lite(char*, unsigned int, char const*, std::__va_list))
/opt/st/stm32cubeide_1.6.1/plugins/com.st.stm32cube.ide.mcu.externaltools.gnu-tools-for-stm32.9-2020-q2-update.linux64_1.5.0.202011040924/tools/bin/../lib/gcc/arm-none-eabi/9.3.1/../../../../arm-none-eabi/lib/thumb/v6-m/nofp/libstdc++_nano.a(new_handler.o)
                              /opt/st/stm32cubeide_1.6.1/plugins/com.st.stm32cube.ide.mcu.externaltools.gnu-tools-for-stm32.9-2020-q2-update.linux64_1.5.0.202011040924/tools/bin/../lib/gcc/arm-none-eabi/9.3.1/../../../../arm-none-eabi/lib/thumb/v6-m/nofp/libstdc++_nano.a(new_op.o) (std::get_new_handler())
/opt/st/stm32cubeide_1.6.1/plugins/com.st.stm32cube.ide.mcu.externaltools.gnu-tools-for-stm32.9-2020-q2-update.linux64_1.5.0.202011040924/tools/bin/../lib/gcc/arm-none-eabi/9.3.1/../../../../arm-none-eabi/lib/thumb/v6-m/nofp/libc_nano.a(lib_a-abort.o)
                              /opt/st/stm32cubeide_1.6.1/plugins/com.st.stm32cube.ide.mcu.externaltools.gnu-tools-for-stm32.9-2020-q2-update.linux64_1.5.0.202011040924/tools/bin/../lib/gcc/arm-none-eabi/9.3.1/../../../../arm-none-eabi/lib/thumb/v6-m/nofp/libstdc++_nano.a(new_op.o) (abort)
/opt/st/stm32cubeide_1.6.1/plugins/com.st.stm32cube.ide.mcu.externaltools.gnu-tools-for-stm32.9-2020-q2-update.linux64_1.5.0.202011040924/tools/bin/../lib/gcc/arm-none-eabi/9.3.1/../../../../arm-none-eabi/lib/thumb/v6-m/nofp/libc_nano.a(lib_a-errno.o)
                              Core/Src/syscalls.o (__errno)
/opt/st/stm32cubeide_1.6.1/plugins/com.st.stm32cube.ide.mcu.externaltools.gnu-tools-for-stm32.9-2020-q2-update.linux64_1.5.0.202011040924/tools/bin/../lib/gcc/arm-none-eabi/9.3.1/../../../../arm-none-eabi/lib/thumb/v6-m/nofp/libc_nano.a(lib_a-exit.o)
                              /opt/st/stm32cubeide_1.6.1/plugins/com.st.stm32cube.ide.mcu.externaltools.gnu-tools-for-stm32.9-2020-q2-update.linux64_1.5.0.202011040924/tools/bin/../lib/gcc/arm-none-eabi/9.3.1/../../../../arm-none-eabi/lib/thumb/v6-m/nofp/crt0.o (exit)
/opt/st/stm32cubeide_1.6.1/plugins/com.st.stm32cube.ide.mcu.externaltools.gnu-tools-for-stm32.9-2020-q2-update.linux64_1.5.0.202011040924/tools/bin/../lib/gcc/arm-none-eabi/9.3.1/../../../../arm-none-eabi/lib/thumb/v6-m/nofp/libc_nano.a(lib_a-impure.o)
                              /opt/st/stm32cubeide_1.6.1/plugins/com.st.stm32cube.ide.mcu.externaltools.gnu-tools-for-stm32.9-2020-q2-update.linux64_1.5.0.202011040924/tools/bin/../lib/gcc/arm-none-eabi/9.3.1/../../../../arm-none-eabi/lib/thumb/v6-m/nofp/libc_nano.a(lib_a-exit.o) (_global_impure_ptr)
/opt/st/stm32cubeide_1.6.1/plugins/com.st.stm32cube.ide.mcu.externaltools.gnu-tools-for-stm32.9-2020-q2-update.linux64_1.5.0.202011040924/tools/bin/../lib/gcc/arm-none-eabi/9.3.1/../../../../arm-none-eabi/lib/thumb/v6-m/nofp/libc_nano.a(lib_a-init.o)
                              /opt/st/stm32cubeide_1.6.1/plugins/com.st.stm32cube.ide.mcu.externaltools.gnu-tools-for-stm32.9-2020-q2-update.linux64_1.5.0.202011040924/tools/bin/../lib/gcc/arm-none-eabi/9.3.1/../../../../arm-none-eabi/lib/thumb/v6-m/nofp/crt0.o (__libc_init_array)
/opt/st/stm32cubeide_1.6.1/plugins/com.st.stm32cube.ide.mcu.externaltools.gnu-tools-for-stm32.9-2020-q2-update.linux64_1.5.0.202011040924/tools/bin/../lib/gcc/arm-none-eabi/9.3.1/../../../../arm-none-eabi/lib/thumb/v6-m/nofp/libc_nano.a(lib_a-malloc.o)
[...]
Memory Configuration

Name             Origin             Length             Attributes
RAM              0x0000000020000000 0x0000000000005000 xrw
FLASH            0x0000000008000000 0x0000000000020000 xr
*default*        0x0000000000000000 0xffffffffffffffff

Linker script and memory map

LOAD /opt/st/stm32cubeide_1.6.1/plugins/com.st.stm32cube.ide.mcu.externaltools.gnu-tools-for-stm32.9-2020-q2-update.linux64_1.5.0.202011040924/tools/bin/../lib/gcc/arm-none-eabi/9.3.1/thumb/v6-m/nofp/crti.o
LOAD /opt/st/stm32cubeide_1.6.1/plugins/com.st.stm32cube.ide.mcu.externaltools.gnu-tools-for-stm32.9-2020-q2-update.linux64_1.5.0.202011040924/tools/bin/../lib/gcc/arm-none-eabi/9.3.1/thumb/v6-m/nofp/crtbegin.o
LOAD /opt/st/stm32cubeide_1.6.1/plugins/com.st.stm32cube.ide.mcu.externaltools.gnu-tools-for-stm32.9-2020-q2-update.linux64_1.5.0.202011040924/tools/bin/../lib/gcc/arm-none-eabi/9.3.1/../../../../arm-none-eabi/lib/thumb/v6-m/nofp/crt0.o
LOAD Core/Src/NeoPixel.o
LOAD Core/Src/TouchBoard.o
LOAD Core/Src/TouchBoardGroup.o
LOAD Core/Src/main.o
LOAD Core/Src/stm32l0xx_hal_msp.o
LOAD Core/Src/stm32l0xx_it.o
LOAD Core/Src/syscalls.o
LOAD Core/Src/sysmem.o
LOAD Core/Src/system_stm32l0xx.o
LOAD Core/Src/wav_player.o
LOAD Core/Startup/startup_stm32l072vbtx.o
LOAD Drivers/STM32L0xx_HAL_Driver/Src/stm32l0xx_hal.o
LOAD Drivers/STM32L0xx_HAL_Driver/Src/stm32l0xx_hal_cortex.o
LOAD Drivers/STM32L0xx_HAL_Driver/Src/stm32l0xx_hal_dma.o
LOAD Drivers/STM32L0xx_HAL_Driver/Src/stm32l0xx_hal_flash.o
LOAD Drivers/STM32L0xx_HAL_Driver/Src/stm32l0xx_hal_flash_ex.o
LOAD Drivers/STM32L0xx_HAL_Driver/Src/stm32l0xx_hal_flash_ramfunc.o
LOAD Drivers/STM32L0xx_HAL_Driver/Src/stm32l0xx_hal_gpio.o
LOAD Drivers/STM32L0xx_HAL_Driver/Src/stm32l0xx_hal_i2c.o
LOAD Drivers/STM32L0xx_HAL_Driver/Src/stm32l0xx_hal_i2c_ex.o
LOAD Drivers/STM32L0xx_HAL_Driver/Src/stm32l0xx_hal_i2s.o
LOAD Drivers/STM32L0xx_HAL_Driver/Src/stm32l0xx_hal_pwr.o
LOAD Drivers/STM32L0xx_HAL_Driver/Src/stm32l0xx_hal_pwr_ex.o
LOAD Drivers/STM32L0xx_HAL_Driver/Src/stm32l0xx_hal_rcc.o
LOAD Drivers/STM32L0xx_HAL_Driver/Src/stm32l0xx_hal_rcc_ex.o
LOAD Drivers/STM32L0xx_HAL_Driver/Src/stm32l0xx_hal_spi.o
LOAD Drivers/STM32L0xx_HAL_Driver/Src/stm32l0xx_hal_tim.o
LOAD Drivers/STM32L0xx_HAL_Driver/Src/stm32l0xx_hal_tim_ex.o
LOAD Drivers/STM32L0xx_HAL_Driver/Src/stm32l0xx_hal_tsc.o
LOAD Middlewares/ST/STM32_TouchSensing_Library/src/tsl.o
LOAD Middlewares/ST/STM32_TouchSensing_Library/src/tsl_acq.o
LOAD Middlewares/ST/STM32_TouchSensing_Library/src/tsl_acq_tsc.o
LOAD Middlewares/ST/STM32_TouchSensing_Library/src/tsl_dxs.o
LOAD Middlewares/ST/STM32_TouchSensing_Library/src/tsl_ecs.o
LOAD Middlewares/ST/STM32_TouchSensing_Library/src/tsl_filter.o
LOAD Middlewares/ST/STM32_TouchSensing_Library/src/tsl_globals.o
LOAD Middlewares/ST/STM32_TouchSensing_Library/src/tsl_linrot.o
LOAD Middlewares/ST/STM32_TouchSensing_Library/src/tsl_object.o
LOAD Middlewares/ST/STM32_TouchSensing_Library/src/tsl_time.o
LOAD Middlewares/ST/STM32_TouchSensing_Library/src/tsl_touchkey.o
LOAD Middlewares/Third_Party/FatFs/src/ccsbcs.o
LOAD Middlewares/Third_Party/FatFs/src/diskio.o
LOAD Middlewares/Third_Party/FatFs/src/fat_sd_spi.o
LOAD Middlewares/Third_Party/FatFs/src/ff.o
LOAD Middlewares/Third_Party/FatFs/src/syscall.o
LOAD Middlewares/Third_Party/FatFs/src/unicode.o
LOAD TOUCHSENSING/App/stmCriticalSection.o
LOAD TOUCHSENSING/App/touchsensing.o
LOAD TOUCHSENSING/App/tsl_user.o
START GROUP
LOAD /opt/st/stm32cubeide_1.6.1/plugins/com.st.stm32cube.ide.mcu.externaltools.gnu-tools-for-stm32.9-2020-q2-update.linux64_1.5.0.202011040924/tools/bin/../lib/gcc/arm-none-eabi/9.3.1/../../../../arm-none-eabi/lib/thumb/v6-m/nofp/libstdc++_nano.a
LOAD /opt/st/stm32cubeide_1.6.1/plugins/com.st.stm32cube.ide.mcu.externaltools.gnu-tools-for-stm32.9-2020-q2-update.linux64_1.5.0.202011040924/tools/bin/../lib/gcc/arm-none-eabi/9.3.1/../../../../arm-none-eabi/lib/thumb/v6-m/nofp/libsupc++_nano.a
END GROUP
LOAD /opt/st/stm32cubeide_1.6.1/plugins/com.st.stm32cube.ide.mcu.externaltools.gnu-tools-for-stm32.9-2020-q2-update.linux64_1.5.0.202011040924/tools/bin/../lib/gcc/arm-none-eabi/9.3.1/../../../../arm-none-eabi/lib/thumb/v6-m/nofp/libstdc++_nano.a
LOAD /opt/st/stm32cubeide_1.6.1/plugins/com.st.stm32cube.ide.mcu.externaltools.gnu-tools-for-stm32.9-2020-q2-update.linux64_1.5.0.202011040924/tools/bin/../lib/gcc/arm-none-eabi/9.3.1/../../../../arm-none-eabi/lib/thumb/v6-m/nofp/libm.a
LOAD /opt/st/stm32cubeide_1.6.1/plugins/com.st.stm32cube.ide.mcu.externaltools.gnu-tools-for-stm32.9-2020-q2-update.linux64_1.5.0.202011040924/tools/bin/../lib/gcc/arm-none-eabi/9.3.1/../../../../arm-none-eabi/lib/thumb/v6-m/nofp/libc_nano.a
START GROUP
LOAD /opt/st/stm32cubeide_1.6.1/plugins/com.st.stm32cube.ide.mcu.externaltools.gnu-tools-for-stm32.9-2020-q2-update.linux64_1.5.0.202011040924/tools/bin/../lib/gcc/arm-none-eabi/9.3.1/thumb/v6-m/nofp/libgcc.a
LOAD /opt/st/stm32cubeide_1.6.1/plugins/com.st.stm32cube.ide.mcu.externaltools.gnu-tools-for-stm32.9-2020-q2-update.linux64_1.5.0.202011040924/tools/bin/../lib/gcc/arm-none-eabi/9.3.1/../../../../arm-none-eabi/lib/thumb/v6-m/nofp/libc_nano.a
END GROUP
START GROUP
LOAD /opt/st/stm32cubeide_1.6.1/plugins/com.st.stm32cube.ide.mcu.externaltools.gnu-tools-for-stm32.9-2020-q2-update.linux64_1.5.0.202011040924/tools/bin/../lib/gcc/arm-none-eabi/9.3.1/thumb/v6-m/nofp/libgcc.a
LOAD /opt/st/stm32cubeide_1.6.1/plugins/com.st.stm32cube.ide.mcu.externaltools.gnu-tools-for-stm32.9-2020-q2-update.linux64_1.5.0.202011040924/tools/bin/../lib/gcc/arm-none-eabi/9.3.1/../../../../arm-none-eabi/lib/thumb/v6-m/nofp/libc_nano.a
LOAD /opt/st/stm32cubeide_1.6.1/plugins/com.st.stm32cube.ide.mcu.externaltools.gnu-tools-for-stm32.9-2020-q2-update.linux64_1.5.0.202011040924/tools/bin/../lib/gcc/arm-none-eabi/9.3.1/../../../../arm-none-eabi/lib/thumb/v6-m/nofp/libnosys.a
END GROUP
START GROUP
LOAD /opt/st/stm32cubeide_1.6.1/plugins/com.st.stm32cube.ide.mcu.externaltools.gnu-tools-for-stm32.9-2020-q2-update.linux64_1.5.0.202011040924/tools/bin/../lib/gcc/arm-none-eabi/9.3.1/thumb/v6-m/nofp/libgcc.a
LOAD /opt/st/stm32cubeide_1.6.1/plugins/com.st.stm32cube.ide.mcu.externaltools.gnu-tools-for-stm32.9-2020-q2-update.linux64_1.5.0.202011040924/tools/bin/../lib/gcc/arm-none-eabi/9.3.1/../../../../arm-none-eabi/lib/thumb/v6-m/nofp/libc_nano.a
LOAD /opt/st/stm32cubeide_1.6.1/plugins/com.st.stm32cube.ide.mcu.externaltools.gnu-tools-for-stm32.9-2020-q2-update.linux64_1.5.0.202011040924/tools/bin/../lib/gcc/arm-none-eabi/9.3.1/../../../../arm-none-eabi/lib/thumb/v6-m/nofp/libnosys.a
END GROUP
LOAD /opt/st/stm32cubeide_1.6.1/plugins/com.st.stm32cube.ide.mcu.externaltools.gnu-tools-for-stm32.9-2020-q2-update.linux64_1.5.0.202011040924/tools/bin/../lib/gcc/arm-none-eabi/9.3.1/thumb/v6-m/nofp/crtend.o
LOAD /opt/st/stm32cubeide_1.6.1/plugins/com.st.stm32cube.ide.mcu.externaltools.gnu-tools-for-stm32.9-2020-q2-update.linux64_1.5.0.202011040924/tools/bin/../lib/gcc/arm-none-eabi/9.3.1/thumb/v6-m/nofp/crtn.o
                0x0000000020005000                _estack = (ORIGIN (RAM) + LENGTH (RAM))
                0x0000000000000200                _Min_Heap_Size = 0x200
                0x0000000000000400                _Min_Stack_Size = 0x400

.isr_vector     0x0000000008000000       0xc0
                0x0000000008000000                . = ALIGN (0x4)
 *(.isr_vector)
 .isr_vector    0x0000000008000000       0xc0 Core/Startup/startup_stm32l072vbtx.o
                0x0000000008000000                g_pfnVectors
                0x00000000080000c0                . = ALIGN (0x4)

.text           0x00000000080000c0     0x5648
                0x00000000080000c0                . = ALIGN (0x4)
 *(.text)
 .text          0x00000000080000c0       0x48 /opt/st/stm32cubeide_1.6.1/plugins/com.st.stm32cube.ide.mcu.externaltools.gnu-tools-for-stm32.9-2020-q2-update.linux64_1.5.0.202011040924/tools/bin/../lib/gcc/arm-none-eabi/9.3.1/thumb/v6-m/nofp/crtbegin.o
 .text          0x0000000008000108       0x14 /opt/st/stm32cubeide_1.6.1/plugins/com.st.stm32cube.ide.mcu.externaltools.gnu-tools-for-stm32.9-2020-q2-update.linux64_1.5.0.202011040924/tools/bin/../lib/gcc/arm-none-eabi/9.3.1/thumb/v6-m/nofp/libgcc.a(_thumb1_case_uqi.o)
                0x0000000008000108                __gnu_thumb1_case_uqi
 .text          0x000000000800011c      0x114 /opt/st/stm32cubeide_1.6.1/plugins/com.st.stm32cube.ide.mcu.externaltools.gnu-tools-for-stm32.9-2020-q2-update.linux64_1.5.0.202011040924/tools/bin/../lib/gcc/arm-none-eabi/9.3.1/thumb/v6-m/nofp/libgcc.a(_udivsi3.o)
                0x000000000800011c                __udivsi3
                0x000000000800011c                __aeabi_uidiv
                0x0000000008000228                __aeabi_uidivmod
 .text          0x0000000008000230        0x4 /opt/st/stm32cubeide_1.6.1/plugins/com.st.stm32cube.ide.mcu.externaltools.gnu-tools-for-stm32.9-2020-q2-update.linux64_1.5.0.202011040924/tools/bin/../lib/gcc/arm-none-eabi/9.3.1/thumb/v6-m/nofp/libgcc.a(_dvmd_tls.o)
                0x0000000008000230                __aeabi_ldiv0
                0x0000000008000230                __aeabi_idiv0
 *(.text*)
 .text._ZN8NeoPixelC2EtR17TIM_HandleTypeDefmR19__DMA_HandleTypeDef
                0x0000000008000234       0x50 Core/Src/NeoPixel.o
                0x0000000008000234                NeoPixel::NeoPixel(unsigned short, TIM_HandleTypeDef&, unsigned long, __DMA_HandleTypeDef&)
                0x0000000008000234                NeoPixel::NeoPixel(unsigned short, TIM_HandleTypeDef&, unsigned long, __DMA_HandleTypeDef&)
 .text._ZN8NeoPixelD2Ev
                0x0000000008000284       0x12 Core/Src/NeoPixel.o
                0x0000000008000284                NeoPixel::~NeoPixel()
                0x0000000008000284                NeoPixel::~NeoPixel()
 .text._ZN8NeoPixel12updateLengthEt
                0x0000000008000296       0x40 Core/Src/NeoPixel.o
                0x0000000008000296                NeoPixel::updateLength(unsigned short)
 .text._ZN8NeoPixel13setPixelColorEthhh
                0x00000000080002d6       0x70 Core/Src/NeoPixel.o
                0x00000000080002d6                NeoPixel::setPixelColor(unsigned short, unsigned char, unsigned char, unsigned char)
 *fill*         0x0000000008000346        0x2 
 .text._ZN8NeoPixel4showEv
                0x0000000008000348       0xc8 Core/Src/NeoPixel.o
                0x0000000008000348                NeoPixel::show()
 .text._ZN10TouchBoardC2Ev
                0x0000000008000410       0x62 Core/Src/TouchBoard.o
                0x0000000008000410                TouchBoard::TouchBoard()
                0x0000000008000410                TouchBoard::TouchBoard()
 .text._ZN10TouchBoardD2Ev
                0x0000000008000472       0x12 Core/Src/TouchBoard.o
                0x0000000008000472                TouchBoard::~TouchBoard()
                0x0000000008000472                TouchBoard::~TouchBoard()
 .text._ZN10TouchBoard16setAllPixelColorEhhh
                0x0000000008000484       0x72 Core/Src/TouchBoard.o
                0x0000000008000484                TouchBoard::setAllPixelColor(unsigned char, unsigned char, unsigned char)
 *fill*         0x00000000080004f6        0x2 
 .text._ZN10TouchBoard13getPixelColorEh
                0x00000000080004f8       0x64 Core/Src/TouchBoard.o
                0x00000000080004f8                TouchBoard::getPixelColor(unsigned char)
 .text._ZN10TouchBoard17setTouchKeyOffsetEh
                0x000000000800055c       0x1e Core/Src/TouchBoard.o
                0x000000000800055c                TouchBoard::setTouchKeyOffset(unsigned char)
 *fill*         0x000000000800057a        0x2 
 .text._ZN10TouchBoard16updateTouchStateEv
                0x000000000800057c       0x54 Core/Src/TouchBoard.o
                0x000000000800057c                TouchBoard::updateTouchState()
 .text._ZN10TouchBoard13getTouchStateEv
                0x00000000080005d0       0x14 Core/Src/TouchBoard.o
                0x00000000080005d0                TouchBoard::getTouchState()
 .text._ZnwjPv  0x00000000080005e4       0x14 Core/Src/TouchBoardGroup.o
                0x00000000080005e4                operator new(unsigned int, void*)
 .text._ZN15TouchBoardGroupC2EhR17TIM_HandleTypeDefmR19__DMA_HandleTypeDef
                0x00000000080005f8      0x104 Core/Src/TouchBoardGroup.o
                0x00000000080005f8                TouchBoardGroup::TouchBoardGroup(unsigned char, TIM_HandleTypeDef&, unsigned long, __DMA_HandleTypeDef&)
                0x00000000080005f8                TouchBoardGroup::TouchBoardGroup(unsigned char, TIM_HandleTypeDef&, unsigned long, __DMA_HandleTypeDef&)
 .text._ZN15TouchBoardGroupD2Ev
                0x00000000080006fc       0x40 Core/Src/TouchBoardGroup.o
                0x00000000080006fc                TouchBoardGroup::~TouchBoardGroup()
                0x00000000080006fc                TouchBoardGroup::~TouchBoardGroup()
 .text._ZN15TouchBoardGroup16setAllPixelColorEhhh
                0x000000000800073c       0x6a Core/Src/TouchBoardGroup.o
                0x000000000800073c                TouchBoardGroup::setAllPixelColor(unsigned char, unsigned char, unsigned char)
 .text._ZN15TouchBoardGroup13setBoardColorEhhhh
                0x00000000080007a6       0x54 Core/Src/TouchBoardGroup.o
                0x00000000080007a6                TouchBoardGroup::setBoardColor(unsigned char, unsigned char, unsigned char, unsigned char)
 .text._ZN15TouchBoardGroup10showPixelsEv
                0x00000000080007fa       0xa8 Core/Src/TouchBoardGroup.o
                0x00000000080007fa                TouchBoardGroup::showPixels()
 .text._ZN15TouchBoardGroup17updateTouchStatesEv
                0x00000000080008a2       0x44 Core/Src/TouchBoardGroup.o
                0x00000000080008a2                TouchBoardGroup::updateTouchStates()
 *fill*         0x00000000080008e6        0x2 
 .text._ZN15TouchBoardGroup14getTouchStatesEv
                0x00000000080008e8       0x74 Core/Src/TouchBoardGroup.o
                0x00000000080008e8                TouchBoardGroup::getTouchStates()
 .text._ZNSaI10TouchBoardEC2Ev
                0x000000000800095c       0x1a Core/Src/TouchBoardGroup.o
                0x000000000800095c                std::allocator<TouchBoard>::allocator()
                0x000000000800095c                std::allocator<TouchBoard>::allocator()
 .text._ZNSaI10TouchBoardED2Ev
                0x0000000008000976       0x1a Core/Src/TouchBoardGroup.o
                0x0000000008000976                std::allocator<TouchBoard>::~allocator()
                0x0000000008000976                std::allocator<TouchBoard>::~allocator()
 .text._ZNSt6vectorI10TouchBoardSaIS0_EEC2EjRKS1_
                0x0000000008000990       0x3c Core/Src/TouchBoardGroup.o
                0x0000000008000990                std::vector<TouchBoard, std::allocator<TouchBoard> >::vector(unsigned int, std::allocator<TouchBoard> const&)
                0x0000000008000990                std::vector<TouchBoard, std::allocator<TouchBoard> >::vector(unsigned int, std::allocator<TouchBoard> const&)
 .text._ZNSt6vectorI10TouchBoardSaIS0_EED2Ev
                0x00000000080009cc       0x36 Core/Src/TouchBoardGroup.o
                0x00000000080009cc                std::vector<TouchBoard, std::allocator<TouchBoard> >::~vector()
                0x00000000080009cc                std::vector<TouchBoard, std::allocator<TouchBoard> >::~vector()
 .text._ZNSaI15TouchState_enumEC2Ev
                0x0000000008000a02       0x1a Core/Src/TouchBoardGroup.o
                0x0000000008000a02                std::allocator<TouchState_enum>::allocator()
                0x0000000008000a02                std::allocator<TouchState_enum>::allocator()
 .text._ZNSaI15TouchState_enumED2Ev
                0x0000000008000a1c       0x1a Core/Src/TouchBoardGroup.o
                0x0000000008000a1c                std::allocator<TouchState_enum>::~allocator()
                0x0000000008000a1c                std::allocator<TouchState_enum>::~allocator()
 .text._ZNSt6vectorI15TouchState_enumSaIS0_EEC2EjRKS1_
                0x0000000008000a36       0x3c Core/Src/TouchBoardGroup.o
                0x0000000008000a36                std::vector<TouchState_enum, std::allocator<TouchState_enum> >::vector(unsigned int, std::allocator<TouchState_enum> const&)
                0x0000000008000a36                std::vector<TouchState_enum, std::allocator<TouchState_enum> >::vector(unsigned int, std::allocator<TouchState_enum> const&)
 .text._ZNSt6vectorI15TouchState_enumSaIS0_EED2Ev
                0x0000000008000a72       0x36 Core/Src/TouchBoardGroup.o
                0x0000000008000a72                std::vector<TouchState_enum, std::allocator<TouchState_enum> >::~vector()
                0x0000000008000a72                std::vector<TouchState_enum, std::allocator<TouchState_enum> >::~vector()
 .text._ZNSt6vectorI10TouchBoardSaIS0_EEixEj
                0x0000000008000aa8       0x1c Core/Src/TouchBoardGroup.o
                0x0000000008000aa8                std::vector<TouchBoard, std::allocator<TouchBoard> >::operator[](unsigned int)
 .text._ZNSt6vectorI15TouchState_enumSaIS0_EEixEj
                0x0000000008000ac4       0x1a Core/Src/TouchBoardGroup.o
                0x0000000008000ac4                std::vector<TouchState_enum, std::allocator<TouchState_enum> >::operator[](unsigned int)
 .text._ZNSt6vectorI15TouchState_enumSaIS0_EEC2ERKS2_
                0x0000000008000ade       0x7c Core/Src/TouchBoardGroup.o
                0x0000000008000ade                std::vector<TouchState_enum, std::allocator<TouchState_enum> >::vector(std::vector<TouchState_enum, std::allocator<TouchState_enum> > const&)
                0x0000000008000ade                std::vector<TouchState_enum, std::allocator<TouchState_enum> >::vector(std::vector<TouchState_enum, std::allocator<TouchState_enum> > const&)
 .text._ZN9__gnu_cxx13new_allocatorI10TouchBoardEC2Ev
                0x0000000008000b5a       0x12 Core/Src/TouchBoardGroup.o
                0x0000000008000b5a                __gnu_cxx::new_allocator<TouchBoard>::new_allocator()
                0x0000000008000b5a                __gnu_cxx::new_allocator<TouchBoard>::new_allocator()
 .text._ZN9__gnu_cxx13new_allocatorI10TouchBoardED2Ev
                0x0000000008000b6c       0x12 Core/Src/TouchBoardGroup.o
                0x0000000008000b6c                __gnu_cxx::new_allocator<TouchBoard>::~new_allocator()
                0x0000000008000b6c                __gnu_cxx::new_allocator<TouchBoard>::~new_allocator()
 *fill*         0x0000000008000b7e        0x2 
 .text._ZNSt6vectorI10TouchBoardSaIS0_EE17_S_check_init_lenEjRKS1_
                0x0000000008000b80       0x50 Core/Src/TouchBoardGroup.o
                0x0000000008000b80                std::vector<TouchBoard, std::allocator<TouchBoard> >::_S_check_init_len(unsigned int, std::allocator<TouchBoard> const&)
 .text._ZNSt12_Vector_baseI10TouchBoardSaIS0_EE12_Vector_implD2Ev
                0x0000000008000bd0       0x1a Core/Src/TouchBoardGroup.o
                0x0000000008000bd0                std::_Vector_base<TouchBoard, std::allocator<TouchBoard> >::_Vector_impl::~_Vector_impl()
                0x0000000008000bd0                std::_Vector_base<TouchBoard, std::allocator<TouchBoard> >::_Vector_impl::~_Vector_impl()
 .text._ZNSt12_Vector_baseI10TouchBoardSaIS0_EEC2EjRKS1_
                0x0000000008000bea       0x2e Core/Src/TouchBoardGroup.o
                0x0000000008000bea                std::_Vector_base<TouchBoard, std::allocator<TouchBoard> >::_Vector_base(unsigned int, std::allocator<TouchBoard> const&)
                0x0000000008000bea                std::_Vector_base<TouchBoard, std::allocator<TouchBoard> >::_Vector_base(unsigned int, std::allocator<TouchBoard> const&)
 .text._ZNSt12_Vector_baseI10TouchBoardSaIS0_EED2Ev
                0x0000000008000c18       0x34 Core/Src/TouchBoardGroup.o
                0x0000000008000c18                std::_Vector_base<TouchBoard, std::allocator<TouchBoard> >::~_Vector_base()
                0x0000000008000c18                std::_Vector_base<TouchBoard, std::allocator<TouchBoard> >::~_Vector_base()
 .text._ZNSt6vectorI10TouchBoardSaIS0_EE21_M_default_initializeEj
                0x0000000008000c4c       0x30 Core/Src/TouchBoardGroup.o
                0x0000000008000c4c                std::vector<TouchBoard, std::allocator<TouchBoard> >::_M_default_initialize(unsigned int)
 .text._ZNSt12_Vector_baseI10TouchBoardSaIS0_EE19_M_get_Tp_allocatorEv
                0x0000000008000c7c       0x12 Core/Src/TouchBoardGroup.o
                0x0000000008000c7c                std::_Vector_base<TouchBoard, std::allocator<TouchBoard> >::_M_get_Tp_allocator()
 .text._ZSt8_DestroyIP10TouchBoardS0_EvT_S2_RSaIT0_E
                0x0000000008000c8e       0x20 Core/Src/TouchBoardGroup.o
                0x0000000008000c8e                void std::_Destroy<TouchBoard*, TouchBoard>(TouchBoard*, TouchBoard*, std::allocator<TouchBoard>&)
 .text._ZN9__gnu_cxx13new_allocatorI15TouchState_enumEC2Ev
                0x0000000008000cae       0x12 Core/Src/TouchBoardGroup.o
                0x0000000008000cae                __gnu_cxx::new_allocator<TouchState_enum>::new_allocator()
                0x0000000008000cae                __gnu_cxx::new_allocator<TouchState_enum>::new_allocator()
 .text._ZN9__gnu_cxx13new_allocatorI15TouchState_enumED2Ev
                0x0000000008000cc0       0x12 Core/Src/TouchBoardGroup.o
                0x0000000008000cc0                __gnu_cxx::new_allocator<TouchState_enum>::~new_allocator()
                0x0000000008000cc0                __gnu_cxx::new_allocator<TouchState_enum>::~new_allocator()
 *fill*         0x0000000008000cd2        0x2 
 .text._ZNSt6vectorI15TouchState_enumSaIS0_EE17_S_check_init_lenEjRKS1_
                0x0000000008000cd4       0x50 Core/Src/TouchBoardGroup.o
                0x0000000008000cd4                std::vector<TouchState_enum, std::allocator<TouchState_enum> >::_S_check_init_len(unsigned int, std::allocator<TouchState_enum> const&)
 .text._ZNSt12_Vector_baseI15TouchState_enumSaIS0_EE12_Vector_implD2Ev
                0x0000000008000d24       0x1a Core/Src/TouchBoardGroup.o
                0x0000000008000d24                std::_Vector_base<TouchState_enum, std::allocator<TouchState_enum> >::_Vector_impl::~_Vector_impl()
                0x0000000008000d24                std::_Vector_base<TouchState_enum, std::allocator<TouchState_enum> >::_Vector_impl::~_Vector_impl()
 .text._ZNSt12_Vector_baseI15TouchState_enumSaIS0_EEC2EjRKS1_
                0x0000000008000d3e       0x2e Core/Src/TouchBoardGroup.o
                0x0000000008000d3e                std::_Vector_base<TouchState_enum, std::allocator<TouchState_enum> >::_Vector_base(unsigned int, std::allocator<TouchState_enum> const&)
                0x0000000008000d3e                std::_Vector_base<TouchState_enum, std::allocator<TouchState_enum> >::_Vector_base(unsigned int, std::allocator<TouchState_enum> const&)
 .text._ZNSt12_Vector_baseI15TouchState_enumSaIS0_EED2Ev
                0x0000000008000d6c       0x32 Core/Src/TouchBoardGroup.o
                0x0000000008000d6c                std::_Vector_base<TouchState_enum, std::allocator<TouchState_enum> >::~_Vector_base()
                0x0000000008000d6c                std::_Vector_base<TouchState_enum, std::allocator<TouchState_enum> >::~_Vector_base()
 .text._ZNSt6vectorI15TouchState_enumSaIS0_EE21_M_default_initializeEj
                0x0000000008000d9e       0x30 Core/Src/TouchBoardGroup.o
                0x0000000008000d9e                std::vector<TouchState_enum, std::allocator<TouchState_enum> >::_M_default_initialize(unsigned int)
 .text._ZNSt12_Vector_baseI15TouchState_enumSaIS0_EE19_M_get_Tp_allocatorEv
                0x0000000008000dce       0x12 Core/Src/TouchBoardGroup.o
                0x0000000008000dce                std::_Vector_base<TouchState_enum, std::allocator<TouchState_enum> >::_M_get_Tp_allocator()
 .text._ZSt8_DestroyIP15TouchState_enumS0_EvT_S2_RSaIT0_E
                0x0000000008000de0       0x20 Core/Src/TouchBoardGroup.o
                0x0000000008000de0                void std::_Destroy<TouchState_enum*, TouchState_enum>(TouchState_enum*, TouchState_enum*, std::allocator<TouchState_enum>&)
 .text._ZNKSt6vectorI15TouchState_enumSaIS0_EE4sizeEv
                0x0000000008000e00       0x1a Core/Src/TouchBoardGroup.o
                0x0000000008000e00                std::vector<TouchState_enum, std::allocator<TouchState_enum> >::size() const
 .text._ZN9__gnu_cxx14__alloc_traitsISaI15TouchState_enumES1_E17_S_select_on_copyERKS2_
                0x0000000008000e1a       0x1e Core/Src/TouchBoardGroup.o
                0x0000000008000e1a                __gnu_cxx::__alloc_traits<std::allocator<TouchState_enum>, TouchState_enum>::_S_select_on_copy(std::allocator<TouchState_enum> const&)
 .text._ZNKSt12_Vector_baseI15TouchState_enumSaIS0_EE19_M_get_Tp_allocatorEv
                0x0000000008000e38       0x12 Core/Src/TouchBoardGroup.o
                0x0000000008000e38                std::_Vector_base<TouchState_enum, std::allocator<TouchState_enum> >::_M_get_Tp_allocator() const
 .text._ZNKSt6vectorI15TouchState_enumSaIS0_EE5beginEv
                0x0000000008000e4a       0x28 Core/Src/TouchBoardGroup.o
                0x0000000008000e4a                std::vector<TouchState_enum, std::allocator<TouchState_enum> >::begin() const
 .text._ZNKSt6vectorI15TouchState_enumSaIS0_EE3endEv
                0x0000000008000e72       0x28 Core/Src/TouchBoardGroup.o
                0x0000000008000e72                std::vector<TouchState_enum, std::allocator<TouchState_enum> >::end() const
 .text._ZSt22__uninitialized_copy_aIN9__gnu_cxx17__normal_iteratorIPK15TouchState_enumSt6vectorIS2_SaIS2_EEEEPS2_S2_ET0_T_SB_SA_RSaIT1_E
                0x0000000008000e9a       0x24 Core/Src/TouchBoardGroup.o
                0x0000000008000e9a                TouchState_enum* std::__uninitialized_copy_a<__gnu_cxx::__normal_iterator<TouchState_enum const*, std::vector<TouchState_enum, std::allocator<TouchState_enum> > >, TouchState_enum*, TouchState_enum>(__gnu_cxx::__normal_iterator<TouchState_enum const*, std::vector<TouchState_enum, std::allocator<TouchState_enum> > >, __gnu_cxx::__normal_iterator<TouchState_enum const*, std::vector<TouchState_enum, std::allocator<TouchState_enum> > >, TouchState_enum*, std::allocator<TouchState_enum>&)
 *fill*         0x0000000008000ebe        0x2 
 .text._ZNSt6vectorI10TouchBoardSaIS0_EE11_S_max_sizeERKS1_
                0x0000000008000ec0       0x38 Core/Src/TouchBoardGroup.o
                0x0000000008000ec0                std::vector<TouchBoard, std::allocator<TouchBoard> >::_S_max_size(std::allocator<TouchBoard> const&)
 .text._ZNSaI10TouchBoardEC2ERKS0_
                0x0000000008000ef8       0x20 Core/Src/TouchBoardGroup.o
                0x0000000008000ef8                std::allocator<TouchBoard>::allocator(std::allocator<TouchBoard> const&)
                0x0000000008000ef8                std::allocator<TouchBoard>::allocator(std::allocator<TouchBoard> const&)
 .text._ZNSt12_Vector_baseI10TouchBoardSaIS0_EE12_Vector_implC2ERKS1_
                0x0000000008000f18       0x28 Core/Src/TouchBoardGroup.o
                0x0000000008000f18                std::_Vector_base<TouchBoard, std::allocator<TouchBoard> >::_Vector_impl::_Vector_impl(std::allocator<TouchBoard> const&)
                0x0000000008000f18                std::_Vector_base<TouchBoard, std::allocator<TouchBoard> >::_Vector_impl::_Vector_impl(std::allocator<TouchBoard> const&)
 .text._ZNSt12_Vector_baseI10TouchBoardSaIS0_EE17_M_create_storageEj
                0x0000000008000f40       0x3a Core/Src/TouchBoardGroup.o
                0x0000000008000f40                std::_Vector_base<TouchBoard, std::allocator<TouchBoard> >::_M_create_storage(unsigned int)
 .text._ZNSt12_Vector_baseI10TouchBoardSaIS0_EE13_M_deallocateEPS0_j
                0x0000000008000f7a       0x26 Core/Src/TouchBoardGroup.o
                0x0000000008000f7a                std::_Vector_base<TouchBoard, std::allocator<TouchBoard> >::_M_deallocate(TouchBoard*, unsigned int)
 .text._ZSt27__uninitialized_default_n_aIP10TouchBoardjS0_ET_S2_T0_RSaIT1_E
                0x0000000008000fa0       0x22 Core/Src/TouchBoardGroup.o
                0x0000000008000fa0                TouchBoard* std::__uninitialized_default_n_a<TouchBoard*, unsigned int, TouchBoard>(TouchBoard*, unsigned int, std::allocator<TouchBoard>&)
 .text._ZSt8_DestroyIP10TouchBoardEvT_S2_
                0x0000000008000fc2       0x1e Core/Src/TouchBoardGroup.o
                0x0000000008000fc2                void std::_Destroy<TouchBoard*>(TouchBoard*, TouchBoard*)
 .text._ZNSt6vectorI15TouchState_enumSaIS0_EE11_S_max_sizeERKS1_
                0x0000000008000fe0       0x38 Core/Src/TouchBoardGroup.o
                0x0000000008000fe0                std::vector<TouchState_enum, std::allocator<TouchState_enum> >::_S_max_size(std::allocator<TouchState_enum> const&)
 .text._ZNSaI15TouchState_enumEC2ERKS0_
                0x0000000008001018       0x20 Core/Src/TouchBoardGroup.o
                0x0000000008001018                std::allocator<TouchState_enum>::allocator(std::allocator<TouchState_enum> const&)
                0x0000000008001018                std::allocator<TouchState_enum>::allocator(std::allocator<TouchState_enum> const&)
 .text._ZNSt12_Vector_baseI15TouchState_enumSaIS0_EE12_Vector_implC2ERKS1_
                0x0000000008001038       0x28 Core/Src/TouchBoardGroup.o
                0x0000000008001038                std::_Vector_base<TouchState_enum, std::allocator<TouchState_enum> >::_Vector_impl::_Vector_impl(std::allocator<TouchState_enum> const&)
                0x0000000008001038                std::_Vector_base<TouchState_enum, std::allocator<TouchState_enum> >::_Vector_impl::_Vector_impl(std::allocator<TouchState_enum> const&)
 .text._ZNSt12_Vector_baseI15TouchState_enumSaIS0_EE17_M_create_storageEj
                0x0000000008001060       0x38 Core/Src/TouchBoardGroup.o
                0x0000000008001060                std::_Vector_base<TouchState_enum, std::allocator<TouchState_enum> >::_M_create_storage(unsigned int)
 .text._ZNSt12_Vector_baseI15TouchState_enumSaIS0_EE13_M_deallocateEPS0_j
                0x0000000008001098       0x26 Core/Src/TouchBoardGroup.o
                0x0000000008001098                std::_Vector_base<TouchState_enum, std::allocator<TouchState_enum> >::_M_deallocate(TouchState_enum*, unsigned int)
 .text._ZSt27__uninitialized_default_n_aIP15TouchState_enumjS0_ET_S2_T0_RSaIT1_E
                0x00000000080010be       0x22 Core/Src/TouchBoardGroup.o
                0x00000000080010be                TouchState_enum* std::__uninitialized_default_n_a<TouchState_enum*, unsigned int, TouchState_enum>(TouchState_enum*, unsigned int, std::allocator<TouchState_enum>&)
 .text._ZSt8_DestroyIP15TouchState_enumEvT_S2_
                0x00000000080010e0       0x1e Core/Src/TouchBoardGroup.o
                0x00000000080010e0                void std::_Destroy<TouchState_enum*>(TouchState_enum*, TouchState_enum*)
 .text._ZNSt16allocator_traitsISaI15TouchState_enumEE37select_on_container_copy_constructionERKS1_
                0x00000000080010fe       0x1e Core/Src/TouchBoardGroup.o
                0x00000000080010fe                std::allocator_traits<std::allocator<TouchState_enum> >::select_on_container_copy_construction(std::allocator<TouchState_enum> const&)
 .text._ZN9__gnu_cxx17__normal_iteratorIPK15TouchState_enumSt6vectorIS1_SaIS1_EEEC2ERKS3_
                0x000000000800111c       0x1c Core/Src/TouchBoardGroup.o
                0x000000000800111c                __gnu_cxx::__normal_iterator<TouchState_enum const*, std::vector<TouchState_enum, std::allocator<TouchState_enum> > >::__normal_iterator(TouchState_enum const* const&)
                0x000000000800111c                __gnu_cxx::__normal_iterator<TouchState_enum const*, std::vector<TouchState_enum, std::allocator<TouchState_enum> > >::__normal_iterator(TouchState_enum const* const&)
 .text._ZSt18uninitialized_copyIN9__gnu_cxx17__normal_iteratorIPK15TouchState_enumSt6vectorIS2_SaIS2_EEEEPS2_ET0_T_SB_SA_
                0x0000000008001138       0x2a Core/Src/TouchBoardGroup.o
                0x0000000008001138                TouchState_enum* std::uninitialized_copy<__gnu_cxx::__normal_iterator<TouchState_enum const*, std::vector<TouchState_enum, std::allocator<TouchState_enum> > >, TouchState_enum*>(__gnu_cxx::__normal_iterator<TouchState_enum const*, std::vector<TouchState_enum, std::allocator<TouchState_enum> > >, __gnu_cxx::__normal_iterator<TouchState_enum const*, std::vector<TouchState_enum, std::allocator<TouchState_enum> > >, TouchState_enum*)
 .text._ZNSt16allocator_traitsISaI10TouchBoardEE8max_sizeERKS1_
                0x0000000008001162       0x1a Core/Src/TouchBoardGroup.o
                0x0000000008001162                std::allocator_traits<std::allocator<TouchBoard> >::max_size(std::allocator<TouchBoard> const&)
 .text._ZSt3minIjERKT_S2_S2_
                0x000000000800117c       0x24 Core/Src/TouchBoardGroup.o
                0x000000000800117c                unsigned int const& std::min<unsigned int>(unsigned int const&, unsigned int const&)
 .text._ZN9__gnu_cxx13new_allocatorI10TouchBoardEC2ERKS2_
                0x00000000080011a0       0x14 Core/Src/TouchBoardGroup.o
                0x00000000080011a0                __gnu_cxx::new_allocator<TouchBoard>::new_allocator(__gnu_cxx::new_allocator<TouchBoard> const&)
                0x00000000080011a0                __gnu_cxx::new_allocator<TouchBoard>::new_allocator(__gnu_cxx::new_allocator<TouchBoard> const&)
 .text._ZNSt12_Vector_baseI10TouchBoardSaIS0_EE17_Vector_impl_dataC2Ev
                0x00000000080011b4       0x24 Core/Src/TouchBoardGroup.o
                0x00000000080011b4                std::_Vector_base<TouchBoard, std::allocator<TouchBoard> >::_Vector_impl_data::_Vector_impl_data()
                0x00000000080011b4                std::_Vector_base<TouchBoard, std::allocator<TouchBoard> >::_Vector_impl_data::_Vector_impl_data()
 .text._ZNSt12_Vector_baseI10TouchBoardSaIS0_EE11_M_allocateEj
                0x00000000080011d8       0x2a Core/Src/TouchBoardGroup.o
                0x00000000080011d8                std::_Vector_base<TouchBoard, std::allocator<TouchBoard> >::_M_allocate(unsigned int)
 .text._ZNSt16allocator_traitsISaI10TouchBoardEE10deallocateERS1_PS0_j
                0x0000000008001202       0x20 Core/Src/TouchBoardGroup.o
                0x0000000008001202                std::allocator_traits<std::allocator<TouchBoard> >::deallocate(std::allocator<TouchBoard>&, TouchBoard*, unsigned int)
 .text._ZSt25__uninitialized_default_nIP10TouchBoardjET_S2_T0_
                0x0000000008001222       0x28 Core/Src/TouchBoardGroup.o
                0x0000000008001222                TouchBoard* std::__uninitialized_default_n<TouchBoard*, unsigned int>(TouchBoard*, unsigned int)
 .text._ZNSt12_Destroy_auxILb0EE9__destroyIP10TouchBoardEEvT_S4_
                0x000000000800124a       0x32 Core/Src/TouchBoardGroup.o
                0x000000000800124a                void std::_Destroy_aux<false>::__destroy<TouchBoard*>(TouchBoard*, TouchBoard*)
 .text._ZNSt16allocator_traitsISaI15TouchState_enumEE8max_sizeERKS1_
                0x000000000800127c       0x1a Core/Src/TouchBoardGroup.o
                0x000000000800127c                std::allocator_traits<std::allocator<TouchState_enum> >::max_size(std::allocator<TouchState_enum> const&)
 .text._ZN9__gnu_cxx13new_allocatorI15TouchState_enumEC2ERKS2_
                0x0000000008001296       0x14 Core/Src/TouchBoardGroup.o
                0x0000000008001296                __gnu_cxx::new_allocator<TouchState_enum>::new_allocator(__gnu_cxx::new_allocator<TouchState_enum> const&)
                0x0000000008001296                __gnu_cxx::new_allocator<TouchState_enum>::new_allocator(__gnu_cxx::new_allocator<TouchState_enum> const&)
 .text._ZNSt12_Vector_baseI15TouchState_enumSaIS0_EE17_Vector_impl_dataC2Ev
                0x00000000080012aa       0x24 Core/Src/TouchBoardGroup.o
                0x00000000080012aa                std::_Vector_base<TouchState_enum, std::allocator<TouchState_enum> >::_Vector_impl_data::_Vector_impl_data()
                0x00000000080012aa                std::_Vector_base<TouchState_enum, std::allocator<TouchState_enum> >::_Vector_impl_data::_Vector_impl_data()
 .text._ZNSt12_Vector_baseI15TouchState_enumSaIS0_EE11_M_allocateEj
                0x00000000080012ce       0x2a Core/Src/TouchBoardGroup.o
                0x00000000080012ce                std::_Vector_base<TouchState_enum, std::allocator<TouchState_enum> >::_M_allocate(unsigned int)
 .text._ZNSt16allocator_traitsISaI15TouchState_enumEE10deallocateERS1_PS0_j
                0x00000000080012f8       0x20 Core/Src/TouchBoardGroup.o
                0x00000000080012f8                std::allocator_traits<std::allocator<TouchState_enum> >::deallocate(std::allocator<TouchState_enum>&, TouchState_enum*, unsigned int)
 .text._ZSt25__uninitialized_default_nIP15TouchState_enumjET_S2_T0_
                0x0000000008001318       0x28 Core/Src/TouchBoardGroup.o
                0x0000000008001318                TouchState_enum* std::__uninitialized_default_n<TouchState_enum*, unsigned int>(TouchState_enum*, unsigned int)
 .text._ZNSt12_Destroy_auxILb1EE9__destroyIP15TouchState_enumEEvT_S4_
                0x0000000008001340       0x12 Core/Src/TouchBoardGroup.o
                0x0000000008001340                void std::_Destroy_aux<true>::__destroy<TouchState_enum*>(TouchState_enum*, TouchState_enum*)
 .text._ZNSt20__uninitialized_copyILb1EE13__uninit_copyIN9__gnu_cxx17__normal_iteratorIPK15TouchState_enumSt6vectorIS4_SaIS4_EEEEPS4_EET0_T_SD_SC_
                0x0000000008001352       0x22 Core/Src/TouchBoardGroup.o
                0x0000000008001352                TouchState_enum* std::__uninitialized_copy<true>::__uninit_copy<__gnu_cxx::__normal_iterator<TouchState_enum const*, std::vector<TouchState_enum, std::allocator<TouchState_enum> > >, TouchState_enum*>(__gnu_cxx::__normal_iterator<TouchState_enum const*, std::vector<TouchState_enum, std::allocator<TouchState_enum> > >, __gnu_cxx::__normal_iterator<TouchState_enum const*, std::vector<TouchState_enum, std::allocator<TouchState_enum> > >, TouchState_enum*)
 .text._ZNK9__gnu_cxx13new_allocatorI10TouchBoardE8max_sizeEv
                0x0000000008001374       0x18 Core/Src/TouchBoardGroup.o
                0x0000000008001374                __gnu_cxx::new_allocator<TouchBoard>::max_size() const
 .text._ZNSt16allocator_traitsISaI10TouchBoardEE8allocateERS1_j
                0x000000000800138c       0x20 Core/Src/TouchBoardGroup.o
                0x000000000800138c                std::allocator_traits<std::allocator<TouchBoard> >::allocate(std::allocator<TouchBoard>&, unsigned int)
 .text._ZN9__gnu_cxx13new_allocatorI10TouchBoardE10deallocateEPS1_j
                0x00000000080013ac       0x1c Core/Src/TouchBoardGroup.o
                0x00000000080013ac                __gnu_cxx::new_allocator<TouchBoard>::deallocate(TouchBoard*, unsigned int)
 .text._ZNSt27__uninitialized_default_n_1ILb0EE18__uninit_default_nIP10TouchBoardjEET_S4_T0_
                0x00000000080013c8       0x3c Core/Src/TouchBoardGroup.o
                0x00000000080013c8                TouchBoard* std::__uninitialized_default_n_1<false>::__uninit_default_n<TouchBoard*, unsigned int>(TouchBoard*, unsigned int)
 .text._ZSt11__addressofI10TouchBoardEPT_RS1_
                0x0000000008001404       0x12 Core/Src/TouchBoardGroup.o
                0x0000000008001404                TouchBoard* std::__addressof<TouchBoard>(TouchBoard&)
 .text._ZSt8_DestroyI10TouchBoardEvPT_
                0x0000000008001416       0x18 Core/Src/TouchBoardGroup.o
                0x0000000008001416                void std::_Destroy<TouchBoard>(TouchBoard*)
 *fill*         0x000000000800142e        0x2 
 .text._ZNK9__gnu_cxx13new_allocatorI15TouchState_enumE8max_sizeEv
                0x0000000008001430       0x18 Core/Src/TouchBoardGroup.o
                0x0000000008001430                __gnu_cxx::new_allocator<TouchState_enum>::max_size() const
 .text._ZNSt16allocator_traitsISaI15TouchState_enumEE8allocateERS1_j
                0x0000000008001448       0x20 Core/Src/TouchBoardGroup.o
                0x0000000008001448                std::allocator_traits<std::allocator<TouchState_enum> >::allocate(std::allocator<TouchState_enum>&, unsigned int)
 .text._ZN9__gnu_cxx13new_allocatorI15TouchState_enumE10deallocateEPS1_j
                0x0000000008001468       0x1c Core/Src/TouchBoardGroup.o
                0x0000000008001468                __gnu_cxx::new_allocator<TouchState_enum>::deallocate(TouchState_enum*, unsigned int)
 .text._ZNSt27__uninitialized_default_n_1ILb1EE18__uninit_default_nIP15TouchState_enumjEET_S4_T0_
                0x0000000008001484       0x28 Core/Src/TouchBoardGroup.o
                0x0000000008001484                TouchState_enum* std::__uninitialized_default_n_1<true>::__uninit_default_n<TouchState_enum*, unsigned int>(TouchState_enum*, unsigned int)
 .text._ZSt4copyIN9__gnu_cxx17__normal_iteratorIPK15TouchState_enumSt6vectorIS2_SaIS2_EEEEPS2_ET0_T_SB_SA_
                0x00000000080014ac       0x34 Core/Src/TouchBoardGroup.o
                0x00000000080014ac                TouchState_enum* std::copy<__gnu_cxx::__normal_iterator<TouchState_enum const*, std::vector<TouchState_enum, std::allocator<TouchState_enum> > >, TouchState_enum*>(__gnu_cxx::__normal_iterator<TouchState_enum const*, std::vector<TouchState_enum, std::allocator<TouchState_enum> > >, __gnu_cxx::__normal_iterator<TouchState_enum const*, std::vector<TouchState_enum, std::allocator<TouchState_enum> > >, TouchState_enum*)
 .text._ZN9__gnu_cxx13new_allocatorI10TouchBoardE8allocateEjPKv
                0x00000000080014e0       0x3c Core/Src/TouchBoardGroup.o
                0x00000000080014e0                __gnu_cxx::new_allocator<TouchBoard>::allocate(unsigned int, void const*)
 .text._ZSt10_ConstructI10TouchBoardJEEvPT_DpOT0_
                0x000000000800151c       0x22 Core/Src/TouchBoardGroup.o
                0x000000000800151c                void std::_Construct<TouchBoard>(TouchBoard*)
 .text._ZN9__gnu_cxx13new_allocatorI15TouchState_enumE8allocateEjPKv
                0x000000000800153e       0x3a Core/Src/TouchBoardGroup.o
                0x000000000800153e                __gnu_cxx::new_allocator<TouchState_enum>::allocate(unsigned int, void const*)
 .text._ZSt6fill_nIP15TouchState_enumjS0_ET_S2_T0_RKT1_
                0x0000000008001578       0x36 Core/Src/TouchBoardGroup.o
                0x0000000008001578                TouchState_enum* std::fill_n<TouchState_enum*, unsigned int, TouchState_enum>(TouchState_enum*, unsigned int, TouchState_enum const&)
 .text._ZSt12__miter_baseIN9__gnu_cxx17__normal_iteratorIPK15TouchState_enumSt6vectorIS2_SaIS2_EEEEET_S9_
                0x00000000080015ae       0x12 Core/Src/TouchBoardGroup.o
                0x00000000080015ae                __gnu_cxx::__normal_iterator<TouchState_enum const*, std::vector<TouchState_enum, std::allocator<TouchState_enum> > > std::__miter_base<__gnu_cxx::__normal_iterator<TouchState_enum const*, std::vector<TouchState_enum, std::allocator<TouchState_enum> > > >(__gnu_cxx::__normal_iterator<TouchState_enum const*, std::vector<TouchState_enum, std::allocator<TouchState_enum> > >)
 .text._ZSt14__copy_move_a2ILb0EN9__gnu_cxx17__normal_iteratorIPK15TouchState_enumSt6vectorIS2_SaIS2_EEEEPS2_ET1_T0_SB_SA_
                0x00000000080015c0       0x4a Core/Src/TouchBoardGroup.o
                0x00000000080015c0                TouchState_enum* std::__copy_move_a2<false, __gnu_cxx::__normal_iterator<TouchState_enum const*, std::vector<TouchState_enum, std::allocator<TouchState_enum> > >, TouchState_enum*>(__gnu_cxx::__normal_iterator<TouchState_enum const*, std::vector<TouchState_enum, std::allocator<TouchState_enum> > >, __gnu_cxx::__normal_iterator<TouchState_enum const*, std::vector<TouchState_enum, std::allocator<TouchState_enum> > >, TouchState_enum*)
 .text._ZSt12__niter_baseIP15TouchState_enumET_S2_
                0x000000000800160a       0x12 Core/Src/TouchBoardGroup.o
                0x000000000800160a                TouchState_enum* std::__niter_base<TouchState_enum*>(TouchState_enum*)
 .text._ZSt10__fill_n_aIP15TouchState_enumjS0_EN9__gnu_cxx11__enable_ifIXntsrSt11__is_scalarIT1_E7__valueET_E6__typeES7_T0_RKS5_
                0x000000000800161c       0x36 Core/Src/TouchBoardGroup.o
                0x000000000800161c                __gnu_cxx::__enable_if<!std::__is_scalar<TouchState_enum>::__value, TouchState_enum*>::__type std::__fill_n_a<TouchState_enum*, unsigned int, TouchState_enum>(TouchState_enum*, unsigned int, TouchState_enum const&)
 .text._ZSt12__niter_wrapIP15TouchState_enumET_RKS2_S2_
                0x0000000008001652       0x14 Core/Src/TouchBoardGroup.o
                0x0000000008001652                TouchState_enum* std::__niter_wrap<TouchState_enum*>(TouchState_enum* const&, TouchState_enum*)
 .text._ZSt12__niter_baseIPK15TouchState_enumSt6vectorIS0_SaIS0_EEET_N9__gnu_cxx17__normal_iteratorIS6_T0_EE
                0x0000000008001666       0x1c Core/Src/TouchBoardGroup.o
                0x0000000008001666                TouchState_enum const* std::__niter_base<TouchState_enum const*, std::vector<TouchState_enum, std::allocator<TouchState_enum> > >(__gnu_cxx::__normal_iterator<TouchState_enum const*, std::vector<TouchState_enum, std::allocator<TouchState_enum> > >)
 .text._ZSt13__copy_move_aILb0EPK15TouchState_enumPS0_ET1_T0_S5_S4_
                0x0000000008001682       0x2a Core/Src/TouchBoardGroup.o
                0x0000000008001682                TouchState_enum* std::__copy_move_a<false, TouchState_enum const*, TouchState_enum*>(TouchState_enum const*, TouchState_enum const*, TouchState_enum*)
 .text._ZNK9__gnu_cxx17__normal_iteratorIPK15TouchState_enumSt6vectorIS1_SaIS1_EEE4baseEv
                0x00000000080016ac       0x12 Core/Src/TouchBoardGroup.o
                0x00000000080016ac                __gnu_cxx::__normal_iterator<TouchState_enum const*, std::vector<TouchState_enum, std::allocator<TouchState_enum> > >::base() const
 .text._ZNSt11__copy_moveILb0ELb1ESt26random_access_iterator_tagE8__copy_mI15TouchState_enumEEPT_PKS4_S7_S5_
                0x00000000080016be       0x34 Core/Src/TouchBoardGroup.o
                0x00000000080016be                TouchState_enum* std::__copy_move<false, true, std::random_access_iterator_tag>::__copy_m<TouchState_enum>(TouchState_enum const*, TouchState_enum const*, TouchState_enum*)
 *fill*         0x00000000080016f2        0x2 
 .text.main     0x00000000080016f4      0x190 Core/Src/main.o
                0x00000000080016f4                main
 .text._Z18SystemClock_Configv
                0x0000000008001884       0xc8 Core/Src/main.o
                0x0000000008001884                SystemClock_Config()
 .text._ZL12MX_I2S2_Initv
                0x000000000800194c       0x5c Core/Src/main.o
 .text._ZL12MX_SPI1_Initv
                0x00000000080019a8       0x78 Core/Src/main.o
 .text._ZL12MX_TIM2_Initv
                0x0000000008001a20      0x15c Core/Src/main.o
 .text._ZL11MX_TSC_Initv
                0x0000000008001b7c       0x94 Core/Src/main.o
 .text._ZL11MX_DMA_Initv
                0x0000000008001c10       0x5c Core/Src/main.o
 .text._ZL12MX_GPIO_Initv
                0x0000000008001c6c      0x258 Core/Src/main.o
 .text.Error_Handler
                0x0000000008001ec4        0xa Core/Src/main.o
                0x0000000008001ec4                Error_Handler
 .text._ZNSt6vectorI15TouchState_enumSaIS0_EEaSEOS2_
                0x0000000008001ece       0x30 Core/Src/main.o
                0x0000000008001ece                std::vector<TouchState_enum, std::allocator<TouchState_enum> >::operator=(std::vector<TouchState_enum, std::allocator<TouchState_enum> >&&)
 .text._ZSt4moveIRSt6vectorI15TouchState_enumSaIS1_EEEONSt16remove_referenceIT_E4typeEOS6_
                0x0000000008001efe       0x12 Core/Src/main.o
                0x0000000008001efe                std::remove_reference<std::vector<TouchState_enum, std::allocator<TouchState_enum> >&>::type&& std::move<std::vector<TouchState_enum, std::allocator<TouchState_enum> >&>(std::vector<TouchState_enum, std::allocator<TouchState_enum> >&)
 .text._ZNSt6vectorI15TouchState_enumSaIS0_EE14_M_move_assignEOS2_St17integral_constantIbLb1EE
                0x0000000008001f10       0x76 Core/Src/main.o
                0x0000000008001f10                std::vector<TouchState_enum, std::allocator<TouchState_enum> >::_M_move_assign(std::vector<TouchState_enum, std::allocator<TouchState_enum> >&&, std::integral_constant<bool, true>)
 .text._ZNKSt12_Vector_baseI15TouchState_enumSaIS0_EE13get_allocatorEv
                0x0000000008001f86       0x26 Core/Src/main.o
                0x0000000008001f86                std::_Vector_base<TouchState_enum, std::allocator<TouchState_enum> >::get_allocator() const
 .text._ZNSt6vectorI15TouchState_enumSaIS0_EEC2ERKS1_
                0x0000000008001fac       0x20 Core/Src/main.o
                0x0000000008001fac                std::vector<TouchState_enum, std::allocator<TouchState_enum> >::vector(std::allocator<TouchState_enum> const&)
                0x0000000008001fac                std::vector<TouchState_enum, std::allocator<TouchState_enum> >::vector(std::allocator<TouchState_enum> const&)
 .text._ZNSt12_Vector_baseI15TouchState_enumSaIS0_EE17_Vector_impl_data12_M_swap_dataERS3_
                0x0000000008001fcc       0x40 Core/Src/main.o
                0x0000000008001fcc                std::_Vector_base<TouchState_enum, std::allocator<TouchState_enum> >::_Vector_impl_data::_M_swap_data(std::_Vector_base<TouchState_enum, std::allocator<TouchState_enum> >::_Vector_impl_data&)
 .text._ZSt15__alloc_on_moveISaI15TouchState_enumEEvRT_S3_
                0x000000000800200c       0x1c Core/Src/main.o
                0x000000000800200c                void std::__alloc_on_move<std::allocator<TouchState_enum> >(std::allocator<TouchState_enum>&, std::allocator<TouchState_enum>&)
 .text._ZNSt12_Vector_baseI15TouchState_enumSaIS0_EEC2ERKS1_
                0x0000000008002028       0x20 Core/Src/main.o
                0x0000000008002028                std::_Vector_base<TouchState_enum, std::allocator<TouchState_enum> >::_Vector_base(std::allocator<TouchState_enum> const&)
                0x0000000008002028                std::_Vector_base<TouchState_enum, std::allocator<TouchState_enum> >::_Vector_base(std::allocator<TouchState_enum> const&)
 .text._ZNSt12_Vector_baseI15TouchState_enumSaIS0_EE17_Vector_impl_data12_M_copy_dataERKS3_
                0x0000000008002048       0x2a Core/Src/main.o
                0x0000000008002048                std::_Vector_base<TouchState_enum, std::allocator<TouchState_enum> >::_Vector_impl_data::_M_copy_data(std::_Vector_base<TouchState_enum, std::allocator<TouchState_enum> >::_Vector_impl_data const&)
 .text._ZSt18__do_alloc_on_moveISaI15TouchState_enumEEvRT_S3_St17integral_constantIbLb1EE
                0x0000000008002072       0x1e Core/Src/main.o
                0x0000000008002072                void std::__do_alloc_on_move<std::allocator<TouchState_enum> >(std::allocator<TouchState_enum>&, std::allocator<TouchState_enum>&, std::integral_constant<bool, true>)
 .text._ZSt4moveIRSaI15TouchState_enumEEONSt16remove_referenceIT_E4typeEOS4_
                0x0000000008002090       0x12 Core/Src/main.o
                0x0000000008002090                std::remove_reference<std::allocator<TouchState_enum>&>::type&& std::move<std::allocator<TouchState_enum>&>(std::allocator<TouchState_enum>&)
 *fill*         0x00000000080020a2        0x2 
 .text._Z41__static_initialization_and_destruction_0ii
                0x00000000080020a4       0x80 Core/Src/main.o
 .text._GLOBAL__sub_I_wav_buf
                0x0000000008002124       0x18 Core/Src/main.o
 .text._GLOBAL__sub_D_wav_buf
                0x000000000800213c       0x18 Core/Src/main.o
 .text.HAL_MspInit
                0x0000000008002154       0x1c Core/Src/stm32l0xx_hal_msp.o
                0x0000000008002154                HAL_MspInit
 .text.HAL_I2S_MspInit
                0x0000000008002170       0xc0 Core/Src/stm32l0xx_hal_msp.o
                0x0000000008002170                HAL_I2S_MspInit
 .text.HAL_SPI_MspInit
                0x0000000008002230       0xcc Core/Src/stm32l0xx_hal_msp.o
                0x0000000008002230                HAL_SPI_MspInit
 .text.HAL_TIM_Base_MspInit
                0x00000000080022fc       0xd4 Core/Src/stm32l0xx_hal_msp.o
                0x00000000080022fc                HAL_TIM_Base_MspInit
 .text.HAL_TIM_MspPostInit
                0x00000000080023d0       0x54 Core/Src/stm32l0xx_hal_msp.o
                0x00000000080023d0                HAL_TIM_MspPostInit
 .text.HAL_TSC_MspInit
                0x0000000008002424      0x108 Core/Src/stm32l0xx_hal_msp.o
                0x0000000008002424                HAL_TSC_MspInit
 .text.NMI_Handler
                0x000000000800252c        0x2 Core/Src/stm32l0xx_it.o
                0x000000000800252c                NMI_Handler
 .text.HardFault_Handler
                0x000000000800252e        0x2 Core/Src/stm32l0xx_it.o
                0x000000000800252e                HardFault_Handler
 .text.SVC_Handler
                0x0000000008002530        0x2 Core/Src/stm32l0xx_it.o
                0x0000000008002530                SVC_Handler
 .text.PendSV_Handler
                0x0000000008002532        0x2 Core/Src/stm32l0xx_it.o
                0x0000000008002532                PendSV_Handler
 .text.SysTick_Handler
                0x0000000008002534        0xc Core/Src/stm32l0xx_it.o
                0x0000000008002534                SysTick_Handler
 .text.DMA1_Channel1_IRQHandler
                0x0000000008002540       0x10 Core/Src/stm32l0xx_it.o
                0x0000000008002540                DMA1_Channel1_IRQHandler
 .text.DMA1_Channel2_3_IRQHandler
                0x0000000008002550       0x18 Core/Src/stm32l0xx_it.o
                0x0000000008002550                DMA1_Channel2_3_IRQHandler
 .text.DMA1_Channel4_5_6_7_IRQHandler
                0x0000000008002568       0x24 Core/Src/stm32l0xx_it.o
                0x0000000008002568                DMA1_Channel4_5_6_7_IRQHandler
 .text._getpid  0x000000000800258c        0x4 Core/Src/syscalls.o
                0x000000000800258c                _getpid
 .text._kill    0x0000000008002590       0x10 Core/Src/syscalls.o
                0x0000000008002590                _kill
 .text._exit    0x00000000080025a0        0xc Core/Src/syscalls.o
                0x00000000080025a0                _exit
 .text._sbrk    0x00000000080025ac       0x40 Core/Src/sysmem.o
                0x00000000080025ac                _sbrk
 .text.SystemInit
                0x00000000080025ec       0x5c Core/Src/system_stm32l0xx.o
                0x00000000080025ec                SystemInit
 .text.Reset_Handler
                0x0000000008002648       0x50 Core/Startup/startup_stm32l072vbtx.o
                0x0000000008002648                Reset_Handler
 .text.Default_Handler
                0x0000000008002698        0x2 Core/Startup/startup_stm32l072vbtx.o
                0x0000000008002698                TSC_IRQHandler
                0x0000000008002698                ADC1_COMP_IRQHandler
                0x0000000008002698                PVD_IRQHandler
                0x0000000008002698                I2C1_IRQHandler
                0x0000000008002698                RCC_CRS_IRQHandler
                0x0000000008002698                SPI1_IRQHandler
                0x0000000008002698                TIM6_DAC_IRQHandler
                0x0000000008002698                EXTI2_3_IRQHandler
                0x0000000008002698                I2C2_IRQHandler
                0x0000000008002698                RTC_IRQHandler
                0x0000000008002698                TIM3_IRQHandler
                0x0000000008002698                EXTI4_15_IRQHandler
                0x0000000008002698                USART4_5_IRQHandler
                0x0000000008002698                Default_Handler
                0x0000000008002698                TIM22_IRQHandler
                0x0000000008002698                TIM7_IRQHandler
                0x0000000008002698                EXTI0_1_IRQHandler
                0x0000000008002698                USB_IRQHandler
                0x0000000008002698                I2C3_IRQHandler
                0x0000000008002698                SPI2_IRQHandler
                0x0000000008002698                TIM21_IRQHandler
                0x0000000008002698                WWDG_IRQHandler
                0x0000000008002698                TIM2_IRQHandler
                0x0000000008002698                USART2_IRQHandler
                0x0000000008002698                FLASH_IRQHandler
                0x0000000008002698                USART1_IRQHandler
                0x0000000008002698                RNG_LPUART1_IRQHandler
                0x0000000008002698                LPTIM1_IRQHandler
 *fill*         0x000000000800269a        0x2 
 .text.HAL_InitTick
                0x000000000800269c       0x30 Drivers/STM32L0xx_HAL_Driver/Src/stm32l0xx_hal.o
                0x000000000800269c                HAL_InitTick
 .text.HAL_Init
                0x00000000080026cc       0x28 Drivers/STM32L0xx_HAL_Driver/Src/stm32l0xx_hal.o
                0x00000000080026cc                HAL_Init
 .text.HAL_IncTick
                0x00000000080026f4       0x10 Drivers/STM32L0xx_HAL_Driver/Src/stm32l0xx_hal.o
                0x00000000080026f4                HAL_IncTick
 .text.HAL_GetTick
                0x0000000008002704        0xc Drivers/STM32L0xx_HAL_Driver/Src/stm32l0xx_hal.o
                0x0000000008002704                HAL_GetTick
 .text.HAL_Delay
                0x0000000008002710       0x1e Drivers/STM32L0xx_HAL_Driver/Src/stm32l0xx_hal.o
                0x0000000008002710                HAL_Delay
 *fill*         0x000000000800272e        0x2 
 .text.HAL_NVIC_SetPriority
                0x0000000008002730       0x54 Drivers/STM32L0xx_HAL_Driver/Src/stm32l0xx_hal_cortex.o
                0x0000000008002730                HAL_NVIC_SetPriority
 .text.HAL_NVIC_EnableIRQ
                0x0000000008002784       0x14 Drivers/STM32L0xx_HAL_Driver/Src/stm32l0xx_hal_cortex.o
                0x0000000008002784                HAL_NVIC_EnableIRQ
 .text.HAL_SYSTICK_Config
                0x0000000008002798       0x34 Drivers/STM32L0xx_HAL_Driver/Src/stm32l0xx_hal_cortex.o
                0x0000000008002798                HAL_SYSTICK_Config
 .text.HAL_DMA_Init
                0x00000000080027cc       0x88 Drivers/STM32L0xx_HAL_Driver/Src/stm32l0xx_hal_dma.o
                0x00000000080027cc                HAL_DMA_Init
 .text.HAL_DMA_Start_IT
                0x0000000008002854       0x80 Drivers/STM32L0xx_HAL_Driver/Src/stm32l0xx_hal_dma.o
                0x0000000008002854                HAL_DMA_Start_IT
 .text.HAL_DMA_IRQHandler
                0x00000000080028d4       0x96 Drivers/STM32L0xx_HAL_Driver/Src/stm32l0xx_hal_dma.o
                0x00000000080028d4                HAL_DMA_IRQHandler
 *fill*         0x000000000800296a        0x2 
 .text.HAL_GPIO_Init
                0x000000000800296c      0x17c Drivers/STM32L0xx_HAL_Driver/Src/stm32l0xx_hal_gpio.o
                0x000000000800296c                HAL_GPIO_Init
 .text.HAL_GPIO_WritePin
                0x0000000008002ae8        0xc Drivers/STM32L0xx_HAL_Driver/Src/stm32l0xx_hal_gpio.o
                0x0000000008002ae8                HAL_GPIO_WritePin
 .text.HAL_I2S_Init
                0x0000000008002af4       0xf4 Drivers/STM32L0xx_HAL_Driver/Src/stm32l0xx_hal_i2s.o
                0x0000000008002af4                HAL_I2S_Init
 .text.HAL_RCC_GetSysClockFreq
                0x0000000008002be8       0x80 Drivers/STM32L0xx_HAL_Driver/Src/stm32l0xx_hal_rcc.o
                0x0000000008002be8                HAL_RCC_GetSysClockFreq
 .text.HAL_RCC_OscConfig
                0x0000000008002c68      0x510 Drivers/STM32L0xx_HAL_Driver/Src/stm32l0xx_hal_rcc.o
                0x0000000008002c68                HAL_RCC_OscConfig
 .text.HAL_RCC_ClockConfig
                0x0000000008003178      0x170 Drivers/STM32L0xx_HAL_Driver/Src/stm32l0xx_hal_rcc.o
                0x0000000008003178                HAL_RCC_ClockConfig
 .text.SPI_WaitFlagStateUntilTimeout.constprop.0
                0x00000000080032e8       0x84 Drivers/STM32L0xx_HAL_Driver/Src/stm32l0xx_hal_spi.o
 .text.SPI_EndRxTransaction
                0x000000000800336c       0x54 Drivers/STM32L0xx_HAL_Driver/Src/stm32l0xx_hal_spi.o
 .text.SPI_EndRxTxTransaction
                0x00000000080033c0       0x3e Drivers/STM32L0xx_HAL_Driver/Src/stm32l0xx_hal_spi.o
 *fill*         0x00000000080033fe        0x2 
 .text.HAL_SPI_Init
                0x0000000008003400       0x80 Drivers/STM32L0xx_HAL_Driver/Src/stm32l0xx_hal_spi.o
                0x0000000008003400                HAL_SPI_Init
 .text.HAL_SPI_TransmitReceive
                0x0000000008003480      0x1ea Drivers/STM32L0xx_HAL_Driver/Src/stm32l0xx_hal_spi.o
                0x0000000008003480                HAL_SPI_TransmitReceive
 *fill*         0x000000000800366a        0x2 
 .text.HAL_SPI_TransmitReceive_DMA
                0x000000000800366c      0x114 Drivers/STM32L0xx_HAL_Driver/Src/stm32l0xx_hal_spi.o
                0x000000000800366c                HAL_SPI_TransmitReceive_DMA
 .text.HAL_SPI_Receive_DMA
                0x0000000008003780       0xe8 Drivers/STM32L0xx_HAL_Driver/Src/stm32l0xx_hal_spi.o
                0x0000000008003780                HAL_SPI_Receive_DMA
 .text.HAL_SPI_TxRxCpltCallback
                0x0000000008003868        0x2 Drivers/STM32L0xx_HAL_Driver/Src/stm32l0xx_hal_spi.o
                0x0000000008003868                HAL_SPI_TxRxCpltCallback
 .text.HAL_SPI_RxHalfCpltCallback
                0x000000000800386a        0x2 Drivers/STM32L0xx_HAL_Driver/Src/stm32l0xx_hal_spi.o
                0x000000000800386a                HAL_SPI_RxHalfCpltCallback
 .text.SPI_DMAHalfReceiveCplt
                0x000000000800386c        0xa Drivers/STM32L0xx_HAL_Driver/Src/stm32l0xx_hal_spi.o
 .text.HAL_SPI_TxRxHalfCpltCallback
                0x0000000008003876        0x2 Drivers/STM32L0xx_HAL_Driver/Src/stm32l0xx_hal_spi.o
                0x0000000008003876                HAL_SPI_TxRxHalfCpltCallback
 .text.SPI_DMAHalfTransmitReceiveCplt
                0x0000000008003878        0xa Drivers/STM32L0xx_HAL_Driver/Src/stm32l0xx_hal_spi.o
 .text.HAL_SPI_ErrorCallback
                0x0000000008003882        0x2 Drivers/STM32L0xx_HAL_Driver/Src/stm32l0xx_hal_spi.o
                0x0000000008003882                HAL_SPI_ErrorCallback
 .text.SPI_DMAError
                0x0000000008003884       0x24 Drivers/STM32L0xx_HAL_Driver/Src/stm32l0xx_hal_spi.o
 .text.SPI_DMAReceiveCplt
                0x00000000080038a8       0x56 Drivers/STM32L0xx_HAL_Driver/Src/stm32l0xx_hal_spi.o
 .text.SPI_DMATransmitReceiveCplt
                0x00000000080038fe       0x5e Drivers/STM32L0xx_HAL_Driver/Src/stm32l0xx_hal_spi.o
 .text.TIM_Base_SetConfig
                0x000000000800395c       0x70 Drivers/STM32L0xx_HAL_Driver/Src/stm32l0xx_hal_tim.o
 .text.TIM_OC1_SetConfig
                0x00000000080039cc       0x2c Drivers/STM32L0xx_HAL_Driver/Src/stm32l0xx_hal_tim.o
 .text.TIM_OC2_SetConfig
                0x00000000080039f8       0x38 Drivers/STM32L0xx_HAL_Driver/Src/stm32l0xx_hal_tim.o
 .text.TIM_CCxChannelCmd
                0x0000000008003a30       0x1a Drivers/STM32L0xx_HAL_Driver/Src/stm32l0xx_hal_tim.o
 .text.HAL_TIM_Base_Init
                0x0000000008003a4a       0x36 Drivers/STM32L0xx_HAL_Driver/Src/stm32l0xx_hal_tim.o
                0x0000000008003a4a                HAL_TIM_Base_Init
 .text.HAL_TIM_OC_Start_DMA
                0x0000000008003a80       0xf8 Drivers/STM32L0xx_HAL_Driver/Src/stm32l0xx_hal_tim.o
                0x0000000008003a80                HAL_TIM_OC_Start_DMA
 .text.HAL_TIM_PWM_MspInit
                0x0000000008003b78        0x2 Drivers/STM32L0xx_HAL_Driver/Src/stm32l0xx_hal_tim.o
                0x0000000008003b78                HAL_TIM_PWM_MspInit
 .text.HAL_TIM_PWM_Init
                0x0000000008003b7a       0x36 Drivers/STM32L0xx_HAL_Driver/Src/stm32l0xx_hal_tim.o
                0x0000000008003b7a                HAL_TIM_PWM_Init
 .text.HAL_TIM_PWM_Start_DMA
                0x0000000008003bb0        0x8 Drivers/STM32L0xx_HAL_Driver/Src/stm32l0xx_hal_tim.o
                0x0000000008003bb0                HAL_TIM_PWM_Start_DMA
 .text.HAL_TIM_PWM_ConfigChannel
                0x0000000008003bb8      0x12c Drivers/STM32L0xx_HAL_Driver/Src/stm32l0xx_hal_tim.o
                0x0000000008003bb8                HAL_TIM_PWM_ConfigChannel
 .text.HAL_TIM_ConfigClockSource
                0x0000000008003ce4      0x140 Drivers/STM32L0xx_HAL_Driver/Src/stm32l0xx_hal_tim.o
                0x0000000008003ce4                HAL_TIM_ConfigClockSource
 .text.HAL_TIM_PWM_PulseFinishedCallback
                0x0000000008003e24        0x2 Drivers/STM32L0xx_HAL_Driver/Src/stm32l0xx_hal_tim.o
                0x0000000008003e24                HAL_TIM_PWM_PulseFinishedCallback
 .text.TIM_DMADelayPulseCplt
                0x0000000008003e26       0x3e Drivers/STM32L0xx_HAL_Driver/Src/stm32l0xx_hal_tim.o
                0x0000000008003e26                TIM_DMADelayPulseCplt
 .text.HAL_TIM_PWM_PulseFinishedHalfCpltCallback
                0x0000000008003e64        0x2 Drivers/STM32L0xx_HAL_Driver/Src/stm32l0xx_hal_tim.o
                0x0000000008003e64                HAL_TIM_PWM_PulseFinishedHalfCpltCallback
 .text.TIM_DMADelayPulseHalfCplt
                0x0000000008003e66       0x3e Drivers/STM32L0xx_HAL_Driver/Src/stm32l0xx_hal_tim.o
                0x0000000008003e66                TIM_DMADelayPulseHalfCplt
 .text.HAL_TIM_ErrorCallback
                0x0000000008003ea4        0x2 Drivers/STM32L0xx_HAL_Driver/Src/stm32l0xx_hal_tim.o
                0x0000000008003ea4                HAL_TIM_ErrorCallback
 .text.TIM_DMAError
                0x0000000008003ea6       0x12 Drivers/STM32L0xx_HAL_Driver/Src/stm32l0xx_hal_tim.o
                0x0000000008003ea6                TIM_DMAError
 .text.HAL_TIMEx_MasterConfigSynchronization
                0x0000000008003eb8       0x3c Drivers/STM32L0xx_HAL_Driver/Src/stm32l0xx_hal_tim_ex.o
                0x0000000008003eb8                HAL_TIMEx_MasterConfigSynchronization
 .text.TSC_extract_groups
                0x0000000008003ef4       0x24 Drivers/STM32L0xx_HAL_Driver/Src/stm32l0xx_hal_tsc.o
 .text.HAL_TSC_Init
                0x0000000008003f18       0x90 Drivers/STM32L0xx_HAL_Driver/Src/stm32l0xx_hal_tsc.o
                0x0000000008003f18                HAL_TSC_Init
 .text.TSL_Init
                0x0000000008003fa8       0x30 Middlewares/ST/STM32_TouchSensing_Library/src/tsl.o
                0x0000000008003fa8                TSL_Init
 .text.TSL_acq_BankGetResult
                0x0000000008003fd8      0x120 Middlewares/ST/STM32_TouchSensing_Library/src/tsl_acq.o
                0x0000000008003fd8                TSL_acq_BankGetResult
 .text.SoftDelay
                0x00000000080040f8       0x24 Middlewares/ST/STM32_TouchSensing_Library/src/tsl_acq_tsc.o
 .text.TSL_acq_BankConfig
                0x000000000800411c       0x74 Middlewares/ST/STM32_TouchSensing_Library/src/tsl_acq_tsc.o
                0x000000000800411c                TSL_acq_BankConfig
 .text.TSL_acq_BankWaitEOC
                0x0000000008004190       0x18 Middlewares/ST/STM32_TouchSensing_Library/src/tsl_acq_tsc.o
                0x0000000008004190                TSL_acq_BankWaitEOC
 .text.TSL_acq_GetMeas
                0x00000000080041a8       0x18 Middlewares/ST/STM32_TouchSensing_Library/src/tsl_acq_tsc.o
                0x00000000080041a8                TSL_acq_GetMeas
 .text.TSL_acq_ComputeDelta
                0x00000000080041c0        0x6 Middlewares/ST/STM32_TouchSensing_Library/src/tsl_acq_tsc.o
                0x00000000080041c0                TSL_acq_ComputeDelta
 .text.TSL_acq_ComputeMeas
                0x00000000080041c6        0x6 Middlewares/ST/STM32_TouchSensing_Library/src/tsl_acq_tsc.o
                0x00000000080041c6                TSL_acq_ComputeMeas
 .text.TSL_acq_CheckNoise
                0x00000000080041cc        0x4 Middlewares/ST/STM32_TouchSensing_Library/src/tsl_acq_tsc.o
                0x00000000080041cc                TSL_acq_CheckNoise
 .text.TSL_acq_UseFilter
                0x00000000080041d0        0x4 Middlewares/ST/STM32_TouchSensing_Library/src/tsl_acq_tsc.o
                0x00000000080041d0                TSL_acq_UseFilter
 .text.TSL_acq_TestReferenceOutOfRange
                0x00000000080041d4        0x4 Middlewares/ST/STM32_TouchSensing_Library/src/tsl_acq_tsc.o
                0x00000000080041d4                TSL_acq_TestReferenceOutOfRange
 .text.TSL_acq_TestFirstReferenceIsValid
                0x00000000080041d8        0x4 Middlewares/ST/STM32_TouchSensing_Library/src/tsl_acq_tsc.o
                0x00000000080041d8                TSL_acq_TestFirstReferenceIsValid
 .text.TSL_acq_BankStartAcq
                0x00000000080041dc       0x2c Middlewares/ST/STM32_TouchSensing_Library/src/tsl_acq_tsc.o
                0x00000000080041dc                TSL_acq_BankStartAcq
 .text.TSL_dxs_FirstObj
                0x0000000008004208        0x2 Middlewares/ST/STM32_TouchSensing_Library/src/tsl_dxs.o
                0x0000000008004208                TSL_dxs_FirstObj
 *fill*         0x000000000800420a        0x2 
 .text.TSL_ecs_CalcK
                0x000000000800420c       0xa8 Middlewares/ST/STM32_TouchSensing_Library/src/tsl_ecs.o
                0x000000000800420c                TSL_ecs_CalcK
 .text.TSL_ecs_ProcessK
                0x00000000080042b4       0xb8 Middlewares/ST/STM32_TouchSensing_Library/src/tsl_ecs.o
                0x00000000080042b4                TSL_ecs_ProcessK
 .text.TSL_ecs_Process
                0x000000000800436c       0x7c Middlewares/ST/STM32_TouchSensing_Library/src/tsl_ecs.o
                0x000000000800436c                TSL_ecs_Process
 .text.TSL_obj_SetGlobalObj
                0x00000000080043e8       0x18 Middlewares/ST/STM32_TouchSensing_Library/src/tsl_object.o
                0x00000000080043e8                TSL_obj_SetGlobalObj
 .text.TSL_obj_GroupInit
                0x0000000008004400       0x5c Middlewares/ST/STM32_TouchSensing_Library/src/tsl_object.o
                0x0000000008004400                TSL_obj_GroupInit
 .text.TSL_obj_GroupProcess
                0x000000000800445c       0x5c Middlewares/ST/STM32_TouchSensing_Library/src/tsl_object.o
                0x000000000800445c                TSL_obj_GroupProcess
 .text.TSL_tim_ProcessIT
                0x00000000080044b8       0x38 Middlewares/ST/STM32_TouchSensing_Library/src/tsl_time.o
                0x00000000080044b8                TSL_tim_ProcessIT
 .text.TSL_tim_CheckDelay_ms
                0x00000000080044f0       0x4c Middlewares/ST/STM32_TouchSensing_Library/src/tsl_time.o
                0x00000000080044f0                TSL_tim_CheckDelay_ms
 .text.TSL_tkey_Process
                0x000000000800453c       0x54 Middlewares/ST/STM32_TouchSensing_Library/src/tsl_touchkey.o
                0x000000000800453c                TSL_tkey_Process
 .text.TSL_tkey_SetStateCalibration
                0x0000000008004590       0x54 Middlewares/ST/STM32_TouchSensing_Library/src/tsl_touchkey.o
                0x0000000008004590                TSL_tkey_SetStateCalibration
 .text.TSL_tkey_Init
                0x00000000080045e4       0x2c Middlewares/ST/STM32_TouchSensing_Library/src/tsl_touchkey.o
                0x00000000080045e4                TSL_tkey_Init
 .text.TSL_tkey_GetStateMask
                0x0000000008004610       0x24 Middlewares/ST/STM32_TouchSensing_Library/src/tsl_touchkey.o
                0x0000000008004610                TSL_tkey_GetStateMask
 .text.TSL_tkey_DebReleaseDetectStateProcess
                0x0000000008004634       0x3c Middlewares/ST/STM32_TouchSensing_Library/src/tsl_touchkey.o
                0x0000000008004634                TSL_tkey_DebReleaseDetectStateProcess
 .text.TSL_tkey_DebReleaseTouchStateProcess
                0x0000000008004670       0x3c Middlewares/ST/STM32_TouchSensing_Library/src/tsl_touchkey.o
                0x0000000008004670                TSL_tkey_DebReleaseTouchStateProcess
 .text.TSL_tkey_ReleaseStateProcess
                0x00000000080046ac       0x60 Middlewares/ST/STM32_TouchSensing_Library/src/tsl_touchkey.o
                0x00000000080046ac                TSL_tkey_ReleaseStateProcess
 .text.TSL_tkey_DebCalibrationStateProcess
                0x000000000800470c       0x44 Middlewares/ST/STM32_TouchSensing_Library/src/tsl_touchkey.o
                0x000000000800470c                TSL_tkey_DebCalibrationStateProcess
 .text.TSL_tkey_CalibrationStateProcess
                0x0000000008004750       0x98 Middlewares/ST/STM32_TouchSensing_Library/src/tsl_touchkey.o
                0x0000000008004750                TSL_tkey_CalibrationStateProcess
 .text.TSL_tkey_DebDetectStateProcess
                0x00000000080047e8       0x40 Middlewares/ST/STM32_TouchSensing_Library/src/tsl_touchkey.o
                0x00000000080047e8                TSL_tkey_DebDetectStateProcess
 .text.TSL_tkey_DetectStateProcess
                0x0000000008004828       0x44 Middlewares/ST/STM32_TouchSensing_Library/src/tsl_touchkey.o
                0x0000000008004828                TSL_tkey_DetectStateProcess
 .text.TSL_tkey_TouchStateProcess
                0x000000000800486c       0x44 Middlewares/ST/STM32_TouchSensing_Library/src/tsl_touchkey.o
                0x000000000800486c                TSL_tkey_TouchStateProcess
 .text.TSL_tkey_DebErrorStateProcess
                0x00000000080048b0       0x74 Middlewares/ST/STM32_TouchSensing_Library/src/tsl_touchkey.o
                0x00000000080048b0                TSL_tkey_DebErrorStateProcess
 .text.disk_status
                0x0000000008004924       0x10 Middlewares/Third_Party/FatFs/src/diskio.o
                0x0000000008004924                disk_status
 .text.disk_initialize
                0x0000000008004934       0x14 Middlewares/Third_Party/FatFs/src/diskio.o
                0x0000000008004934                disk_initialize
 .text.disk_read
                0x0000000008004948       0x30 Middlewares/Third_Party/FatFs/src/diskio.o
                0x0000000008004948                disk_read
 .text.crc7_one
                0x0000000008004978       0x1e Middlewares/Third_Party/FatFs/src/fat_sd_spi.o
 *fill*         0x0000000008004996        0x2 
 .text.spi_txrx
                0x0000000008004998       0x2c Middlewares/Third_Party/FatFs/src/fat_sd_spi.o
 .text.sd_cmd   0x00000000080049c4       0x6e Middlewares/Third_Party/FatFs/src/fat_sd_spi.o
 *fill*         0x0000000008004a32        0x2 
 .text.sd_get_r1
                0x0000000008004a34       0x1c Middlewares/Third_Party/FatFs/src/fat_sd_spi.o
 .text.sd_nec   0x0000000008004a50       0x12 Middlewares/Third_Party/FatFs/src/fat_sd_spi.o
 .text.sd_get_r7
                0x0000000008004a62       0x3a Middlewares/Third_Party/FatFs/src/fat_sd_spi.o
 .text.sd_read_status.isra.0
                0x0000000008004a9c       0x4c Middlewares/Third_Party/FatFs/src/fat_sd_spi.o
 .text.sd_get_data.isra.0
                0x0000000008004ae8       0x44 Middlewares/Third_Party/FatFs/src/fat_sd_spi.o
 .text.sd_readsector.isra.0
                0x0000000008004b2c       0x86 Middlewares/Third_Party/FatFs/src/fat_sd_spi.o
 *fill*         0x0000000008004bb2        0x2 
 .text.sd_init.isra.0
                0x0000000008004bb4      0x284 Middlewares/Third_Party/FatFs/src/fat_sd_spi.o
 .text.hwif_init
                0x0000000008004e38      0x154 Middlewares/Third_Party/FatFs/src/fat_sd_spi.o
                0x0000000008004e38                hwif_init
 .text.sd_read  0x0000000008004f8c       0x42 Middlewares/Third_Party/FatFs/src/fat_sd_spi.o
                0x0000000008004f8c                sd_read
 *fill*         0x0000000008004fce        0x2 
 .text.HAL_SPI_RxCpltCallback
                0x0000000008004fd0        0xc Middlewares/Third_Party/FatFs/src/fat_sd_spi.o
                0x0000000008004fd0                HAL_SPI_RxCpltCallback
 .text.get_ldnumber
                0x0000000008004fdc       0x2c Middlewares/Third_Party/FatFs/src/ff.o
 .text.move_window
                0x0000000008005008       0x2a Middlewares/Third_Party/FatFs/src/ff.o
 *fill*         0x0000000008005032        0x2 
 .text.check_fs
                0x0000000008005034       0x74 Middlewares/Third_Party/FatFs/src/ff.o
 .text.find_volume.isra.0
                0x00000000080050a8      0x210 Middlewares/Third_Party/FatFs/src/ff.o
 .text.f_mount  0x00000000080052b8       0x4c Middlewares/Third_Party/FatFs/src/ff.o
                0x00000000080052b8                f_mount
 .text.MX_TOUCHSENSING_Init
                0x0000000008005304        0x8 TOUCHSENSING/App/touchsensing.o
                0x0000000008005304                MX_TOUCHSENSING_Init
 .text.MyTKeys_OffStateProcess
                0x000000000800530c        0x2 TOUCHSENSING/App/tsl_user.o
                0x000000000800530c                MyTKeys_OffStateProcess
 .text.MyTKeys_ErrorStateProcess
                0x000000000800530e        0x2 TOUCHSENSING/App/tsl_user.o
                0x000000000800530e                MyTKeys_ErrorStateProcess
 .text.tsl_user_Init
                0x0000000008005310       0x18 TOUCHSENSING/App/tsl_user.o
                0x0000000008005310                tsl_user_Init
 .text.tsl_user_Exec
                0x0000000008005328       0x84 TOUCHSENSING/App/tsl_user.o
                0x0000000008005328                tsl_user_Exec
 .text._ZdlPv   0x00000000080053ac        0x8 /opt/st/stm32cubeide_1.6.1/plugins/com.st.stm32cube.ide.mcu.externaltools.gnu-tools-for-stm32.9-2020-q2-update.linux64_1.5.0.202011040924/tools/bin/../lib/gcc/arm-none-eabi/9.3.1/../../../../arm-none-eabi/lib/thumb/v6-m/nofp/libstdc++_nano.a(del_op.o)
                0x00000000080053ac                operator delete(void*)
 .text._Znwj    0x00000000080053b4       0x24 /opt/st/stm32cubeide_1.6.1/plugins/com.st.stm32cube.ide.mcu.externaltools.gnu-tools-for-stm32.9-2020-q2-update.linux64_1.5.0.202011040924/tools/bin/../lib/gcc/arm-none-eabi/9.3.1/../../../../arm-none-eabi/lib/thumb/v6-m/nofp/libstdc++_nano.a(new_op.o)
                0x00000000080053b4                operator new(unsigned int)
 .text.unlikely._ZSt17__throw_bad_allocv
                0x00000000080053d8        0x6 /opt/st/stm32cubeide_1.6.1/plugins/com.st.stm32cube.ide.mcu.externaltools.gnu-tools-for-stm32.9-2020-q2-update.linux64_1.5.0.202011040924/tools/bin/../lib/gcc/arm-none-eabi/9.3.1/../../../../arm-none-eabi/lib/thumb/v6-m/nofp/libstdc++_nano.a(functexcept.o)
                0x00000000080053d8                std::__throw_bad_alloc()
 .text.unlikely._ZSt20__throw_length_errorPKc
                0x00000000080053de        0x6 /opt/st/stm32cubeide_1.6.1/plugins/com.st.stm32cube.ide.mcu.externaltools.gnu-tools-for-stm32.9-2020-q2-update.linux64_1.5.0.202011040924/tools/bin/../lib/gcc/arm-none-eabi/9.3.1/../../../../arm-none-eabi/lib/thumb/v6-m/nofp/libstdc++_nano.a(functexcept.o)
                0x00000000080053de                std::__throw_length_error(char const*)
 .text._ZSt15get_new_handlerv
                0x00000000080053e4        0xc /opt/st/stm32cubeide_1.6.1/plugins/com.st.stm32cube.ide.mcu.externaltools.gnu-tools-for-stm32.9-2020-q2-update.linux64_1.5.0.202011040924/tools/bin/../lib/gcc/arm-none-eabi/9.3.1/../../../../arm-none-eabi/lib/thumb/v6-m/nofp/libstdc++_nano.a(new_handler.o)
                0x00000000080053e4                std::get_new_handler()
 .text.abort    0x00000000080053f0        0xe /opt/st/stm32cubeide_1.6.1/plugins/com.st.stm32cube.ide.mcu.externaltools.gnu-tools-for-stm32.9-2020-q2-update.linux64_1.5.0.202011040924/tools/bin/../lib/gcc/arm-none-eabi/9.3.1/../../../../arm-none-eabi/lib/thumb/v6-m/nofp/libc_nano.a(lib_a-abort.o)
                0x00000000080053f0                abort
 *fill*         0x00000000080053fe        0x2 
 .text.__errno  0x0000000008005400        0xc /opt/st/stm32cubeide_1.6.1/plugins/com.st.stm32cube.ide.mcu.externaltools.gnu-tools-for-stm32.9-2020-q2-update.linux64_1.5.0.202011040924/tools/bin/../lib/gcc/arm-none-eabi/9.3.1/../../../../arm-none-eabi/lib/thumb/v6-m/nofp/libc_nano.a(lib_a-errno.o)
                0x0000000008005400                __errno
 .text.__libc_init_array
                0x000000000800540c       0x48 /opt/st/stm32cubeide_1.6.1/plugins/com.st.stm32cube.ide.mcu.externaltools.gnu-tools-for-stm32.9-2020-q2-update.linux64_1.5.0.202011040924/tools/bin/../lib/gcc/arm-none-eabi/9.3.1/../../../../arm-none-eabi/lib/thumb/v6-m/nofp/libc_nano.a(lib_a-init.o)
                0x000000000800540c                __libc_init_array
 .text.malloc   0x0000000008005454       0x14 /opt/st/stm32cubeide_1.6.1/plugins/com.st.stm32cube.ide.mcu.externaltools.gnu-tools-for-stm32.9-2020-q2-update.linux64_1.5.0.202011040924/tools/bin/../lib/gcc/arm-none-eabi/9.3.1/../../../../arm-none-eabi/lib/thumb/v6-m/nofp/libc_nano.a(lib_a-malloc.o)
                0x0000000008005454                malloc
 .text.free     0x0000000008005468       0x14 /opt/st/stm32cubeide_1.6.1/plugins/com.st.stm32cube.ide.mcu.externaltools.gnu-tools-for-stm32.9-2020-q2-update.linux64_1.5.0.202011040924/tools/bin/../lib/gcc/arm-none-eabi/9.3.1/../../../../arm-none-eabi/lib/thumb/v6-m/nofp/libc_nano.a(lib_a-malloc.o)
                0x0000000008005468                free
 .text.memcpy   0x000000000800547c       0x12 /opt/st/stm32cubeide_1.6.1/plugins/com.st.stm32cube.ide.mcu.externaltools.gnu-tools-for-stm32.9-2020-q2-update.linux64_1.5.0.202011040924/tools/bin/../lib/gcc/arm-none-eabi/9.3.1/../../../../arm-none-eabi/lib/thumb/v6-m/nofp/libc_nano.a(lib_a-memcpy-stub.o)
                0x000000000800547c                memcpy
 .text.memmove  0x000000000800548e       0x26 /opt/st/stm32cubeide_1.6.1/plugins/com.st.stm32cube.ide.mcu.externaltools.gnu-tools-for-stm32.9-2020-q2-update.linux64_1.5.0.202011040924/tools/bin/../lib/gcc/arm-none-eabi/9.3.1/../../../../arm-none-eabi/lib/thumb/v6-m/nofp/libc_nano.a(lib_a-memmove.o)
                0x000000000800548e                memmove
 .text.memset   0x00000000080054b4       0x10 /opt/st/stm32cubeide_1.6.1/plugins/com.st.stm32cube.ide.mcu.externaltools.gnu-tools-for-stm32.9-2020-q2-update.linux64_1.5.0.202011040924/tools/bin/../lib/gcc/arm-none-eabi/9.3.1/../../../../arm-none-eabi/lib/thumb/v6-m/nofp/libc_nano.a(lib_a-memset.o)
                0x00000000080054b4                memset
 .text._free_r  0x00000000080054c4       0x94 /opt/st/stm32cubeide_1.6.1/plugins/com.st.stm32cube.ide.mcu.externaltools.gnu-tools-for-stm32.9-2020-q2-update.linux64_1.5.0.202011040924/tools/bin/../lib/gcc/arm-none-eabi/9.3.1/../../../../arm-none-eabi/lib/thumb/v6-m/nofp/libc_nano.a(lib_a-nano-freer.o)
                0x00000000080054c4                _free_r
 .text._malloc_r
                0x0000000008005558       0xbc /opt/st/stm32cubeide_1.6.1/plugins/com.st.stm32cube.ide.mcu.externaltools.gnu-tools-for-stm32.9-2020-q2-update.linux64_1.5.0.202011040924/tools/bin/../lib/gcc/arm-none-eabi/9.3.1/../../../../arm-none-eabi/lib/thumb/v6-m/nofp/libc_nano.a(lib_a-nano-mallocr.o)
                0x0000000008005558                _malloc_r
 .text._sbrk_r  0x0000000008005614       0x24 /opt/st/stm32cubeide_1.6.1/plugins/com.st.stm32cube.ide.mcu.externaltools.gnu-tools-for-stm32.9-2020-q2-update.linux64_1.5.0.202011040924/tools/bin/../lib/gcc/arm-none-eabi/9.3.1/../../../../arm-none-eabi/lib/thumb/v6-m/nofp/libc_nano.a(lib_a-sbrkr.o)
                0x0000000008005614                _sbrk_r
 .text._raise_r
                0x0000000008005638       0x54 /opt/st/stm32cubeide_1.6.1/plugins/com.st.stm32cube.ide.mcu.externaltools.gnu-tools-for-stm32.9-2020-q2-update.linux64_1.5.0.202011040924/tools/bin/../lib/gcc/arm-none-eabi/9.3.1/../../../../arm-none-eabi/lib/thumb/v6-m/nofp/libc_nano.a(lib_a-signal.o)
                0x0000000008005638                _raise_r
 .text.raise    0x000000000800568c       0x14 /opt/st/stm32cubeide_1.6.1/plugins/com.st.stm32cube.ide.mcu.externaltools.gnu-tools-for-stm32.9-2020-q2-update.linux64_1.5.0.202011040924/tools/bin/../lib/gcc/arm-none-eabi/9.3.1/../../../../arm-none-eabi/lib/thumb/v6-m/nofp/libc_nano.a(lib_a-signal.o)
                0x000000000800568c                raise
 .text._kill_r  0x00000000080056a0       0x24 /opt/st/stm32cubeide_1.6.1/plugins/com.st.stm32cube.ide.mcu.externaltools.gnu-tools-for-stm32.9-2020-q2-update.linux64_1.5.0.202011040924/tools/bin/../lib/gcc/arm-none-eabi/9.3.1/../../../../arm-none-eabi/lib/thumb/v6-m/nofp/libc_nano.a(lib_a-signalr.o)
                0x00000000080056a0                _kill_r
 .text._getpid_r
                0x00000000080056c4        0x8 /opt/st/stm32cubeide_1.6.1/plugins/com.st.stm32cube.ide.mcu.externaltools.gnu-tools-for-stm32.9-2020-q2-update.linux64_1.5.0.202011040924/tools/bin/../lib/gcc/arm-none-eabi/9.3.1/../../../../arm-none-eabi/lib/thumb/v6-m/nofp/libc_nano.a(lib_a-signalr.o)
                0x00000000080056c4                _getpid_r
 .text.__malloc_lock
                0x00000000080056cc       0x10 /opt/st/stm32cubeide_1.6.1/plugins/com.st.stm32cube.ide.mcu.externaltools.gnu-tools-for-stm32.9-2020-q2-update.linux64_1.5.0.202011040924/tools/bin/../lib/gcc/arm-none-eabi/9.3.1/../../../../arm-none-eabi/lib/thumb/v6-m/nofp/libc_nano.a(lib_a-mlock.o)
                0x00000000080056cc                __malloc_lock
 .text.__malloc_unlock
                0x00000000080056dc       0x10 /opt/st/stm32cubeide_1.6.1/plugins/com.st.stm32cube.ide.mcu.externaltools.gnu-tools-for-stm32.9-2020-q2-update.linux64_1.5.0.202011040924/tools/bin/../lib/gcc/arm-none-eabi/9.3.1/../../../../arm-none-eabi/lib/thumb/v6-m/nofp/libc_nano.a(lib_a-mlock.o)
                0x00000000080056dc                __malloc_unlock
 .text.__retarget_lock_acquire_recursive
                0x00000000080056ec        0x2 /opt/st/stm32cubeide_1.6.1/plugins/com.st.stm32cube.ide.mcu.externaltools.gnu-tools-for-stm32.9-2020-q2-update.linux64_1.5.0.202011040924/tools/bin/../lib/gcc/arm-none-eabi/9.3.1/../../../../arm-none-eabi/lib/thumb/v6-m/nofp/libc_nano.a(lib_a-lock.o)
                0x00000000080056ec                __retarget_lock_acquire_recursive
 .text.__retarget_lock_release_recursive
                0x00000000080056ee        0x2 /opt/st/stm32cubeide_1.6.1/plugins/com.st.stm32cube.ide.mcu.externaltools.gnu-tools-for-stm32.9-2020-q2-update.linux64_1.5.0.202011040924/tools/bin/../lib/gcc/arm-none-eabi/9.3.1/../../../../arm-none-eabi/lib/thumb/v6-m/nofp/libc_nano.a(lib_a-lock.o)
                0x00000000080056ee                __retarget_lock_release_recursive
 *(.glue_7)
 .glue_7        0x00000000080056f0        0x0 linker stubs
 *(.glue_7t)
 .glue_7t       0x00000000080056f0        0x0 linker stubs
 *(.eh_frame)
 .eh_frame      0x00000000080056f0        0x0 /opt/st/stm32cubeide_1.6.1/plugins/com.st.stm32cube.ide.mcu.externaltools.gnu-tools-for-stm32.9-2020-q2-update.linux64_1.5.0.202011040924/tools/bin/../lib/gcc/arm-none-eabi/9.3.1/thumb/v6-m/nofp/crtbegin.o
 *(.init)
 .init          0x00000000080056f0        0x4 /opt/st/stm32cubeide_1.6.1/plugins/com.st.stm32cube.ide.mcu.externaltools.gnu-tools-for-stm32.9-2020-q2-update.linux64_1.5.0.202011040924/tools/bin/../lib/gcc/arm-none-eabi/9.3.1/thumb/v6-m/nofp/crti.o
                0x00000000080056f0                _init
 .init          0x00000000080056f4        0x8 /opt/st/stm32cubeide_1.6.1/plugins/com.st.stm32cube.ide.mcu.externaltools.gnu-tools-for-stm32.9-2020-q2-update.linux64_1.5.0.202011040924/tools/bin/../lib/gcc/arm-none-eabi/9.3.1/thumb/v6-m/nofp/crtn.o
 *(.fini)
 .fini          0x00000000080056fc        0x4 /opt/st/stm32cubeide_1.6.1/plugins/com.st.stm32cube.ide.mcu.externaltools.gnu-tools-for-stm32.9-2020-q2-update.linux64_1.5.0.202011040924/tools/bin/../lib/gcc/arm-none-eabi/9.3.1/thumb/v6-m/nofp/crti.o
                0x00000000080056fc                _fini
 .fini          0x0000000008005700        0x8 /opt/st/stm32cubeide_1.6.1/plugins/com.st.stm32cube.ide.mcu.externaltools.gnu-tools-for-stm32.9-2020-q2-update.linux64_1.5.0.202011040924/tools/bin/../lib/gcc/arm-none-eabi/9.3.1/thumb/v6-m/nofp/crtn.o
                0x0000000008005708                . = ALIGN (0x4)
                0x0000000008005708                _etext = .

.vfp11_veneer   0x0000000008005708        0x0
 .vfp11_veneer  0x0000000008005708        0x0 linker stubs

.v4_bx          0x0000000008005708        0x0
 .v4_bx         0x0000000008005708        0x0 linker stubs

.iplt           0x0000000008005708        0x0
 .iplt          0x0000000008005708        0x0 /opt/st/stm32cubeide_1.6.1/plugins/com.st.stm32cube.ide.mcu.externaltools.gnu-tools-for-stm32.9-2020-q2-update.linux64_1.5.0.202011040924/tools/bin/../lib/gcc/arm-none-eabi/9.3.1/thumb/v6-m/nofp/crtbegin.o

.rodata         0x0000000008005708      0x4a4
                0x0000000008005708                . = ALIGN (0x4)
 *(.rodata)
 .rodata        0x0000000008005708       0x31 Core/Src/TouchBoardGroup.o
 *fill*         0x0000000008005739        0x3 
 .rodata        0x000000000800573c       0x35 Core/Src/main.o
 *(.rodata*)
 .rodata.AHBPrescTable
                0x0000000008005771       0x10 Core/Src/system_stm32l0xx.o
                0x0000000008005771                AHBPrescTable
 .rodata.PLLMulTable
                0x0000000008005781        0x9 Core/Src/system_stm32l0xx.o
                0x0000000008005781                PLLMulTable
 *fill*         0x000000000800578a        0x2 
 .rodata.MyBanks
                0x000000000800578c       0x48 TOUCHSENSING/App/tsl_user.o
                0x000000000800578c                MyBanks
 .rodata.MyChannels_Dest
                0x00000000080057d4       0x30 TOUCHSENSING/App/tsl_user.o
                0x00000000080057d4                MyChannels_Dest
 .rodata.MyChannels_Src
                0x0000000008005804      0x120 TOUCHSENSING/App/tsl_user.o
                0x0000000008005804                MyChannels_Src
 .rodata.MyObjects
                0x0000000008005924       0xc0 TOUCHSENSING/App/tsl_user.o
                0x0000000008005924                MyObjects
 .rodata.MyTKeysB
                0x00000000080059e4      0x120 TOUCHSENSING/App/tsl_user.o
                0x00000000080059e4                MyTKeysB
 .rodata.MyTKeys_Methods
                0x0000000008005b04        0x8 TOUCHSENSING/App/tsl_user.o
                0x0000000008005b04                MyTKeys_Methods
 .rodata.MyTKeys_StateMachine
                0x0000000008005b0c       0xa0 TOUCHSENSING/App/tsl_user.o
                0x0000000008005b0c                MyTKeys_StateMachine
                0x0000000008005bac                . = ALIGN (0x4)

.rel.dyn        0x0000000008005bac        0x0
 .rel.iplt      0x0000000008005bac        0x0 /opt/st/stm32cubeide_1.6.1/plugins/com.st.stm32cube.ide.mcu.externaltools.gnu-tools-for-stm32.9-2020-q2-update.linux64_1.5.0.202011040924/tools/bin/../lib/gcc/arm-none-eabi/9.3.1/thumb/v6-m/nofp/crtbegin.o

.ARM.extab      0x0000000008005bac        0x0
                0x0000000008005bac                . = ALIGN (0x4)
 *(.ARM.extab* .gnu.linkonce.armextab.*)
                0x0000000008005bac                . = ALIGN (0x4)

.ARM            0x0000000008005bac        0x0
                0x0000000008005bac                . = ALIGN (0x4)
                0x0000000008005bac                __exidx_start = .
 *(.ARM.exidx*)
                0x0000000008005bac                __exidx_end = .
                0x0000000008005bac                . = ALIGN (0x4)

.preinit_array  0x0000000008005bac        0x0
                0x0000000008005bac                . = ALIGN (0x4)
                0x0000000008005bac                PROVIDE (__preinit_array_start = .)
 *(.preinit_array*)
                0x0000000008005bac                PROVIDE (__preinit_array_end = .)
                0x0000000008005bac                . = ALIGN (0x4)

.init_array     0x0000000008005bac        0x8
                0x0000000008005bac                . = ALIGN (0x4)
                0x0000000008005bac                PROVIDE (__init_array_start = .)
 *(SORT_BY_NAME(.init_array.*))
 *(.init_array*)
 .init_array    0x0000000008005bac        0x4 /opt/st/stm32cubeide_1.6.1/plugins/com.st.stm32cube.ide.mcu.externaltools.gnu-tools-for-stm32.9-2020-q2-update.linux64_1.5.0.202011040924/tools/bin/../lib/gcc/arm-none-eabi/9.3.1/thumb/v6-m/nofp/crtbegin.o
 .init_array    0x0000000008005bb0        0x4 Core/Src/main.o
                0x0000000008005bb4                PROVIDE (__init_array_end = .)
                0x0000000008005bb4                . = ALIGN (0x4)

.fini_array     0x0000000008005bb4        0x8
                0x0000000008005bb4                . = ALIGN (0x4)
                [!provide]                        PROVIDE (__fini_array_start = .)
 *(SORT_BY_NAME(.fini_array.*))
 *(.fini_array*)
 .fini_array    0x0000000008005bb4        0x4 /opt/st/stm32cubeide_1.6.1/plugins/com.st.stm32cube.ide.mcu.externaltools.gnu-tools-for-stm32.9-2020-q2-update.linux64_1.5.0.202011040924/tools/bin/../lib/gcc/arm-none-eabi/9.3.1/thumb/v6-m/nofp/crtbegin.o
 .fini_array    0x0000000008005bb8        0x4 Core/Src/main.o
                [!provide]                        PROVIDE (__fini_array_end = .)
                0x0000000008005bbc                . = ALIGN (0x4)
                0x0000000008005bbc                _sidata = LOADADDR (.data)

.data           0x0000000020000000       0xa0 load address 0x0000000008005bbc
                0x0000000020000000                . = ALIGN (0x4)
                0x0000000020000000                _sdata = .
 *(.data)
 *(.data*)
 .data.touchKeyMap
                0x0000000020000000       0x18 Core/Src/TouchBoardGroup.o
                0x0000000020000000                touchKeyMap
 .data.SystemCoreClock
                0x0000000020000018        0x4 Core/Src/system_stm32l0xx.o
                0x0000000020000018                SystemCoreClock
 .data.MyObjGroup
                0x000000002000001c       0x10 TOUCHSENSING/App/tsl_user.o
                0x000000002000001c                MyObjGroup
 .data.TSL_Params