main.cpp:75:5:int main()	24	static
main.cpp:148:6:void SystemClock_Config()	88	static
main.cpp:182:13:void MX_TIM2_Init()	64	static
main.cpp:241:13:void MX_TSC_Init()	8	static
main.cpp:283:13:void MX_USART2_UART_Init()	8	static
main.cpp:316:13:void MX_DMA_Init()	16	static
main.cpp:334:13:void MX_GPIO_Init()	48	static
main.cpp:366:6:void HAL_TIM_PWM_PulseFinishedHalfCpltCallback(TIM_HandleTypeDef*)	24	static
main.cpp:386:6:void HAL_TIM_PWM_PulseFinishedCallback(TIM_HandleTypeDef*)	24	static
main.cpp:412:6:void Error_Handler()	8	static
main.cpp:418:1:void __static_initialization_and_destruction_0(int, int)	16	static
main.cpp:418:1:cpp)	8	static
main.cpp:418:1:cpp)	8	static
