tsl_touchkey.c:130:6:TSL_tkey_Process	16	static
tsl_touchkey.c:191:6:TSL_tkey_SetStateCalibration	12	static
tsl_touchkey.c:100:6:TSL_tkey_Init	8	static
tsl_touchkey.c:223:6:TSL_tkey_SetStateOff	0	static
tsl_touchkey.c:236:6:TSL_tkey_SetStateBurstOnly	0	static
tsl_touchkey.c:249:20:TSL_tkey_GetStateId	0	static
tsl_touchkey.c:260:22:TSL_tkey_GetStateMask	0	static
tsl_touchkey.c:287:11:TSL_tkey_IsChanged	0	static
tsl_touchkey.c:334:6:TSL_tkey_DebReleaseDetectStateProcess	0	static
tsl_touchkey.c:373:6:TSL_tkey_DebReleaseTouchStateProcess	0	static
tsl_touchkey.c:411:6:TSL_tkey_ReleaseStateProcess	8	static
tsl_touchkey.c:483:6:TSL_tkey_DebCalibrationStateProcess	8	static
tsl_touchkey.c:515:6:TSL_tkey_CalibrationStateProcess	16	static
tsl_touchkey.c:818:6:TSL_tkey_DebDetectStateProcess	8	static
tsl_touchkey.c:870:6:TSL_tkey_DetectStateProcess	0	static
tsl_touchkey.c:947:6:TSL_tkey_TouchStateProcess	0	static
tsl_touchkey.c:1023:6:TSL_tkey_DebErrorStateProcess	16	static
tsl_touchkey.c:1077:6:TSL_tkey_DTOGetTime	12	static
