../Middlewares/Third_Party/FatFs/src/fat_sd_spi.c:34:16:crc7_one	0	static
../Middlewares/Third_Party/FatFs/src/fat_sd_spi.c:25:16:spi_txrx	32	static
../Middlewares/Third_Party/FatFs/src/fat_sd_spi.c:75:13:sd_cmd	16	static
../Middlewares/Third_Party/FatFs/src/fat_sd_spi.c:92:16:sd_get_r1	8	static
../Middlewares/Third_Party/FatFs/src/fat_sd_spi.c:140:13:sd_nec	8	static
../Middlewares/Third_Party/FatFs/src/fat_sd_spi.c:123:16:sd_get_r7	16	static
../Middlewares/Third_Party/FatFs/src/fat_sd_spi.c:349:12:sd_get_data.constprop	16	static
../Middlewares/Third_Party/FatFs/src/fat_sd_spi.c:505:12:sd_readsector	16	static
../Middlewares/Third_Party/FatFs/src/fat_sd_spi.c:332:12:sd_read_status.constprop.isra	8	static
../Middlewares/Third_Party/FatFs/src/fat_sd_spi.c:148:12:sd_init	40	static
../Middlewares/Third_Party/FatFs/src/fat_sd_spi.c:46:9:crc7	16	static
../Middlewares/Third_Party/FatFs/src/fat_sd_spi.c:63:10:crc16	16	static
../Middlewares/Third_Party/FatFs/src/fat_sd_spi.c:540:12:sd_writesector	16	static
../Middlewares/Third_Party/FatFs/src/fat_sd_spi.c:582:5:hwif_init	32	static
../Middlewares/Third_Party/FatFs/src/fat_sd_spi.c:609:5:sd_read	32	static
../Middlewares/Third_Party/FatFs/src/fat_sd_spi.c:630:5:sd_write	32	static
../Middlewares/Third_Party/FatFs/src/fat_sd_spi.c:651:6:HAL_SPI_RxCpltCallback	0	static
