fat_sd_spi.c:4:13:spi_init	8	static
fat_sd_spi.c:10:13:spi_set_speed	64	static
fat_sd_spi.c:25:16:spi_txrx	40	static
fat_sd_spi.c:34:16:crc7_one	24	static
fat_sd_spi.c:46:9:crc7	32	static
fat_sd_spi.c:54:17:crc16_ccitt	16	static
fat_sd_spi.c:63:10:crc16	32	static
fat_sd_spi.c:75:13:sd_cmd	32	static
fat_sd_spi.c:92:16:sd_get_r1	24	static
fat_sd_spi.c:105:17:sd_get_r2	24	static
fat_sd_spi.c:123:16:sd_get_r7	24	static
fat_sd_spi.c:140:13:sd_nec	16	static
fat_sd_spi.c:148:12:sd_init	48	static
fat_sd_spi.c:332:12:sd_read_status	32	static
fat_sd_spi.c:349:12:sd_get_data	40	static
fat_sd_spi.c:382:12:sd_put_data	64	static
fat_sd_spi.c:425:12:sd_read_csd	40	static
fat_sd_spi.c:477:12:sd_read_cid	40	static
fat_sd_spi.c:505:12:sd_readsector	32	static
fat_sd_spi.c:540:12:sd_writesector	32	static
fat_sd_spi.c:582:5:hwif_init	24	static
fat_sd_spi.c:609:5:sd_read	32	static
fat_sd_spi.c:630:5:sd_write	32	static
fat_sd_spi.c:651:6:HAL_SPI_RxCpltCallback	16	static
