Archive member included to satisfy reference by file (symbol)

c:/st/stm32cubeide_1.2.0/stm32cubeide/plugins/com.st.stm32cube.ide.mcu.externaltools.gnu-tools-for-stm32.7-2018-q2-update.win32_1.4.0.202007081208/tools/bin/../lib/gcc/arm-none-eabi/7.3.1/../../../../arm-none-eabi/lib/thumb/v6-m\libc_nano.a(lib_a-errno.o)
                              Core/Src/syscalls.o (__errno)
c:/st/stm32cubeide_1.2.0/stm32cubeide/plugins/com.st.stm32cube.ide.mcu.externaltools.gnu-tools-for-stm32.7-2018-q2-update.win32_1.4.0.202007081208/tools/bin/../lib/gcc/arm-none-eabi/7.3.1/../../../../arm-none-eabi/lib/thumb/v6-m\libc_nano.a(lib_a-exit.o)
                              c:/st/stm32cubeide_1.2.0/stm32cubeide/plugins/com.st.stm32cube.ide.mcu.externaltools.gnu-tools-for-stm32.7-2018-q2-update.win32_1.4.0.202007081208/tools/bin/../lib/gcc/arm-none-eabi/7.3.1/../../../../arm-none-eabi/lib/thumb/v6-m/crt0.o (exit)
c:/st/stm32cubeide_1.2.0/stm32cubeide/plugins/com.st.stm32cube.ide.mcu.externaltools.gnu-tools-for-stm32.7-2018-q2-update.win32_1.4.0.202007081208/tools/bin/../lib/gcc/arm-none-eabi/7.3.1/../../../../arm-none-eabi/lib/thumb/v6-m\libc_nano.a(lib_a-impure.o)
                              c:/st/stm32cubeide_1.2.0/stm32cubeide/plugins/com.st.stm32cube.ide.mcu.externaltools.gnu-tools-for-stm32.7-2018-q2-update.win32_1.4.0.202007081208/tools/bin/../lib/gcc/arm-none-eabi/7.3.1/../../../../arm-none-eabi/lib/thumb/v6-m\libc_nano.a(lib_a-exit.o) (_global_impure_ptr)
c:/st/stm32cubeide_1.2.0/stm32cubeide/plugins/com.st.stm32cube.ide.mcu.externaltools.gnu-tools-for-stm32.7-2018-q2-update.win32_1.4.0.202007081208/tools/bin/../lib/gcc/arm-none-eabi/7.3.1/../../../../arm-none-eabi/lib/thumb/v6-m\libc_nano.a(lib_a-init.o)
                              c:/st/stm32cubeide_1.2.0/stm32cubeide/plugins/com.st.stm32cube.ide.mcu.externaltools.gnu-tools-for-stm32.7-2018-q2-update.win32_1.4.0.202007081208/tools/bin/../lib/gcc/arm-none-eabi/7.3.1/../../../../arm-none-eabi/lib/thumb/v6-m/crt0.o (__libc_init_array)
c:/st/stm32cubeide_1.2.0/stm32cubeide/plugins/com.st.stm32cube.ide.mcu.externaltools.gnu-tools-for-stm32.7-2018-q2-update.win32_1.4.0.202007081208/tools/bin/../lib/gcc/arm-none-eabi/7.3.1/../../../../arm-none-eabi/lib/thumb/v6-m\libc_nano.a(lib_a-memset.o)
                              c:/st/stm32cubeide_1.2.0/stm32cubeide/plugins/com.st.stm32cube.ide.mcu.externaltools.gnu-tools-for-stm32.7-2018-q2-update.win32_1.4.0.202007081208/tools/bin/../lib/gcc/arm-none-eabi/7.3.1/../../../../arm-none-eabi/lib/thumb/v6-m/crt0.o (memset)
c:/st/stm32cubeide_1.2.0/stm32cubeide/plugins/com.st.stm32cube.ide.mcu.externaltools.gnu-tools-for-stm32.7-2018-q2-update.win32_1.4.0.202007081208/tools/bin/../lib/gcc/arm-none-eabi/7.3.1/thumb/v6-m\libgcc.a(_udivsi3.o)
                              Core/Src/system_stm32f0xx.o (__aeabi_uidiv)
c:/st/stm32cubeide_1.2.0/stm32cubeide/plugins/com.st.stm32cube.ide.mcu.externaltools.gnu-tools-for-stm32.7-2018-q2-update.win32_1.4.0.202007081208/tools/bin/../lib/gcc/arm-none-eabi/7.3.1/thumb/v6-m\libgcc.a(_dvmd_tls.o)
                              c:/st/stm32cubeide_1.2.0/stm32cubeide/plugins/com.st.stm32cube.ide.mcu.externaltools.gnu-tools-for-stm32.7-2018-q2-update.win32_1.4.0.202007081208/tools/bin/../lib/gcc/arm-none-eabi/7.3.1/thumb/v6-m\libgcc.a(_udivsi3.o) (__aeabi_idiv0)

Allocating common symbols
Common symbol       size              file

MyChannels_Data     0xc               TOUCHSENSING/App/tsl_user.o
MyTKeys_Param       0xa               TOUCHSENSING/App/tsl_user.o
ECSLastTick         0x2               TOUCHSENSING/App/tsl_user.o
uwTick              0x4               Drivers/STM32F0xx_HAL_Driver/Src/stm32f0xx_hal.o
pFlash              0x20              Drivers/STM32F0xx_HAL_Driver/Src/stm32f0xx_hal_flash.o
TSL_Globals         0x18              Middlewares/ST/STM32_TouchSensing_Library/src/tsl_globals.o
MyTKeys_Data        0x4               TOUCHSENSING/App/tsl_user.o
huart2              0x80              Core/Src/main.o
htsc                0x44              Core/Src/main.o

Discarded input sections

 .text          0x0000000000000000        0x0 c:/st/stm32cubeide_1.2.0/stm32cubeide/plugins/com.st.stm32cube.ide.mcu.externaltools.gnu-tools-for-stm32.7-2018-q2-update.win32_1.4.0.202007081208/tools/bin/../lib/gcc/arm-none-eabi/7.3.1/thumb/v6-m/crti.o
 .data          0x0000000000000000        0x0 c:/st/stm32cubeide_1.2.0/stm32cubeide/plugins/com.st.stm32cube.ide.mcu.externaltools.gnu-tools-for-stm32.7-2018-q2-update.win32_1.4.0.202007081208/tools/bin/../lib/gcc/arm-none-eabi/7.3.1/thumb/v6-m/crti.o
 .bss           0x0000000000000000        0x0 c:/st/stm32cubeide_1.2.0/stm32cubeide/plugins/com.st.stm32cube.ide.mcu.externaltools.gnu-tools-for-stm32.7-2018-q2-update.win32_1.4.0.202007081208/tools/bin/../lib/gcc/arm-none-eabi/7.3.1/thumb/v6-m/crti.o
[...]
Memory Configuration

Name             Origin             Length             Attributes
RAM              0x0000000020000000 0x0000000000001800 xrw
FLASH            0x0000000008000000 0x0000000000008000 xr
*default*        0x0000000000000000 0xffffffffffffffff

Linker script and memory map

LOAD c:/st/stm32cubeide_1.2.0/stm32cubeide/plugins/com.st.stm32cube.ide.mcu.externaltools.gnu-tools-for-stm32.7-2018-q2-update.win32_1.4.0.202007081208/tools/bin/../lib/gcc/arm-none-eabi/7.3.1/thumb/v6-m/crti.o
LOAD c:/st/stm32cubeide_1.2.0/stm32cubeide/plugins/com.st.stm32cube.ide.mcu.externaltools.gnu-tools-for-stm32.7-2018-q2-update.win32_1.4.0.202007081208/tools/bin/../lib/gcc/arm-none-eabi/7.3.1/thumb/v6-m/crtbegin.o
LOAD c:/st/stm32cubeide_1.2.0/stm32cubeide/plugins/com.st.stm32cube.ide.mcu.externaltools.gnu-tools-for-stm32.7-2018-q2-update.win32_1.4.0.202007081208/tools/bin/../lib/gcc/arm-none-eabi/7.3.1/../../../../arm-none-eabi/lib/thumb/v6-m/crt0.o
LOAD Core/Src/main.o
LOAD Core/Src/stm32f0xx_hal_msp.o
LOAD Core/Src/stm32f0xx_it.o
LOAD Core/Src/syscalls.o
LOAD Core/Src/sysmem.o
LOAD Core/Src/system_stm32f0xx.o
LOAD Core/Startup/startup_stm32f042k6tx.o
LOAD Drivers/STM32F0xx_HAL_Driver/Src/stm32f0xx_hal.o
LOAD Drivers/STM32F0xx_HAL_Driver/Src/stm32f0xx_hal_cortex.o
LOAD Drivers/STM32F0xx_HAL_Driver/Src/stm32f0xx_hal_dma.o
LOAD Drivers/STM32F0xx_HAL_Driver/Src/stm32f0xx_hal_exti.o
LOAD Drivers/STM32F0xx_HAL_Driver/Src/stm32f0xx_hal_flash.o
LOAD Drivers/STM32F0xx_HAL_Driver/Src/stm32f0xx_hal_flash_ex.o
LOAD Drivers/STM32F0xx_HAL_Driver/Src/stm32f0xx_hal_gpio.o
LOAD Drivers/STM32F0xx_HAL_Driver/Src/stm32f0xx_hal_i2c.o
LOAD Drivers/STM32F0xx_HAL_Driver/Src/stm32f0xx_hal_i2c_ex.o
LOAD Drivers/STM32F0xx_HAL_Driver/Src/stm32f0xx_hal_pwr.o
LOAD Drivers/STM32F0xx_HAL_Driver/Src/stm32f0xx_hal_pwr_ex.o
LOAD Drivers/STM32F0xx_HAL_Driver/Src/stm32f0xx_hal_rcc.o
LOAD Drivers/STM32F0xx_HAL_Driver/Src/stm32f0xx_hal_rcc_ex.o
LOAD Drivers/STM32F0xx_HAL_Driver/Src/stm32f0xx_hal_tim.o
LOAD Drivers/STM32F0xx_HAL_Driver/Src/stm32f0xx_hal_tim_ex.o
LOAD Drivers/STM32F0xx_HAL_Driver/Src/stm32f0xx_hal_tsc.o
LOAD Drivers/STM32F0xx_HAL_Driver/Src/stm32f0xx_hal_uart.o
LOAD Drivers/STM32F0xx_HAL_Driver/Src/stm32f0xx_hal_uart_ex.o
LOAD Middlewares/ST/STM32_TouchSensing_Library/src/tsl.o
LOAD Middlewares/ST/STM32_TouchSensing_Library/src/tsl_acq.o
LOAD Middlewares/ST/STM32_TouchSensing_Library/src/tsl_acq_tsc.o
LOAD Middlewares/ST/STM32_TouchSensing_Library/src/tsl_dxs.o
LOAD Middlewares/ST/STM32_TouchSensing_Library/src/tsl_ecs.o
LOAD Middlewares/ST/STM32_TouchSensing_Library/src/tsl_filter.o
LOAD Middlewares/ST/STM32_TouchSensing_Library/src/tsl_globals.o
LOAD Middlewares/ST/STM32_TouchSensing_Library/src/tsl_linrot.o
LOAD Middlewares/ST/STM32_TouchSensing_Library/src/tsl_object.o
LOAD Middlewares/ST/STM32_TouchSensing_Library/src/tsl_time.o
LOAD Middlewares/ST/STM32_TouchSensing_Library/src/tsl_touchkey.o
LOAD TOUCHSENSING/App/stmCriticalSection.o
LOAD TOUCHSENSING/App/touchsensing.o
LOAD TOUCHSENSING/App/tsl_user.o
START GROUP
LOAD c:/st/stm32cubeide_1.2.0/stm32cubeide/plugins/com.st.stm32cube.ide.mcu.externaltools.gnu-tools-for-stm32.7-2018-q2-update.win32_1.4.0.202007081208/tools/bin/../lib/gcc/arm-none-eabi/7.3.1/../../../../arm-none-eabi/lib/thumb/v6-m\libc_nano.a
LOAD c:/st/stm32cubeide_1.2.0/stm32cubeide/plugins/com.st.stm32cube.ide.mcu.externaltools.gnu-tools-for-stm32.7-2018-q2-update.win32_1.4.0.202007081208/tools/bin/../lib/gcc/arm-none-eabi/7.3.1/../../../../arm-none-eabi/lib/thumb/v6-m\libm.a
END GROUP
START GROUP
LOAD c:/st/stm32cubeide_1.2.0/stm32cubeide/plugins/com.st.stm32cube.ide.mcu.externaltools.gnu-tools-for-stm32.7-2018-q2-update.win32_1.4.0.202007081208/tools/bin/../lib/gcc/arm-none-eabi/7.3.1/thumb/v6-m\libgcc.a
LOAD c:/st/stm32cubeide_1.2.0/stm32cubeide/plugins/com.st.stm32cube.ide.mcu.externaltools.gnu-tools-for-stm32.7-2018-q2-update.win32_1.4.0.202007081208/tools/bin/../lib/gcc/arm-none-eabi/7.3.1/../../../../arm-none-eabi/lib/thumb/v6-m\libc_nano.a
END GROUP
START GROUP
LOAD c:/st/stm32cubeide_1.2.0/stm32cubeide/plugins/com.st.stm32cube.ide.mcu.externaltools.gnu-tools-for-stm32.7-2018-q2-update.win32_1.4.0.202007081208/tools/bin/../lib/gcc/arm-none-eabi/7.3.1/thumb/v6-m\libgcc.a
LOAD c:/st/stm32cubeide_1.2.0/stm32cubeide/plugins/com.st.stm32cube.ide.mcu.externaltools.gnu-tools-for-stm32.7-2018-q2-update.win32_1.4.0.202007081208/tools/bin/../lib/gcc/arm-none-eabi/7.3.1/../../../../arm-none-eabi/lib/thumb/v6-m\libc_nano.a
LOAD c:/st/stm32cubeide_1.2.0/stm32cubeide/plugins/com.st.stm32cube.ide.mcu.externaltools.gnu-tools-for-stm32.7-2018-q2-update.win32_1.4.0.202007081208/tools/bin/../lib/gcc/arm-none-eabi/7.3.1/../../../../arm-none-eabi/lib/thumb/v6-m\libnosys.a
END GROUP
START GROUP
LOAD c:/st/stm32cubeide_1.2.0/stm32cubeide/plugins/com.st.stm32cube.ide.mcu.externaltools.gnu-tools-for-stm32.7-2018-q2-update.win32_1.4.0.202007081208/tools/bin/../lib/gcc/arm-none-eabi/7.3.1/thumb/v6-m\libgcc.a
LOAD c:/st/stm32cubeide_1.2.0/stm32cubeide/plugins/com.st.stm32cube.ide.mcu.externaltools.gnu-tools-for-stm32.7-2018-q2-update.win32_1.4.0.202007081208/tools/bin/../lib/gcc/arm-none-eabi/7.3.1/../../../../arm-none-eabi/lib/thumb/v6-m\libc_nano.a
LOAD c:/st/stm32cubeide_1.2.0/stm32cubeide/plugins/com.st.stm32cube.ide.mcu.externaltools.gnu-tools-for-stm32.7-2018-q2-update.win32_1.4.0.202007081208/tools/bin/../lib/gcc/arm-none-eabi/7.3.1/../../../../arm-none-eabi/lib/thumb/v6-m\libnosys.a
END GROUP
LOAD c:/st/stm32cubeide_1.2.0/stm32cubeide/plugins/com.st.stm32cube.ide.mcu.externaltools.gnu-tools-for-stm32.7-2018-q2-update.win32_1.4.0.202007081208/tools/bin/../lib/gcc/arm-none-eabi/7.3.1/thumb/v6-m/crtend.o
LOAD c:/st/stm32cubeide_1.2.0/stm32cubeide/plugins/com.st.stm32cube.ide.mcu.externaltools.gnu-tools-for-stm32.7-2018-q2-update.win32_1.4.0.202007081208/tools/bin/../lib/gcc/arm-none-eabi/7.3.1/thumb/v6-m/crtn.o
                0x0000000020001800                _estack = (ORIGIN (RAM) + LENGTH (RAM))
                0x0000000000000200                _Min_Heap_Size = 0x200
                0x0000000000000400                _Min_Stack_Size = 0x400

.isr_vector     0x0000000008000000       0xc0
                0x0000000008000000                . = ALIGN (0x4)
 *(.isr_vector)
 .isr_vector    0x0000000008000000       0xc0 Core/Startup/startup_stm32f042k6tx.o
                0x0000000008000000                g_pfnVectors
                0x00000000080000c0                . = ALIGN (0x4)

.text           0x00000000080000c0     0x39ac
                0x00000000080000c0                . = ALIGN (0x4)
 *(.text)
 .text          0x00000000080000c0       0x48 c:/st/stm32cubeide_1.2.0/stm32cubeide/plugins/com.st.stm32cube.ide.mcu.externaltools.gnu-tools-for-stm32.7-2018-q2-update.win32_1.4.0.202007081208/tools/bin/../lib/gcc/arm-none-eabi/7.3.1/thumb/v6-m/crtbegin.o
 .text          0x0000000008000108      0x114 c:/st/stm32cubeide_1.2.0/stm32cubeide/plugins/com.st.stm32cube.ide.mcu.externaltools.gnu-tools-for-stm32.7-2018-q2-update.win32_1.4.0.202007081208/tools/bin/../lib/gcc/arm-none-eabi/7.3.1/thumb/v6-m\libgcc.a(_udivsi3.o)
                0x0000000008000108                __aeabi_uidiv
                0x0000000008000108                __udivsi3
                0x0000000008000214                __aeabi_uidivmod
 .text          0x000000000800021c        0x4 c:/st/stm32cubeide_1.2.0/stm32cubeide/plugins/com.st.stm32cube.ide.mcu.externaltools.gnu-tools-for-stm32.7-2018-q2-update.win32_1.4.0.202007081208/tools/bin/../lib/gcc/arm-none-eabi/7.3.1/thumb/v6-m\libgcc.a(_dvmd_tls.o)
                0x000000000800021c                __aeabi_idiv0
                0x000000000800021c                __aeabi_ldiv0
 *(.text*)
 .text.main     0x0000000008000220       0x68 Core/Src/main.o
                0x0000000008000220                main
 .text.SystemClock_Config
                0x0000000008000288       0x80 Core/Src/main.o
                0x0000000008000288                SystemClock_Config
 .text.MX_TSC_Init
                0x0000000008000308       0x84 Core/Src/main.o
 .text.MX_USART2_UART_Init
                0x000000000800038c       0x60 Core/Src/main.o
 .text.MX_GPIO_Init
                0x00000000080003ec       0x90 Core/Src/main.o
 .text.Error_Handler
                0x000000000800047c        0xa Core/Src/main.o
                0x000000000800047c                Error_Handler
 *fill*         0x0000000008000486        0x2 
 .text.HAL_MspInit
                0x0000000008000488       0x48 Core/Src/stm32f0xx_hal_msp.o
                0x0000000008000488                HAL_MspInit
 .text.HAL_TSC_MspInit
                0x00000000080004d0       0xc8 Core/Src/stm32f0xx_hal_msp.o
                0x00000000080004d0                HAL_TSC_MspInit
 .text.HAL_UART_MspInit
                0x0000000008000598       0x9c Core/Src/stm32f0xx_hal_msp.o
                0x0000000008000598                HAL_UART_MspInit
 .text.NMI_Handler
                0x0000000008000634        0xa Core/Src/stm32f0xx_it.o
                0x0000000008000634                NMI_Handler
 .text.HardFault_Handler
                0x000000000800063e        0x6 Core/Src/stm32f0xx_it.o
                0x000000000800063e                HardFault_Handler
 .text.SVC_Handler
                0x0000000008000644        0xa Core/Src/stm32f0xx_it.o
                0x0000000008000644                SVC_Handler
 .text.PendSV_Handler
                0x000000000800064e        0xa Core/Src/stm32f0xx_it.o
                0x000000000800064e                PendSV_Handler
 .text.SysTick_Handler
                0x0000000008000658       0x12 Core/Src/stm32f0xx_it.o
                0x0000000008000658                SysTick_Handler
 .text.SystemInit
                0x000000000800066a        0xa Core/Src/system_stm32f0xx.o
                0x000000000800066a                SystemInit
 .text.Reset_Handler
                0x0000000008000674       0x80 Core/Startup/startup_stm32f042k6tx.o
                0x0000000008000674                Reset_Handler
 .text.Default_Handler
                0x00000000080006f4        0x2 Core/Startup/startup_stm32f042k6tx.o
                0x00000000080006f4                TIM1_CC_IRQHandler
                0x00000000080006f4                TSC_IRQHandler
                0x00000000080006f4                I2C1_IRQHandler
                0x00000000080006f4                RCC_CRS_IRQHandler
                0x00000000080006f4                SPI1_IRQHandler
                0x00000000080006f4                EXTI2_3_IRQHandler
                0x00000000080006f4                ADC1_IRQHandler
                0x00000000080006f4                TIM17_IRQHandler
                0x00000000080006f4                CEC_CAN_IRQHandler
                0x00000000080006f4                RTC_IRQHandler
                0x00000000080006f4                PVD_VDDIO2_IRQHandler
                0x00000000080006f4                TIM16_IRQHandler
                0x00000000080006f4                TIM3_IRQHandler
                0x00000000080006f4                EXTI4_15_IRQHandler
                0x00000000080006f4                DMA1_Channel1_IRQHandler
                0x00000000080006f4                Default_Handler
                0x00000000080006f4                TIM14_IRQHandler
                0x00000000080006f4                DMA1_Channel4_5_IRQHandler
                0x00000000080006f4                EXTI0_1_IRQHandler
                0x00000000080006f4                USB_IRQHandler
                0x00000000080006f4                SPI2_IRQHandler
                0x00000000080006f4                WWDG_IRQHandler
                0x00000000080006f4                TIM2_IRQHandler
                0x00000000080006f4                DMA1_Channel2_3_IRQHandler
                0x00000000080006f4                USART2_IRQHandler
                0x00000000080006f4                FLASH_IRQHandler
                0x00000000080006f4                USART1_IRQHandler
                0x00000000080006f4                TIM1_BRK_UP_TRG_COM_IRQHandler
 *fill*         0x00000000080006f6        0x2 
 .text.HAL_Init
                0x00000000080006f8       0x28 Drivers/STM32F0xx_HAL_Driver/Src/stm32f0xx_hal.o
                0x00000000080006f8                HAL_Init
 .text.HAL_InitTick
                0x0000000008000720       0x68 Drivers/STM32F0xx_HAL_Driver/Src/stm32f0xx_hal.o
                0x0000000008000720                HAL_InitTick
 .text.HAL_IncTick
                0x0000000008000788       0x24 Drivers/STM32F0xx_HAL_Driver/Src/stm32f0xx_hal.o
                0x0000000008000788                HAL_IncTick
 .text.HAL_GetTick
                0x00000000080007ac       0x14 Drivers/STM32F0xx_HAL_Driver/Src/stm32f0xx_hal.o
                0x00000000080007ac                HAL_GetTick
 .text.HAL_Delay
                0x00000000080007c0       0x44 Drivers/STM32F0xx_HAL_Driver/Src/stm32f0xx_hal.o
                0x00000000080007c0                HAL_Delay
 .text.__NVIC_SetPriority
                0x0000000008000804       0xdc Drivers/STM32F0xx_HAL_Driver/Src/stm32f0xx_hal_cortex.o
 .text.SysTick_Config
                0x00000000080008e0       0x48 Drivers/STM32F0xx_HAL_Driver/Src/stm32f0xx_hal_cortex.o
 .text.HAL_NVIC_SetPriority
                0x0000000008000928       0x2a Drivers/STM32F0xx_HAL_Driver/Src/stm32f0xx_hal_cortex.o
                0x0000000008000928                HAL_NVIC_SetPriority
 .text.HAL_SYSTICK_Config
                0x0000000008000952       0x1a Drivers/STM32F0xx_HAL_Driver/Src/stm32f0xx_hal_cortex.o
                0x0000000008000952                HAL_SYSTICK_Config
 .text.HAL_GPIO_Init
                0x000000000800096c      0x2d0 Drivers/STM32F0xx_HAL_Driver/Src/stm32f0xx_hal_gpio.o
                0x000000000800096c                HAL_GPIO_Init
 .text.HAL_GPIO_WritePin
                0x0000000008000c3c       0x3a Drivers/STM32F0xx_HAL_Driver/Src/stm32f0xx_hal_gpio.o
                0x0000000008000c3c                HAL_GPIO_WritePin
 *fill*         0x0000000008000c76        0x2 
 .text.HAL_RCC_OscConfig
                0x0000000008000c78      0x70c Drivers/STM32F0xx_HAL_Driver/Src/stm32f0xx_hal_rcc.o
                0x0000000008000c78                HAL_RCC_OscConfig
 .text.HAL_RCC_ClockConfig
                0x0000000008001384      0x1b4 Drivers/STM32F0xx_HAL_Driver/Src/stm32f0xx_hal_rcc.o
                0x0000000008001384                HAL_RCC_ClockConfig
 .text.HAL_RCC_GetSysClockFreq
                0x0000000008001538       0xfc Drivers/STM32F0xx_HAL_Driver/Src/stm32f0xx_hal_rcc.o
                0x0000000008001538                HAL_RCC_GetSysClockFreq
 .text.HAL_RCC_GetHCLKFreq
                0x0000000008001634       0x14 Drivers/STM32F0xx_HAL_Driver/Src/stm32f0xx_hal_rcc.o
                0x0000000008001634                HAL_RCC_GetHCLKFreq
 .text.HAL_RCC_GetPCLK1Freq
                0x0000000008001648       0x2c Drivers/STM32F0xx_HAL_Driver/Src/stm32f0xx_hal_rcc.o
                0x0000000008001648                HAL_RCC_GetPCLK1Freq
 .text.HAL_TSC_Init
                0x0000000008001674      0x104 Drivers/STM32F0xx_HAL_Driver/Src/stm32f0xx_hal_tsc.o
                0x0000000008001674                HAL_TSC_Init
 .text.TSC_extract_groups
                0x0000000008001778       0x46 Drivers/STM32F0xx_HAL_Driver/Src/stm32f0xx_hal_tsc.o
 *fill*         0x00000000080017be        0x2 
 .text.HAL_UART_Init
                0x00000000080017c0       0xa8 Drivers/STM32F0xx_HAL_Driver/Src/stm32f0xx_hal_uart.o
                0x00000000080017c0                HAL_UART_Init
 .text.UART_SetConfig
                0x0000000008001868      0x30c Drivers/STM32F0xx_HAL_Driver/Src/stm32f0xx_hal_uart.o
                0x0000000008001868                UART_SetConfig
 .text.UART_AdvFeatureConfig
                0x0000000008001b74      0x168 Drivers/STM32F0xx_HAL_Driver/Src/stm32f0xx_hal_uart.o
                0x0000000008001b74                UART_AdvFeatureConfig
 .text.UART_CheckIdleState
                0x0000000008001cdc       0x8c Drivers/STM32F0xx_HAL_Driver/Src/stm32f0xx_hal_uart.o
                0x0000000008001cdc                UART_CheckIdleState
 .text.UART_WaitOnFlagUntilTimeout
                0x0000000008001d68       0xfc Drivers/STM32F0xx_HAL_Driver/Src/stm32f0xx_hal_uart.o
                0x0000000008001d68                UART_WaitOnFlagUntilTimeout
 .text.TSL_Init
                0x0000000008001e64       0x5c Middlewares/ST/STM32_TouchSensing_Library/src/tsl.o
                0x0000000008001e64                TSL_Init
 .text.TSL_acq_BankGetResult
                0x0000000008001ec0      0x328 Middlewares/ST/STM32_TouchSensing_Library/src/tsl_acq.o
                0x0000000008001ec0                TSL_acq_BankGetResult
 .text.TSL_acq_BankConfig
                0x00000000080021e8       0xd8 Middlewares/ST/STM32_TouchSensing_Library/src/tsl_acq_tsc.o
                0x00000000080021e8                TSL_acq_BankConfig
 .text.TSL_acq_BankStartAcq
                0x00000000080022c0       0x40 Middlewares/ST/STM32_TouchSensing_Library/src/tsl_acq_tsc.o
                0x00000000080022c0                TSL_acq_BankStartAcq
 .text.TSL_acq_BankWaitEOC
                0x0000000008002300       0x40 Middlewares/ST/STM32_TouchSensing_Library/src/tsl_acq_tsc.o
                0x0000000008002300                TSL_acq_BankWaitEOC
 .text.TSL_acq_GetMeas
                0x0000000008002340       0x38 Middlewares/ST/STM32_TouchSensing_Library/src/tsl_acq_tsc.o
                0x0000000008002340                TSL_acq_GetMeas
 .text.TSL_acq_ComputeDelta
                0x0000000008002378       0x28 Middlewares/ST/STM32_TouchSensing_Library/src/tsl_acq_tsc.o
                0x0000000008002378                TSL_acq_ComputeDelta
 .text.TSL_acq_ComputeMeas
                0x00000000080023a0       0x26 Middlewares/ST/STM32_TouchSensing_Library/src/tsl_acq_tsc.o
                0x00000000080023a0                TSL_acq_ComputeMeas
 .text.TSL_acq_CheckNoise
                0x00000000080023c6        0xc Middlewares/ST/STM32_TouchSensing_Library/src/tsl_acq_tsc.o
                0x00000000080023c6                TSL_acq_CheckNoise
 .text.TSL_acq_UseFilter
                0x00000000080023d2       0x12 Middlewares/ST/STM32_TouchSensing_Library/src/tsl_acq_tsc.o
                0x00000000080023d2                TSL_acq_UseFilter
 .text.TSL_acq_TestReferenceOutOfRange
                0x00000000080023e4       0x12 Middlewares/ST/STM32_TouchSensing_Library/src/tsl_acq_tsc.o
                0x00000000080023e4                TSL_acq_TestReferenceOutOfRange
 .text.TSL_acq_TestFirstReferenceIsValid
                0x00000000080023f6       0x18 Middlewares/ST/STM32_TouchSensing_Library/src/tsl_acq_tsc.o
                0x00000000080023f6                TSL_acq_TestFirstReferenceIsValid
 .text.SoftDelay
                0x000000000800240e       0x22 Middlewares/ST/STM32_TouchSensing_Library/src/tsl_acq_tsc.o
 .text.TSL_dxs_FirstObj
                0x0000000008002430       0x10 Middlewares/ST/STM32_TouchSensing_Library/src/tsl_dxs.o
                0x0000000008002430                TSL_dxs_FirstObj
 .text.TSL_ecs_CalcK
                0x0000000008002440      0x1a0 Middlewares/ST/STM32_TouchSensing_Library/src/tsl_ecs.o
                0x0000000008002440                TSL_ecs_CalcK
 .text.TSL_ecs_ProcessK
                0x00000000080025e0      0x174 Middlewares/ST/STM32_TouchSensing_Library/src/tsl_ecs.o
                0x00000000080025e0                TSL_ecs_ProcessK
 .text.TSL_ecs_Process
                0x0000000008002754       0xe0 Middlewares/ST/STM32_TouchSensing_Library/src/tsl_ecs.o
                0x0000000008002754                TSL_ecs_Process
 .text.TSL_obj_GroupInit
                0x0000000008002834       0xb8 Middlewares/ST/STM32_TouchSensing_Library/src/tsl_object.o
                0x0000000008002834                TSL_obj_GroupInit
 .text.TSL_obj_GroupProcess
                0x00000000080028ec       0xb8 Middlewares/ST/STM32_TouchSensing_Library/src/tsl_object.o
                0x00000000080028ec                TSL_obj_GroupProcess
 .text.TSL_obj_SetGlobalObj
                0x00000000080029a4       0x30 Middlewares/ST/STM32_TouchSensing_Library/src/tsl_object.o
                0x00000000080029a4                TSL_obj_SetGlobalObj
 .text.TSL_tim_ProcessIT
                0x00000000080029d4       0x58 Middlewares/ST/STM32_TouchSensing_Library/src/tsl_time.o
                0x00000000080029d4                TSL_tim_ProcessIT
 .text.TSL_tim_CheckDelay_ms
                0x0000000008002a2c       0xbc Middlewares/ST/STM32_TouchSensing_Library/src/tsl_time.o
                0x0000000008002a2c                TSL_tim_CheckDelay_ms
 .text.TSL_tkey_Init
                0x0000000008002ae8       0x78 Middlewares/ST/STM32_TouchSensing_Library/src/tsl_touchkey.o
                0x0000000008002ae8                TSL_tkey_Init
 .text.TSL_tkey_Process
                0x0000000008002b60       0x9c Middlewares/ST/STM32_TouchSensing_Library/src/tsl_touchkey.o
                0x0000000008002b60                TSL_tkey_Process
 .text.TSL_tkey_SetStateCalibration
                0x0000000008002bfc       0x94 Middlewares/ST/STM32_TouchSensing_Library/src/tsl_touchkey.o
                0x0000000008002bfc                TSL_tkey_SetStateCalibration
 .text.TSL_tkey_GetStateMask
                0x0000000008002c90       0x40 Middlewares/ST/STM32_TouchSensing_Library/src/tsl_touchkey.o
                0x0000000008002c90                TSL_tkey_GetStateMask
 .text.TSL_tkey_DebReleaseProxStateProcess
                0x0000000008002cd0       0x84 Middlewares/ST/STM32_TouchSensing_Library/src/tsl_touchkey.o
                0x0000000008002cd0                TSL_tkey_DebReleaseProxStateProcess
 .text.TSL_tkey_DebReleaseDetectStateProcess
                0x0000000008002d54       0xa8 Middlewares/ST/STM32_TouchSensing_Library/src/tsl_touchkey.o
                0x0000000008002d54                TSL_tkey_DebReleaseDetectStateProcess
 .text.TSL_tkey_DebReleaseTouchStateProcess
                0x0000000008002dfc       0xa8 Middlewares/ST/STM32_TouchSensing_Library/src/tsl_touchkey.o
                0x0000000008002dfc                TSL_tkey_DebReleaseTouchStateProcess
 .text.TSL_tkey_ReleaseStateProcess
                0x0000000008002ea4      0x138 Middlewares/ST/STM32_TouchSensing_Library/src/tsl_touchkey.o
                0x0000000008002ea4                TSL_tkey_ReleaseStateProcess
 .text.TSL_tkey_DebCalibrationStateProcess
                0x0000000008002fdc       0x84 Middlewares/ST/STM32_TouchSensing_Library/src/tsl_touchkey.o
                0x0000000008002fdc                TSL_tkey_DebCalibrationStateProcess
 .text.TSL_tkey_CalibrationStateProcess
                0x0000000008003060      0x14c Middlewares/ST/STM32_TouchSensing_Library/src/tsl_touchkey.o
                0x0000000008003060                TSL_tkey_CalibrationStateProcess
 .text.TSL_tkey_DebProxStateProcess
                0x00000000080031ac       0xd0 Middlewares/ST/STM32_TouchSensing_Library/src/tsl_touchkey.o
                0x00000000080031ac                TSL_tkey_DebProxStateProcess
 .text.TSL_tkey_DebProxDetectStateProcess
                0x000000000800327c       0xd0 Middlewares/ST/STM32_TouchSensing_Library/src/tsl_touchkey.o
                0x000000000800327c                TSL_tkey_DebProxDetectStateProcess
 .text.TSL_tkey_DebProxTouchStateProcess
                0x000000000800334c       0xd0 Middlewares/ST/STM32_TouchSensing_Library/src/tsl_touchkey.o
                0x000000000800334c                TSL_tkey_DebProxTouchStateProcess
 .text.TSL_tkey_ProxStateProcess
                0x000000000800341c       0xf0 Middlewares/ST/STM32_TouchSensing_Library/src/tsl_touchkey.o
                0x000000000800341c                TSL_tkey_ProxStateProcess
 .text.TSL_tkey_DebDetectStateProcess
                0x000000000800350c       0xd0 Middlewares/ST/STM32_TouchSensing_Library/src/tsl_touchkey.o
                0x000000000800350c                TSL_tkey_DebDetectStateProcess
 .text.TSL_tkey_DetectStateProcess
                0x00000000080035dc       0xf0 Middlewares/ST/STM32_TouchSensing_Library/src/tsl_touchkey.o
                0x00000000080035dc                TSL_tkey_DetectStateProcess
 .text.TSL_tkey_TouchStateProcess
                0x00000000080036cc       0xf0 Middlewares/ST/STM32_TouchSensing_Library/src/tsl_touchkey.o
                0x00000000080036cc                TSL_tkey_TouchStateProcess
 .text.TSL_tkey_DebErrorStateProcess
                0x00000000080037bc       0xcc Middlewares/ST/STM32_TouchSensing_Library/src/tsl_touchkey.o
                0x00000000080037bc                TSL_tkey_DebErrorStateProcess
 .text.enterLock
                0x0000000008003888       0x30 TOUCHSENSING/App/stmCriticalSection.o
                0x0000000008003888                enterLock
 .text.exitLock
                0x00000000080038b8       0x14 TOUCHSENSING/App/stmCriticalSection.o
                0x00000000080038b8                exitLock
 .text.MX_TOUCHSENSING_Init
                0x00000000080038cc        0xe TOUCHSENSING/App/touchsensing.o
                0x00000000080038cc                MX_TOUCHSENSING_Init
 *fill*         0x00000000080038da        0x2 
 .text.tsl_user_Init
                0x00000000080038dc       0x28 TOUCHSENSING/App/tsl_user.o
                0x00000000080038dc                tsl_user_Init
 .text.tsl_user_Exec
                0x0000000008003904       0xd8 TOUCHSENSING/App/tsl_user.o
                0x0000000008003904                tsl_user_Exec
 .text.tsl_user_SetThresholds
                0x00000000080039dc        0xa TOUCHSENSING/App/tsl_user.o
                0x00000000080039dc                tsl_user_SetThresholds
 .text.MyTKeys_ErrorStateProcess
                0x00000000080039e6        0xa TOUCHSENSING/App/tsl_user.o
                0x00000000080039e6                MyTKeys_ErrorStateProcess
 .text.MyTKeys_OffStateProcess
                0x00000000080039f0        0xa TOUCHSENSING/App/tsl_user.o
                0x00000000080039f0                MyTKeys_OffStateProcess
 *fill*         0x00000000080039fa        0x2 
 .text.__libc_init_array
                0x00000000080039fc       0x48 c:/st/stm32cubeide_1.2.0/stm32cubeide/plugins/com.st.stm32cube.ide.mcu.externaltools.gnu-tools-for-stm32.7-2018-q2-update.win32_1.4.0.202007081208/tools/bin/../lib/gcc/arm-none-eabi/7.3.1/../../../../arm-none-eabi/lib/thumb/v6-m\libc_nano.a(lib_a-init.o)
                0x00000000080039fc                __libc_init_array
 .text.memset   0x0000000008003a44       0x10 c:/st/stm32cubeide_1.2.0/stm32cubeide/plugins/com.st.stm32cube.ide.mcu.externaltools.gnu-tools-for-stm32.7-2018-q2-update.win32_1.4.0.202007081208/tools/bin/../lib/gcc/arm-none-eabi/7.3.1/../../../../arm-none-eabi/lib/thumb/v6-m\libc_nano.a(lib_a-memset.o)
                0x0000000008003a44                memset
 *(.glue_7)
 .glue_7        0x0000000008003a54        0x0 linker stubs
 *(.glue_7t)
 .glue_7t       0x0000000008003a54        0x0 linker stubs
 *(.eh_frame)
 .eh_frame      0x0000000008003a54        0x0 c:/st/stm32cubeide_1.2.0/stm32cubeide/plugins/com.st.stm32cube.ide.mcu.externaltools.gnu-tools-for-stm32.7-2018-q2-update.win32_1.4.0.202007081208/tools/bin/../lib/gcc/arm-none-eabi/7.3.1/thumb/v6-m/crtbegin.o
 *(.init)
 .init          0x0000000008003a54        0x4 c:/st/stm32cubeide_1.2.0/stm32cubeide/plugins/com.st.stm32cube.ide.mcu.externaltools.gnu-tools-for-stm32.7-2018-q2-update.win32_1.4.0.202007081208/tools/bin/../lib/gcc/arm-none-eabi/7.3.1/thumb/v6-m/crti.o
                0x0000000008003a54                _init
 .init          0x0000000008003a58        0x8 c:/st/stm32cubeide_1.2.0/stm32cubeide/plugins/com.st.stm32cube.ide.mcu.externaltools.gnu-tools-for-stm32.7-2018-q2-update.win32_1.4.0.202007081208/tools/bin/../lib/gcc/arm-none-eabi/7.3.1/thumb/v6-m/crtn.o
 *(.fini)
 .fini          0x0000000008003a60        0x4 c:/st/stm32cubeide_1.2.0/stm32cubeide/plugins/com.st.stm32cube.ide.mcu.externaltools.gnu-tools-for-stm32.7-2018-q2-update.win32_1.4.0.202007081208/tools/bin/../lib/gcc/arm-none-eabi/7.3.1/thumb/v6-m/crti.o
                0x0000000008003a60                _fini
 .fini          0x0000000008003a64        0x8 c:/st/stm32cubeide_1.2.0/stm32cubeide/plugins/com.st.stm32cube.ide.mcu.externaltools.gnu-tools-for-stm32.7-2018-q2-update.win32_1.4.0.202007081208/tools/bin/../lib/gcc/arm-none-eabi/7.3.1/thumb/v6-m/crtn.o
                0x0000000008003a6c                . = ALIGN (0x4)
                0x0000000008003a6c                _etext = .

.vfp11_veneer   0x0000000008003a6c        0x0
 .vfp11_veneer  0x0000000008003a6c        0x0 linker stubs

.v4_bx          0x0000000008003a6c        0x0
 .v4_bx         0x0000000008003a6c        0x0 linker stubs

.iplt           0x0000000008003a6c        0x0
 .iplt          0x0000000008003a6c        0x0 c:/st/stm32cubeide_1.2.0/stm32cubeide/plugins/com.st.stm32cube.ide.mcu.externaltools.gnu-tools-for-stm32.7-2018-q2-update.win32_1.4.0.202007081208/tools/bin/../lib/gcc/arm-none-eabi/7.3.1/thumb/v6-m/crtbegin.o

.rodata         0x0000000008003a6c      0x11c
                0x0000000008003a6c                . = ALIGN (0x4)
 *(.rodata)
 .rodata        0x0000000008003a6c       0x20 Drivers/STM32F0xx_HAL_Driver/Src/stm32f0xx_hal_rcc.o
 *(.rodata*)
 .rodata.AHBPrescTable
                0x0000000008003a8c       0x10 Core/Src/system_stm32f0xx.o
                0x0000000008003a8c                AHBPrescTable
 .rodata.APBPrescTable
                0x0000000008003a9c        0x8 Core/Src/system_stm32f0xx.o
                0x0000000008003a9c                APBPrescTable
 .rodata.MyChannels_Src
                0x0000000008003aa4        0xc TOUCHSENSING/App/tsl_user.o
                0x0000000008003aa4                MyChannels_Src
 .rodata.MyChannels_Dest
                0x0000000008003ab0        0x2 TOUCHSENSING/App/tsl_user.o
                0x0000000008003ab0                MyChannels_Dest
 *fill*         0x0000000008003ab2        0x2 
 .rodata.MyBanks
                0x0000000008003ab4       0x18 TOUCHSENSING/App/tsl_user.o
                0x0000000008003ab4                MyBanks
 .rodata.MyTKeys_StateMachine
                0x0000000008003acc       0xa0 TOUCHSENSING/App/tsl_user.o
                0x0000000008003acc                MyTKeys_StateMachine
 .rodata.MyTKeys_Methods
                0x0000000008003b6c        0x8 TOUCHSENSING/App/tsl_user.o
                0x0000000008003b6c                MyTKeys_Methods
 .rodata.MyTKeysB
                0x0000000008003b74        0xc TOUCHSENSING/App/tsl_user.o
                0x0000000008003b74                MyTKeysB
 .rodata.MyObjects
                0x0000000008003b80        0x8 TOUCHSENSING/App/tsl_user.o
                0x0000000008003b80                MyObjects
                0x0000000008003b88                . = ALIGN (0x4)

.rel.dyn        0x0000000008003b88        0x0
 .rel.iplt      0x0000000008003b88        0x0 c:/st/stm32cubeide_1.2.0/stm32cubeide/plugins/com.st.stm32cube.ide.mcu.externaltools.gnu-tools-for-stm32.7-2018-q2-update.win32_1.4.0.202007081208/tools/bin/../lib/gcc/arm-none-eabi/7.3.1/thumb/v6-m/crtbegin.o

.ARM.extab      0x0000000008003b88        0x0
                0x0000000008003b88                . = ALIGN (0x4)
 *(.ARM.extab* .gnu.linkonce.armextab.*)
                0x0000000008003b88                . = ALIGN (0x4)

.ARM            0x0000000008003b88        0x0
                0x0000000008003b88                . = ALIGN (0x4)
                0x0000000008003b88                __exidx_start = .
 *(.ARM.exidx*)
                0x0000000008003b88                __exidx_end = .
                0x0000000008003b88                . = ALIGN (0x4)

.preinit_array  0x0000000008003b88        0x0
                0x0000000008003b88                . = ALIGN (0x4)
                0x0000000008003b88                PROVIDE (__preinit_array_start = .)
 *(.preinit_array*)
                0x0000000008003b88                PROVIDE (__preinit_array_end = .)
                0x0000000008003b88                . = ALIGN (0x4)

.init_array     0x0000000008003b88        0x4
                0x0000000008003b88                . = ALIGN (0x4)
                0x0000000008003b88                PROVIDE (__init_array_start = .)
 *(SORT_BY_NAME(.init_array.*))
 *(.init_array*)
 .init_array    0x0000000008003b88        0x4 c:/st/stm32cubeide_1.2.0/stm32cubeide/plugins/com.st.stm32cube.ide.mcu.externaltools.gnu-tools-for-stm32.7-2018-q2-update.win32_1.4.0.202007081208/tools/bin/../lib/gcc/arm-none-eabi/7.3.1/thumb/v6-m/crtbegin.o
                0x0000000008003b8c                PROVIDE (__init_array_end = .)
                0x0000000008003b8c                . = ALIGN (0x4)

.fini_array     0x0000000008003b8c        0x4
                0x0000000008003b8c                . = ALIGN (0x4)
                [!provide]                        PROVIDE (__fini_array_start = .)
 *(SORT_BY_NAME(.fini_array.*))
 *(.fini_array*)
 .fini_array    0x0000000008003b8c        0x4 c:/st/stm32cubeide_1.2.0/stm32cubeide/plugins/com.st.stm32cube.ide.mcu.externaltools.gnu-tools-for-stm32.7-2018-q2-update.win32_1.4.0.202007081208/tools/bin/../lib/gcc/arm-none-eabi/7.3.1/thumb/v6-m/crtbegin.o
                [!provide]                        PROVIDE (__fini_array_end = .)
                0x0000000008003b90                . = ALIGN (0x4)
                0x0000000008003b90                _sidata = LOADADDR (.data)

.data           0x0000000020000000       0x2c load address 0x0000000008003b90
                0x0000000020000000                . = ALIGN (0x4)
                0x0000000020000000                _sdata = .
 *(.data)
 *(.data*)
 .data.SystemCoreClock
                0x0000000020000000        0x4 Core/Src/system_stm32f0xx.o
                0x0000000020000000                SystemCoreClock
 .data.uwTickPrio
                0x0000000020000004        0x4 Drivers/STM32F0xx_HAL_Driver/Src/stm32f0xx_hal.o
                0x0000000020000004                uwTickPrio
 .data.uwTickFreq
                0x0000000020000008        0x1 Drivers/STM32F0xx_HAL_Driver/Src/stm32f0xx_hal.o
                0x0000000020000008                uwTickFreq
 *fill*         0x0000000020000009        0x3 
 .data.MyObjGroup
                0x000000002000000c       0x10 TOUCHSENSING/App/tsl_user.o
                0x000000002000000c                MyObjGroup
 .data.TSL_Params
                0x000000002000001c       0x10 TOUCHSENSING/App/tsl_user.o
                0x000000002000001c                TSL_Params
                0x000000002000002c                . = ALIGN (0x4)
                0x000000002000002c                _edata = .

.igot.plt       0x000000002000002c        0x0 load address 0x0000000008003bbc
 .igot.plt      0x000000002000002c        0x0 c:/st/stm32cubeide_1.2.0/stm32cubeide/plugins/com.st.stm32cube.ide.mcu.externaltools.gnu-tools-for-stm32.7-2018-q2-update.win32_1.4.0.202007081208/tools/bin/../lib/gcc/arm-none-eabi/7.3.1/thumb/v6-m/crtbegin.o
                0x000000002000002c                . = ALIGN (0x4)

.bss            0x000000002000002c      0x128 load address 0x0000000008003bbc
                0x000000002000002c                _sbss = .
                0x000000002000002c                __bss_start__ = _sbss
 *(.bss)
 .bss           0x000000002000002c       0x1c c:/st/stm32cubeide_1.2.0/stm32cubeide/plugins/com.st.stm32cube.ide.mcu.externaltools.gnu-tools-for-stm32.7-2018-q2-update.win32_1.4.0.202007081208/tools/bin/../lib/gcc/arm-none-eabi/7.3.1/thumb/v6-m/crtbegin.o
 *(.bss*)
 .bss.count_1s.6196
                0x0000000020000048        0x2 Middlewares/ST/STM32_TouchSensing_Library/src/tsl_time.o
 .bss.CalibDiv  0x000000002000004a        0x2 Middlewares/ST/STM32_TouchSensing_Library/src/tsl_touchkey.o
 .bss.stm_studio_lock
                0x000000002000004c        0x3 TOUCHSENSING/App/stmCriticalSection.o
                0x000000002000004c                stm_studio_lock
 *fill*         0x000000002000004f        0x1 
 .bss.config_done.6255
                0x0000000020000050        0x4 TOUCHSENSING/App/tsl_user.o
 .bss.idx_bank.6254
                0x0000000020000054        0x4 TOUCHSENSING/App/tsl_user.o
 *(COMMON)
 COMMON         0x0000000020000058       0xc4 Core/Src/main.o
                0x0000000020000058                huart2
                0x00000000200000d8                htsc
 COMMON         0x000000002000011c        0x4 Drivers/STM32F0xx_HAL_Driver/Src/stm32f0xx_hal.o
                0x000000002000011c                uwTick
 COMMON         0x0000000020000120       0x18 Middlewares/ST/STM32_TouchSensing_Library/src/tsl_globals.o
                0x0000000020000120                TSL_Globals
 COMMON         0x0000000020000138       0x1c TOUCHSENSING/App/tsl_user.o
                0x0000000020000138                MyChannels_Data
                0x0000000020000144                MyTKeys_Param
                0x000000002000014e                ECSLastTick
                0x0000000020000150                MyTKeys_Data
                0x0000000020000154                . = ALIGN (0x4)
                0x0000000020000154                _ebss = .
                0x0000000020000154                __bss_end__ = _ebss

._user_heap_stack
                0x0000000020000154      0x604 load address 0x0000000008003bbc
                0x0000000020000158                . = ALIGN (0x8)
 *fill*         0x0000000020000154        0x4 
                [!provide]                        PROVIDE (end = .)
                0x0000000020000158                PROVIDE (_end = .)
                0x0000000020000358                . = (. + _Min_Heap_Size)
 *fill*         0x0000000020000158      0x200 
                0x0000000020000758                . = (. + _Min_Stack_Size)
 *fill*         0x0000000020000358      0x400 
                0x0000000020000758                . = ALIGN (0x8)

/DISCARD/
 libc.a(*)
 libm.a(*)
 libgcc.a(*)

.ARM.attributes
                0x0000000000000000       0x28
 *(.ARM.attributes)
 .ARM.attributes
                0x0000000000000000       0x1e c:/st/stm32cubeide_1.2.0/stm32cubeide/plugins/com.st.stm32cube.ide.mcu.externaltools.gnu-tools-for-stm32.7-2018-q2-update.win32_1.4.0.202007081208/tools/bin/../lib/gcc/arm-none-eabi/7.3.1/thumb/v6-m/crti.o
 .ARM.attributes
                0x000000000000001e       0x2c c:/st/stm32cubeide_1.2.0/stm32cubeide/plugins/com.st.stm32cube.ide.mcu.externaltools.gnu-tools-for-stm32.7-2018-q2-update.win32_1.4.0.202007081208/tools/bin/../lib/gcc/arm-none-eabi/7.3.1/thumb/v6-m/crtbegin.o
 .ARM.attributes
                0x000000000000004a       0x31 Core/Src/main.o
 .ARM.attributes
                0x000000000000007b       0x31 Core/Src/stm32f0xx_hal_msp.o
 .ARM.attributes
                0x00000000000000ac       0x31 Core/Src/stm32f0xx_it.o
 .ARM.attributes
                0x00000000000000dd       0x31 Core/Src/system_stm32f0xx.o
 .ARM.attributes
                0x000000000000010e       0x21 Core/Startup/startup_stm32f042k6tx.o
 .ARM.attributes
                0x000000000000012f       0x31 Drivers/STM32F0xx_HAL_Driver/Src/stm32f0xx_hal.o
 .ARM.attributes
                0x0000000000000160       0x31 Drivers/STM32F0xx_HAL_Driver/Src/stm32f0xx_hal_cortex.o
 .ARM.attributes
                0x0000000000000191       0x31 Drivers/STM32F0xx_HAL_Driver/Src/stm32f0xx_hal_gpio.o
 .ARM.attributes
                0x00000000000001c2       0x31 Drivers/STM32F0xx_HAL_Driver/Src/stm32f0xx_hal_rcc.o
 .ARM.attributes
                0x00000000000001f3       0x31 Drivers/STM32F0xx_HAL_Driver/Src/stm32f0xx_hal_tsc.o
 .ARM.attributes
                0x0000000000000224       0x31 Drivers/STM32F0xx_HAL_Driver/Src/stm32f0xx_hal_uart.o
 .ARM.attributes
                0x0000000000000255       0x31 Middlewares/ST/STM32_TouchSensing_Library/src/tsl.o
 .ARM.attributes
                0x0000000000000286       0x31 Middlewares/ST/STM32_TouchSensing_Library/src/tsl_acq.o
 .ARM.attributes
                0x00000000000002b7       0x31 Middlewares/ST/STM32_TouchSensing_Library/src/tsl_acq_tsc.o
 .ARM.attributes
                0x00000000000002e8       0x31 Middlewares/ST/STM32_TouchSensing_Library/src/tsl_dxs.o
 .ARM.attributes
                0x0000000000000319       0x31 Middlewares/ST/STM32_TouchSensing_Library/src/tsl_ecs.o
 .ARM.attributes
                0x000000000000034a       0x31 Middlewares/ST/STM32_TouchSensing_Library/src/tsl_globals.o
 .ARM.attributes
                0x000000000000037b       0x31 Middlewares/ST/STM32_TouchSensing_Library/src/tsl_object.o
 .ARM.attributes
                0x00000000000003ac       0x31 Middlewares/ST/STM32_TouchSensing_Library/src/tsl_time.o
 .ARM.attributes
                0x00000000000003dd       0x31 Middlewares/ST/STM32_TouchSensing_Library/src/tsl_touchkey.o
 .ARM.attributes
                0x000000000000040e       0x31 TOUCHSENSING/App/stmCriticalSection.o
 .ARM.attributes
                0x000000000000043f       0x31 TOUCHSENSING/App/touchsensing.o
 .ARM.attributes
                0x0000000000000470       0x31 TOUCHSENSING/App/tsl_user.o
 .ARM.attributes
                0x00000000000004a1       0x2c c:/st/stm32cubeide_1.2.0/stm32cubeide/plugins/com.st.stm32cube.ide.mcu.externaltools.gnu-tools-for-stm32.7-2018-q2-update.win32_1.4.0.202007081208/tools/bin/../lib/gcc/arm-none-eabi/7.3.1/../../../../arm-none-eabi/lib/thumb/v6-m\libc_nano.a(lib_a-init.o)
 .ARM.attributes
                0x00000000000004cd       0x2c c:/st/stm32cubeide_1.2.0/stm32cubeide/plugins/com.st.stm32cube.ide.mcu.externaltools.gnu-tools-for-stm32.7-2018-q2-update.win32_1.4.0.202007081208/tools/bin/../lib/gcc/arm-none-eabi/7.3.1/../../../../arm-none-eabi/lib/thumb/v6-m\libc_nano.a(lib_a-memset.o)
 .ARM.attributes
                0x00000000000004f9       0x1e c:/st/stm32cubeide_1.2.0/stm32cubeide/plugins/com.st.stm32cube.ide.mcu.externaltools.gnu-tools-for-stm32.7-2018-q2-update.win32_1.4.0.202007081208/tools/bin/../lib/gcc/arm-none-eabi/7.3.1/thumb/v6-m\libgcc.a(_udivsi3.o)
 .ARM.attributes
                0x0000000000000517       0x1e c:/st/stm32cubeide_1.2.0/stm32cubeide/plugins/com.st.stm32cube.ide.mcu.externaltools.gnu-tools-for-stm32.7-2018-q2-update.win32_1.4.0.202007081208/tools/bin/../lib/gcc/arm-none-eabi/7.3.1/thumb/v6-m\libgcc.a(_dvmd_tls.o)
 .ARM.attributes
                0x0000000000000535       0x1e c:/st/stm32cubeide_1.2.0/stm32cubeide/plugins/com.st.stm32cube.ide.mcu.externaltools.gnu-tools-for-stm32.7-2018-q2-update.win32_1.4.0.202007081208/tools/bin/../lib/gcc/arm-none-eabi/7.3.1/thumb/v6-m/crtn.o
OUTPUT(SpaceCenter_NucleoTest.elf elf32-littlearm)

.debug_info     0x0000000000000000     0xd733
 .debug_info    0x0000000000000000     0x156a Core/Src/main.o
 .debug_info    0x000000000000156a      0xbd5 Core/Src/stm32f0xx_hal_msp.o
 .debug_info    0x000000000000213f      0x1a2 Core/Src/stm32f0xx_it.o
 .debug_info    0x00000000000022e1      0x29e Core/Src/system_stm32f0xx.o
 .debug_info    0x000000000000257f       0x22 Core/Startup/startup_stm32f042k6tx.o
 .debug_info    0x00000000000025a1      0x69d Drivers/STM32F0xx_HAL_Driver/Src/stm32f0xx_hal.o
 .debug_info    0x0000000000002c3e      0x76e Drivers/STM32F0xx_HAL_Driver/Src/stm32f0xx_hal_cortex.o
 .debug_info    0x00000000000033ac      0x67a Drivers/STM32F0xx_HAL_Driver/Src/stm32f0xx_hal_gpio.o
 .debug_info    0x0000000000003a26      0x82d Drivers/STM32F0xx_HAL_Driver/Src/stm32f0xx_hal_rcc.o
 .debug_info    0x0000000000004253      0x7eb Drivers/STM32F0xx_HAL_Driver/Src/stm32f0xx_hal_tsc.o
 .debug_info    0x0000000000004a3e     0x1577 Drivers/STM32F0xx_HAL_Driver/Src/stm32f0xx_hal_uart.o
 .debug_info    0x0000000000005fb5      0x948 Middlewares/ST/STM32_TouchSensing_Library/src/tsl.o
 .debug_info    0x00000000000068fd      0xba6 Middlewares/ST/STM32_TouchSensing_Library/src/tsl_acq.o
 .debug_info    0x00000000000074a3      0xca4 Middlewares/ST/STM32_TouchSensing_Library/src/tsl_acq_tsc.o
 .debug_info    0x0000000000008147      0x9a7 Middlewares/ST/STM32_TouchSensing_Library/src/tsl_dxs.o
 .debug_info    0x0000000000008aee      0xbe4 Middlewares/ST/STM32_TouchSensing_Library/src/tsl_ecs.o
 .debug_info    0x00000000000096d2      0x8f0 Middlewares/ST/STM32_TouchSensing_Library/src/tsl_globals.o
 .debug_info    0x0000000000009fc2      0xa3a Middlewares/ST/STM32_TouchSensing_Library/src/tsl_object.o
 .debug_info    0x000000000000a9fc      0xa42 Middlewares/ST/STM32_TouchSensing_Library/src/tsl_time.o
 .debug_info    0x000000000000b43e      0xbaa Middlewares/ST/STM32_TouchSensing_Library/src/tsl_touchkey.o
 .debug_info    0x000000000000bfe8       0xb5 TOUCHSENSING/App/stmCriticalSection.o
 .debug_info    0x000000000000c09d      0xa22 TOUCHSENSING/App/touchsensing.o
 .debug_info    0x000000000000cabf      0xc74 TOUCHSENSING/App/tsl_user.o

.debug_abbrev   0x0000000000000000     0x226f
 .debug_abbrev  0x0000000000000000      0x1f7 Core/Src/main.o
 .debug_abbrev  0x00000000000001f7      0x18c Core/Src/stm32f0xx_hal_msp.o
 .debug_abbrev  0x0000000000000383       0xc6 Core/Src/stm32f0xx_it.o
 .debug_abbrev  0x0000000000000449      0x12b Core/Src/system_stm32f0xx.o
 .debug_abbrev  0x0000000000000574       0x12 Core/Startup/startup_stm32f042k6tx.o
 .debug_abbrev  0x0000000000000586      0x1f2 Drivers/STM32F0xx_HAL_Driver/Src/stm32f0xx_hal.o
 .debug_abbrev  0x0000000000000778      0x273 Drivers/STM32F0xx_HAL_Driver/Src/stm32f0xx_hal_cortex.o
 .debug_abbrev  0x00000000000009eb      0x1c0 Drivers/STM32F0xx_HAL_Driver/Src/stm32f0xx_hal_gpio.o
 .debug_abbrev  0x0000000000000bab      0x20f Drivers/STM32F0xx_HAL_Driver/Src/stm32f0xx_hal_rcc.o
 .debug_abbrev  0x0000000000000dba      0x1d8 Drivers/STM32F0xx_HAL_Driver/Src/stm32f0xx_hal_tsc.o
 .debug_abbrev  0x0000000000000f92      0x205 Drivers/STM32F0xx_HAL_Driver/Src/stm32f0xx_hal_uart.o
 .debug_abbrev  0x0000000000001197      0x125 Middlewares/ST/STM32_TouchSensing_Library/src/tsl.o
 .debug_abbrev  0x00000000000012bc      0x19a Middlewares/ST/STM32_TouchSensing_Library/src/tsl_acq.o
 .debug_abbrev  0x0000000000001456      0x22a Middlewares/ST/STM32_TouchSensing_Library/src/tsl_acq_tsc.o
 .debug_abbrev  0x0000000000001680      0x116 Middlewares/ST/STM32_TouchSensing_Library/src/tsl_dxs.o
 .debug_abbrev  0x0000000000001796      0x1c1 Middlewares/ST/STM32_TouchSensing_Library/src/tsl_ecs.o
 .debug_abbrev  0x0000000000001957       0xf6 Middlewares/ST/STM32_TouchSensing_Library/src/tsl_globals.o
 .debug_abbrev  0x0000000000001a4d      0x157 Middlewares/ST/STM32_TouchSensing_Library/src/tsl_object.o
 .debug_abbrev  0x0000000000001ba4      0x177 Middlewares/ST/STM32_TouchSensing_Library/src/tsl_time.o
 .debug_abbrev  0x0000000000001d1b      0x250 Middlewares/ST/STM32_TouchSensing_Library/src/tsl_touchkey.o
 .debug_abbrev  0x0000000000001f6b       0x8f TOUCHSENSING/App/stmCriticalSection.o
 .debug_abbrev  0x0000000000001ffa      0x10a TOUCHSENSING/App/touchsensing.o
 .debug_abbrev  0x0000000000002104      0x16b TOUCHSENSING/App/tsl_user.o

.debug_aranges  0x0000000000000000      0x920
 .debug_aranges
                0x0000000000000000       0x48 Core/Src/main.o
 .debug_aranges
                0x0000000000000048       0x40 Core/Src/stm32f0xx_hal_msp.o
 .debug_aranges
                0x0000000000000088       0x40 Core/Src/stm32f0xx_it.o
 .debug_aranges
                0x00000000000000c8       0x28 Core/Src/system_stm32f0xx.o
 .debug_aranges
                0x00000000000000f0       0x28 Core/Startup/startup_stm32f042k6tx.o
 .debug_aranges
                0x0000000000000118       0xd0 Drivers/STM32F0xx_HAL_Driver/Src/stm32f0xx_hal.o
 .debug_aranges
                0x00000000000001e8       0xc0 Drivers/STM32F0xx_HAL_Driver/Src/stm32f0xx_hal_cortex.o
 .debug_aranges
                0x00000000000002a8       0x58 Drivers/STM32F0xx_HAL_Driver/Src/stm32f0xx_hal_gpio.o
 .debug_aranges
                0x0000000000000300       0x80 Drivers/STM32F0xx_HAL_Driver/Src/stm32f0xx_hal_rcc.o
 .debug_aranges
                0x0000000000000380       0xa8 Drivers/STM32F0xx_HAL_Driver/Src/stm32f0xx_hal_tsc.o
 .debug_aranges
                0x0000000000000428      0x210 Drivers/STM32F0xx_HAL_Driver/Src/stm32f0xx_hal_uart.o
 .debug_aranges
                0x0000000000000638       0x20 Middlewares/ST/STM32_TouchSensing_Library/src/tsl.o
 .debug_aranges
                0x0000000000000658       0x30 Middlewares/ST/STM32_TouchSensing_Library/src/tsl_acq.o
 .debug_aranges
                0x0000000000000688       0x78 Middlewares/ST/STM32_TouchSensing_Library/src/tsl_acq_tsc.o
 .debug_aranges
                0x0000000000000700       0x20 Middlewares/ST/STM32_TouchSensing_Library/src/tsl_dxs.o
 .debug_aranges
                0x0000000000000720       0x30 Middlewares/ST/STM32_TouchSensing_Library/src/tsl_ecs.o
 .debug_aranges
                0x0000000000000750       0x18 Middlewares/ST/STM32_TouchSensing_Library/src/tsl_globals.o
 .debug_aranges
                0x0000000000000768       0x30 Middlewares/ST/STM32_TouchSensing_Library/src/tsl_object.o
 .debug_aranges
                0x0000000000000798       0x30 Middlewares/ST/STM32_TouchSensing_Library/src/tsl_time.o
 .debug_aranges
                0x00000000000007c8       0xd0 Middlewares/ST/STM32_TouchSensing_Library/src/tsl_touchkey.o
 .debug_aranges
                0x0000000000000898       0x28 TOUCHSENSING/App/stmCriticalSection.o
 .debug_aranges
                0x00000000000008c0       0x20 TOUCHSENSING/App/touchsensing.o
 .debug_aranges
                0x00000000000008e0       0x40 TOUCHSENSING/App/tsl_user.o

.debug_ranges   0x0000000000000000      0x7b0
 .debug_ranges  0x0000000000000000       0x38 Core/Src/main.o
 .debug_ranges  0x0000000000000038       0x30 Core/Src/stm32f0xx_hal_msp.o
 .debug_ranges  0x0000000000000068       0x30 Core/Src/stm32f0xx_it.o
 .debug_ranges  0x0000000000000098       0x18 Core/Src/system_stm32f0xx.o
 .debug_ranges  0x00000000000000b0       0x20 Core/Startup/startup_stm32f042k6tx.o
 .debug_ranges  0x00000000000000d0       0xc0 Drivers/STM32F0xx_HAL_Driver/Src/stm32f0xx_hal.o
 .debug_ranges  0x0000000000000190       0xb0 Drivers/STM32F0xx_HAL_Driver/Src/stm32f0xx_hal_cortex.o
 .debug_ranges  0x0000000000000240       0x48 Drivers/STM32F0xx_HAL_Driver/Src/stm32f0xx_hal_gpio.o
 .debug_ranges  0x0000000000000288       0x70 Drivers/STM32F0xx_HAL_Driver/Src/stm32f0xx_hal_rcc.o
 .debug_ranges  0x00000000000002f8       0x98 Drivers/STM32F0xx_HAL_Driver/Src/stm32f0xx_hal_tsc.o
 .debug_ranges  0x0000000000000390      0x200 Drivers/STM32F0xx_HAL_Driver/Src/stm32f0xx_hal_uart.o
 .debug_ranges  0x0000000000000590       0x10 Middlewares/ST/STM32_TouchSensing_Library/src/tsl.o
 .debug_ranges  0x00000000000005a0       0x20 Middlewares/ST/STM32_TouchSensing_Library/src/tsl_acq.o
 .debug_ranges  0x00000000000005c0       0x68 Middlewares/ST/STM32_TouchSensing_Library/src/tsl_acq_tsc.o
 .debug_ranges  0x0000000000000628       0x10 Middlewares/ST/STM32_TouchSensing_Library/src/tsl_dxs.o
 .debug_ranges  0x0000000000000638       0x20 Middlewares/ST/STM32_TouchSensing_Library/src/tsl_ecs.o
 .debug_ranges  0x0000000000000658       0x20 Middlewares/ST/STM32_TouchSensing_Library/src/tsl_object.o
 .debug_ranges  0x0000000000000678       0x20 Middlewares/ST/STM32_TouchSensing_Library/src/tsl_time.o
 .debug_ranges  0x0000000000000698       0xc0 Middlewares/ST/STM32_TouchSensing_Library/src/tsl_touchkey.o
 .debug_ranges  0x0000000000000758       0x18 TOUCHSENSING/App/stmCriticalSection.o
 .debug_ranges  0x0000000000000770       0x10 TOUCHSENSING/App/touchsensing.o
 .debug_ranges  0x0000000000000780       0x30 TOUCHSENSING/App/tsl_user.o

.debug_macro    0x0000000000000000    0x160f8
 .debug_macro   0x0000000000000000      0x281 Core/Src/main.o
 .debug_macro   0x0000000000000281      0xa48 Core/Src/main.o
 .debug_macro   0x0000000000000cc9      0x133 Core/Src/main.o
 .debug_macro   0x0000000000000dfc       0x2e Core/Src/main.o
 .debug_macro   0x0000000000000e2a       0x22 Core/Src/main.o
 .debug_macro   0x0000000000000e4c       0x22 Core/Src/main.o
 .debug_macro   0x0000000000000e6e       0x8e Core/Src/main.o
 .debug_macro   0x0000000000000efc       0x51 Core/Src/main.o
 .debug_macro   0x0000000000000f4d       0xef Core/Src/main.o
 .debug_macro   0x000000000000103c       0x6a Core/Src/main.o
 .debug_macro   0x00000000000010a6      0x1df Core/Src/main.o
 .debug_macro   0x0000000000001285       0x1c Core/Src/main.o
 .debug_macro   0x00000000000012a1       0x22 Core/Src/main.o
 .debug_macro   0x00000000000012c3       0xb5 Core/Src/main.o
 .debug_macro   0x0000000000001378      0x391 Core/Src/main.o
 .debug_macro   0x0000000000001709     0xf1e6 Core/Src/main.o
 .debug_macro   0x00000000000108ef       0x3c Core/Src/main.o
 .debug_macro   0x000000000001092b      0x174 Core/Src/main.o
 .debug_macro   0x0000000000010a9f       0x53 Core/Src/main.o
 .debug_macro   0x0000000000010af2      0x946 Core/Src/main.o
 .debug_macro   0x0000000000011438      0x46b Core/Src/main.o
 .debug_macro   0x00000000000118a3      0x12f Core/Src/main.o
 .debug_macro   0x00000000000119d2      0x130 Core/Src/main.o
 .debug_macro   0x0000000000011b02      0x199 Core/Src/main.o
 .debug_macro   0x0000000000011c9b      0x1ed Core/Src/main.o
 .debug_macro   0x0000000000011e88       0x34 Core/Src/main.o
 .debug_macro   0x0000000000011ebc       0x43 Core/Src/main.o
 .debug_macro   0x0000000000011eff       0x28 Core/Src/main.o
 .debug_macro   0x0000000000011f27       0xb0 Core/Src/main.o
 .debug_macro   0x0000000000011fd7      0x182 Core/Src/main.o
 .debug_macro   0x0000000000012159      0x22c Core/Src/main.o
 .debug_macro   0x0000000000012385       0x5f Core/Src/main.o
 .debug_macro   0x00000000000123e4       0xa5 Core/Src/main.o
 .debug_macro   0x0000000000012489       0x4c Core/Src/main.o
 .debug_macro   0x00000000000124d5      0x15b Core/Src/main.o
 .debug_macro   0x0000000000012630      0x3d0 Core/Src/main.o
 .debug_macro   0x0000000000012a00      0x589 Core/Src/main.o
 .debug_macro   0x0000000000012f89       0x44 Core/Src/main.o
 .debug_macro   0x0000000000012fcd      0x12e Core/Src/main.o
 .debug_macro   0x00000000000130fb       0x64 Core/Src/main.o
 .debug_macro   0x000000000001315f      0x19b Core/Src/main.o
 .debug_macro   0x00000000000132fa       0x4c Core/Src/main.o
 .debug_macro   0x0000000000013346       0x16 Core/Src/main.o
 .debug_macro   0x000000000001335c       0x1c Core/Src/main.o
 .debug_macro   0x0000000000013378       0xd5 Core/Src/main.o
 .debug_macro   0x000000000001344d       0x1c Core/Src/main.o
 .debug_macro   0x0000000000013469       0x40 Core/Src/main.o
 .debug_macro   0x00000000000134a9      0x1bd Core/Src/stm32f0xx_hal_msp.o
 .debug_macro   0x0000000000013666      0x20a Core/Src/stm32f0xx_it.o
 .debug_macro   0x0000000000013870      0x1ae Core/Src/system_stm32f0xx.o
 .debug_macro   0x0000000000013a1e      0x1d2 Drivers/STM32F0xx_HAL_Driver/Src/stm32f0xx_hal.o
 .debug_macro   0x0000000000013bf0      0x1ae Drivers/STM32F0xx_HAL_Driver/Src/stm32f0xx_hal_cortex.o
 .debug_macro   0x0000000000013d9e      0x1e6 Drivers/STM32F0xx_HAL_Driver/Src/stm32f0xx_hal_gpio.o
 .debug_macro   0x0000000000013f84      0x1c0 Drivers/STM32F0xx_HAL_Driver/Src/stm32f0xx_hal_rcc.o
 .debug_macro   0x0000000000014144      0x1af Drivers/STM32F0xx_HAL_Driver/Src/stm32f0xx_hal_tsc.o
 .debug_macro   0x00000000000142f3      0x1cb Drivers/STM32F0xx_HAL_Driver/Src/stm32f0xx_hal_uart.o
 .debug_macro   0x00000000000144be      0x25e Middlewares/ST/STM32_TouchSensing_Library/src/tsl.o
 .debug_macro   0x000000000001471c      0x195 Middlewares/ST/STM32_TouchSensing_Library/src/tsl.o
 .debug_macro   0x00000000000148b1      0x240 Middlewares/ST/STM32_TouchSensing_Library/src/tsl_acq.o
 .debug_macro   0x0000000000014af1       0x16 Middlewares/ST/STM32_TouchSensing_Library/src/tsl_acq.o
 .debug_macro   0x0000000000014b07      0x23c Middlewares/ST/STM32_TouchSensing_Library/src/tsl_acq_tsc.o
 .debug_macro   0x0000000000014d43      0x27c Middlewares/ST/STM32_TouchSensing_Library/src/tsl_dxs.o
 .debug_macro   0x0000000000014fbf      0x270 Middlewares/ST/STM32_TouchSensing_Library/src/tsl_ecs.o
 .debug_macro   0x000000000001522f      0x23c Middlewares/ST/STM32_TouchSensing_Library/src/tsl_globals.o
 .debug_macro   0x000000000001546b      0x240 Middlewares/ST/STM32_TouchSensing_Library/src/tsl_object.o
 .debug_macro   0x00000000000156ab      0x240 Middlewares/ST/STM32_TouchSensing_Library/src/tsl_time.o
 .debug_macro   0x00000000000158eb      0x2e2 Middlewares/ST/STM32_TouchSensing_Library/src/tsl_touchkey.o
 .debug_macro   0x0000000000015bcd       0x27 TOUCHSENSING/App/stmCriticalSection.o
 .debug_macro   0x0000000000015bf4      0x287 TOUCHSENSING/App/touchsensing.o
 .debug_macro   0x0000000000015e7b      0x27d TOUCHSENSING/App/tsl_user.o

.debug_line     0x0000000000000000     0xb665
 .debug_line    0x0000000000000000      0x87b Core/Src/main.o
 .debug_line    0x000000000000087b      0x6e6 Core/Src/stm32f0xx_hal_msp.o
 .debug_line    0x0000000000000f61      0x788 Core/Src/stm32f0xx_it.o
 .debug_line    0x00000000000016e9      0x6a5 Core/Src/system_stm32f0xx.o
 .debug_line    0x0000000000001d8e       0x9b Core/Startup/startup_stm32f042k6tx.o
 .debug_line    0x0000000000001e29      0x838 Drivers/STM32F0xx_HAL_Driver/Src/stm32f0xx_hal.o
 .debug_line    0x0000000000002661      0x850 Drivers/STM32F0xx_HAL_Driver/Src/stm32f0xx_hal_cortex.o
 .debug_line    0x0000000000002eb1      0x7ea Drivers/STM32F0xx_HAL_Driver/Src/stm32f0xx_hal_gpio.o
 .debug_line    0x000000000000369b      0x925 Drivers/STM32F0xx_HAL_Driver/Src/stm32f0xx_hal_rcc.o
 .debug_line    0x0000000000003fc0      0x90f Drivers/STM32F0xx_HAL_Driver/Src/stm32f0xx_hal_tsc.o
 .debug_line    0x00000000000048cf     0x1161 Drivers/STM32F0xx_HAL_Driver/Src/stm32f0xx_hal_uart.o
 .debug_line    0x0000000000005a30      0x7cf Middlewares/ST/STM32_TouchSensing_Library/src/tsl.o
 .debug_line    0x00000000000061ff      0x89e Middlewares/ST/STM32_TouchSensing_Library/src/tsl_acq.o
 .debug_line    0x0000000000006a9d      0x8ad Middlewares/ST/STM32_TouchSensing_Library/src/tsl_acq_tsc.o
 .debug_line    0x000000000000734a      0x7ab Middlewares/ST/STM32_TouchSensing_Library/src/tsl_dxs.o
 .debug_line    0x0000000000007af5      0x8aa Middlewares/ST/STM32_TouchSensing_Library/src/tsl_ecs.o
 .debug_line    0x000000000000839f      0x78f Middlewares/ST/STM32_TouchSensing_Library/src/tsl_globals.o
 .debug_line    0x0000000000008b2e      0x81b Middlewares/ST/STM32_TouchSensing_Library/src/tsl_object.o
 .debug_line    0x0000000000009349      0x7e3 Middlewares/ST/STM32_TouchSensing_Library/src/tsl_time.o
 .debug_line    0x0000000000009b2c      0xaa6 Middlewares/ST/STM32_TouchSensing_Library/src/tsl_touchkey.o
 .debug_line    0x000000000000a5d2       0x93 TOUCHSENSING/App/stmCriticalSection.o
 .debug_line    0x000000000000a665      0x7db TOUCHSENSING/App/touchsensing.o
 .debug_line    0x000000000000ae40      0x825 TOUCHSENSING/App/tsl_user.o

.debug_str      0x0000000000000000    0x727dd
 .debug_str     0x0000000000000000    0x6fca7 Core/Src/main.o
                                      0x70005 (size before relaxing)
 .debug_str     0x000000000006fca7       0x78 Core/Src/stm32f0xx_hal_msp.o
                                      0x6e3d1 (size before relaxing)
 .debug_str     0x000000000006fd1f       0x76 Core/Src/stm32f0xx_it.o
                                      0x6e64c (size before relaxing)
 .debug_str     0x000000000006fd95       0x5f Core/Src/system_stm32f0xx.o
                                      0x6dc1a (size before relaxing)
 .debug_str     0x000000000006fdf4       0x36 Core/Startup/startup_stm32f042k6tx.o
                                         0x6e (size before relaxing)
 .debug_str     0x000000000006fe2a      0x4cc Drivers/STM32F0xx_HAL_Driver/Src/stm32f0xx_hal.o
                                      0x6e144 (size before relaxing)
 .debug_str     0x00000000000702f6      0x1f8 Drivers/STM32F0xx_HAL_Driver/Src/stm32f0xx_hal_cortex.o
                                      0x6dff8 (size before relaxing)
 .debug_str     0x00000000000704ee      0x20e Drivers/STM32F0xx_HAL_Driver/Src/stm32f0xx_hal_gpio.o
                                      0x6deb6 (size before relaxing)
 .debug_str     0x00000000000706fc      0x254 Drivers/STM32F0xx_HAL_Driver/Src/stm32f0xx_hal_rcc.o
                                      0x6e02f (size before relaxing)
 .debug_str     0x0000000000070950      0x254 Drivers/STM32F0xx_HAL_Driver/Src/stm32f0xx_hal_tsc.o
                                      0x6e066 (size before relaxing)
 .debug_str     0x0000000000070ba4      0x7f9 Drivers/STM32F0xx_HAL_Driver/Src/stm32f0xx_hal_uart.o
                                      0x6e82f (size before relaxing)
 .debug_str     0x000000000007139d       0x88 Middlewares/ST/STM32_TouchSensing_Library/src/tsl.o
                                      0x6f636 (size before relaxing)
 .debug_str     0x0000000000071425      0x1ef Middlewares/ST/STM32_TouchSensing_Library/src/tsl_acq.o
                                      0x6f7b2 (size before relaxing)
 .debug_str     0x0000000000071614      0x17a Middlewares/ST/STM32_TouchSensing_Library/src/tsl_acq_tsc.o
                                      0x6f867 (size before relaxing)
 .debug_str     0x000000000007178e      0x21e Middlewares/ST/STM32_TouchSensing_Library/src/tsl_dxs.o
                                      0x6f823 (size before relaxing)
 .debug_str     0x00000000000719ac      0x1e6 Middlewares/ST/STM32_TouchSensing_Library/src/tsl_ecs.o
                                      0x6f917 (size before relaxing)
 .debug_str     0x0000000000071b92       0x3f Middlewares/ST/STM32_TouchSensing_Library/src/tsl_globals.o
                                      0x6f5b5 (size before relaxing)
 .debug_str     0x0000000000071bd1       0x8c Middlewares/ST/STM32_TouchSensing_Library/src/tsl_object.o
                                      0x6f698 (size before relaxing)
 .debug_str     0x0000000000071c5d       0xa6 Middlewares/ST/STM32_TouchSensing_Library/src/tsl_time.o
                                      0x6f67f (size before relaxing)
 .debug_str     0x0000000000071d03      0x896 Middlewares/ST/STM32_TouchSensing_Library/src/tsl_touchkey.o
                                      0x6fecb (size before relaxing)
 .debug_str     0x0000000000072599       0x82 TOUCHSENSING/App/stmCriticalSection.o
                                       0x2ce5 (size before relaxing)
 .debug_str     0x000000000007261b       0x38 TOUCHSENSING/App/touchsensing.o
                                      0x6f808 (size before relaxing)
 .debug_str     0x0000000000072653      0x18a TOUCHSENSING/App/tsl_user.o
                                      0x6fa07 (size before relaxing)

.comment        0x0000000000000000       0x7b
 .comment       0x0000000000000000       0x7b Core/Src/main.o
                                         0x7c (size before relaxing)
 .comment       0x000000000000007b       0x7c Core/Src/stm32f0xx_hal_msp.o
 .comment       0x000000000000007b       0x7c Core/Src/stm32f0xx_it.o
 .comment       0x000000000000007b       0x7c Core/Src/system_stm32f0xx.o
 .comment       0x000000000000007b       0x7c Drivers/STM32F0xx_HAL_Driver/Src/stm32f0xx_hal.o
 .comment       0x000000000000007b       0x7c Drivers/STM32F0xx_HAL_Driver/Src/stm32f0xx_hal_cortex.o
 .comment       0x000000000000007b       0x7c Drivers/STM32F0xx_HAL_Driver/Src/stm32f0xx_hal_gpio.o
 .comment       0x000000000000007b       0x7c Drivers/STM32F0xx_HAL_Driver/Src/stm32f0xx_hal_rcc.o
 .comment       0x000000000000007b       0x7c Drivers/STM32F0xx_HAL_Driver/Src/stm32f0xx_hal_tsc.o
 .comment       0x000000000000007b       0x7c Drivers/STM32F0xx_HAL_Driver/Src/stm32f0xx_hal_uart.o
 .comment       0x000000000000007b       0x7c Middlewares/ST/STM32_TouchSensing_Library/src/tsl.o
 .comment       0x000000000000007b       0x7c Middlewares/ST/STM32_TouchSensing_Library/src/tsl_acq.o
 .comment       0x000000000000007b       0x7c Middlewares/ST/STM32_TouchSensing_Library/src/tsl_acq_tsc.o
 .comment       0x000000000000007b       0x7c Middlewares/ST/STM32_TouchSensing_Library/src/tsl_dxs.o
 .comment       0x000000000000007b       0x7c Middlewares/ST/STM32_TouchSensing_Library/src/tsl_ecs.o
 .comment       0x000000000000007b       0x7c Middlewares/ST/STM32_TouchSensing_Library/src/tsl_globals.o
 .comment       0x000000000000007b       0x7c Middlewares/ST/STM32_TouchSensing_Library/src/tsl_object.o
 .comment       0x000000000000007b       0x7c Middlewares/ST/STM32_TouchSensing_Library/src/tsl_time.o
 .comment       0x000000000000007b       0x7c Middlewares/ST/STM32_TouchSensing_Library/src/tsl_touchkey.o
 .comment       0x000000000000007b       0x7c TOUCHSENSING/App/stmCriticalSection.o
 .comment       0x000000000000007b       0x7c TOUCHSENSING/App/touchsensing.o
 .comment       0x000000000000007b       0x7c TOUCHSENSING/App/tsl_user.o

.debug_frame    0x0000000000000000     0x1c58
 .debug_frame   0x0000000000000000       0xc0 Core/Src/main.o
 .debug_frame   0x00000000000000c0       0xb0 Core/Src/stm32f0xx_hal_msp.o
 .debug_frame   0x0000000000000170       0x9c Core/Src/stm32f0xx_it.o
 .debug_frame   0x000000000000020c       0x4c Core/Src/system_stm32f0xx.o
 .debug_frame   0x0000000000000258      0x2a4 Drivers/STM32F0xx_HAL_Driver/Src/stm32f0xx_hal.o
 .debug_frame   0x00000000000004fc      0x2a0 Drivers/STM32F0xx_HAL_Driver/Src/stm32f0xx_hal_cortex.o
 .debug_frame   0x000000000000079c      0x110 Drivers/STM32F0xx_HAL_Driver/Src/stm32f0xx_hal_gpio.o
 .debug_frame   0x00000000000008ac      0x198 Drivers/STM32F0xx_HAL_Driver/Src/stm32f0xx_hal_rcc.o
 .debug_frame   0x0000000000000a44      0x250 Drivers/STM32F0xx_HAL_Driver/Src/stm32f0xx_hal_tsc.o
 .debug_frame   0x0000000000000c94      0x7f0 Drivers/STM32F0xx_HAL_Driver/Src/stm32f0xx_hal_uart.o
 .debug_frame   0x0000000000001484       0x30 Middlewares/ST/STM32_TouchSensing_Library/src/tsl.o
 .debug_frame   0x00000000000014b4       0x78 Middlewares/ST/STM32_TouchSensing_Library/src/tsl_acq.o
 .debug_frame   0x000000000000152c      0x184 Middlewares/ST/STM32_TouchSensing_Library/src/tsl_acq_tsc.o
 .debug_frame   0x00000000000016b0       0x30 Middlewares/ST/STM32_TouchSensing_Library/src/tsl_dxs.o
 .debug_frame   0x00000000000016e0       0x74 Middlewares/ST/STM32_TouchSensing_Library/src/tsl_ecs.o
 .debug_frame   0x0000000000001754       0x70 Middlewares/ST/STM32_TouchSensing_Library/src/tsl_object.o
 .debug_frame   0x00000000000017c4       0x6c Middlewares/ST/STM32_TouchSensing_Library/src/tsl_time.o
 .debug_frame   0x0000000000001830      0x2a8 Middlewares/ST/STM32_TouchSensing_Library/src/tsl_touchkey.o
 .debug_frame   0x0000000000001ad8       0x48 TOUCHSENSING/App/stmCriticalSection.o
 .debug_frame   0x0000000000001b20       0x2c TOUCHSENSING/App/touchsensing.o
 .debug_frame   0x0000000000001b4c       0xa0 TOUCHSENSING/App/tsl_user.o
 .debug_frame   0x0000000000001bec       0x2c c:/st/stm32cubeide_1.2.0/stm32cubeide/plugins/com.st.stm32cube.ide.mcu.externaltools.gnu-tools-for-stm32.7-2018-q2-update.win32_1.4.0.202007081208/tools/bin/../lib/gcc/arm-none-eabi/7.3.1/../../../../arm-none-eabi/lib/thumb/v6-m\libc_nano.a(lib_a-init.o)
 .debug_frame   0x0000000000001c18       0x20 c:/st/stm32cubeide_1.2.0/stm32cubeide/plugins/com.st.stm32cube.ide.mcu.externaltools.gnu-tools-for-stm32.7-2018-q2-update.win32_1.4.0.202007081208/tools/bin/../lib/gcc/arm-none-eabi/7.3.1/../../../../arm-none-eabi/lib/thumb/v6-m\libc_nano.a(lib_a-memset.o)
 .debug_frame   0x0000000000001c38       0x20 c:/st/stm32cubeide_1.2.0/stm32cubeide/plugins/com.st.stm32cube.ide.mcu.externaltools.gnu-tools-for-stm32.7-2018-q2-update.win32_1.4.0.202007081208/tools/bin/../lib/gcc/arm-none-eabi/7.3.1/thumb/v6-m\libgcc.a(_udivsi3.o)
